Archive member included to satisfy reference by file (symbol)

/usr/lib/gcc/arm-none-eabi/9.2.1/thumb/v6-m/nofp/libgcc.a(_dvmd_tls.o)
                              CMakeFiles/rgb_remote.dir/home/aleksandar/pico/pico-sdk/src/rp2_common/pico_divider/divider.S.obj (__aeabi_idiv0)
/usr/lib/gcc/arm-none-eabi/9.2.1/../../../arm-none-eabi/lib/thumb/v6-m/nofp/libg.a(lib_a-atexit.o)
                              /usr/lib/gcc/arm-none-eabi/9.2.1/../../../arm-none-eabi/lib/thumb/v6-m/nofp/crt0.o (atexit)
/usr/lib/gcc/arm-none-eabi/9.2.1/../../../arm-none-eabi/lib/thumb/v6-m/nofp/libg.a(lib_a-calloc.o)
                              CMakeFiles/rgb_remote.dir/home/aleksandar/pico/pico-sdk/src/rp2_common/pico_malloc/pico_malloc.c.obj (calloc)
/usr/lib/gcc/arm-none-eabi/9.2.1/../../../arm-none-eabi/lib/thumb/v6-m/nofp/libg.a(lib_a-callocr.o)
                              /usr/lib/gcc/arm-none-eabi/9.2.1/../../../arm-none-eabi/lib/thumb/v6-m/nofp/libg.a(lib_a-calloc.o) (_calloc_r)
/usr/lib/gcc/arm-none-eabi/9.2.1/../../../arm-none-eabi/lib/thumb/v6-m/nofp/libg.a(lib_a-ctype_.o)
                              CMakeFiles/rgb_remote.dir/home/aleksandar/pico/pico-sdk/lib/tinyusb/src/tusb.c.obj (_ctype_)
/usr/lib/gcc/arm-none-eabi/9.2.1/../../../arm-none-eabi/lib/thumb/v6-m/nofp/libg.a(lib_a-fini.o)
                              /usr/lib/gcc/arm-none-eabi/9.2.1/../../../arm-none-eabi/lib/thumb/v6-m/nofp/crt0.o (__libc_fini_array)
/usr/lib/gcc/arm-none-eabi/9.2.1/../../../arm-none-eabi/lib/thumb/v6-m/nofp/libg.a(lib_a-impure.o)
                              /usr/lib/gcc/arm-none-eabi/9.2.1/../../../arm-none-eabi/lib/thumb/v6-m/nofp/libg.a(lib_a-calloc.o) (_impure_ptr)
/usr/lib/gcc/arm-none-eabi/9.2.1/../../../arm-none-eabi/lib/thumb/v6-m/nofp/libg.a(lib_a-init.o)
                              /usr/lib/gcc/arm-none-eabi/9.2.1/../../../arm-none-eabi/lib/thumb/v6-m/nofp/crt0.o (__libc_init_array)
/usr/lib/gcc/arm-none-eabi/9.2.1/../../../arm-none-eabi/lib/thumb/v6-m/nofp/libg.a(lib_a-malloc.o)
                              CMakeFiles/rgb_remote.dir/home/aleksandar/pico/pico-sdk/src/rp2_common/pico_malloc/pico_malloc.c.obj (malloc)
/usr/lib/gcc/arm-none-eabi/9.2.1/../../../arm-none-eabi/lib/thumb/v6-m/nofp/libg.a(lib_a-mallocr.o)
                              /usr/lib/gcc/arm-none-eabi/9.2.1/../../../arm-none-eabi/lib/thumb/v6-m/nofp/libg.a(lib_a-callocr.o) (_malloc_r)
/usr/lib/gcc/arm-none-eabi/9.2.1/../../../arm-none-eabi/lib/thumb/v6-m/nofp/libg.a(lib_a-mlock.o)
                              /usr/lib/gcc/arm-none-eabi/9.2.1/../../../arm-none-eabi/lib/thumb/v6-m/nofp/libg.a(lib_a-mallocr.o) (__malloc_lock)
/usr/lib/gcc/arm-none-eabi/9.2.1/../../../arm-none-eabi/lib/thumb/v6-m/nofp/libg.a(lib_a-sbrkr.o)
                              /usr/lib/gcc/arm-none-eabi/9.2.1/../../../arm-none-eabi/lib/thumb/v6-m/nofp/libg.a(lib_a-mallocr.o) (_sbrk_r)
/usr/lib/gcc/arm-none-eabi/9.2.1/../../../arm-none-eabi/lib/thumb/v6-m/nofp/libg.a(lib_a-strlen-stub.o)
                              CMakeFiles/rgb_remote.dir/home/aleksandar/pico/pico-sdk/src/rp2_common/pico_stdio/stdio.c.obj (strlen)
/usr/lib/gcc/arm-none-eabi/9.2.1/../../../arm-none-eabi/lib/thumb/v6-m/nofp/libg.a(lib_a-strtol.o)
                              CMakeFiles/rgb_remote.dir/rgb_remote.c.obj (strtol)
/usr/lib/gcc/arm-none-eabi/9.2.1/../../../arm-none-eabi/lib/thumb/v6-m/nofp/libg.a(lib_a-__atexit.o)
                              /usr/lib/gcc/arm-none-eabi/9.2.1/../../../arm-none-eabi/lib/thumb/v6-m/nofp/libg.a(lib_a-atexit.o) (__register_exitproc)
/usr/lib/gcc/arm-none-eabi/9.2.1/../../../arm-none-eabi/lib/thumb/v6-m/nofp/libg.a(lib_a-errno.o)
                              /usr/lib/gcc/arm-none-eabi/9.2.1/../../../arm-none-eabi/lib/thumb/v6-m/nofp/libg.a(lib_a-strtol.o) (__errno)
/usr/lib/gcc/arm-none-eabi/9.2.1/../../../arm-none-eabi/lib/thumb/v6-m/nofp/libg.a(lib_a-freer.o)
                              /usr/lib/gcc/arm-none-eabi/9.2.1/../../../arm-none-eabi/lib/thumb/v6-m/nofp/libg.a(lib_a-malloc.o) (_free_r)
/usr/lib/gcc/arm-none-eabi/9.2.1/../../../arm-none-eabi/lib/thumb/v6-m/nofp/libg.a(lib_a-reent.o)
                              /usr/lib/gcc/arm-none-eabi/9.2.1/../../../arm-none-eabi/lib/thumb/v6-m/nofp/libg.a(lib_a-sbrkr.o) (errno)

Allocating common symbols
Common symbol       size              file

sf_table            0x100             CMakeFiles/rgb_remote.dir/home/aleksandar/pico/pico-sdk/src/rp2_common/pico_float/float_init_rom.c.obj
errno               0x4               /usr/lib/gcc/arm-none-eabi/9.2.1/../../../arm-none-eabi/lib/thumb/v6-m/nofp/libg.a(lib_a-reent.o)
_usbd_qdef_buf      0xc0              CMakeFiles/rgb_remote.dir/home/aleksandar/pico/pico-sdk/lib/tinyusb/src/device/usbd.c.obj
sf_clz_func         0x4               CMakeFiles/rgb_remote.dir/home/aleksandar/pico/pico-sdk/src/rp2_common/pico_float/float_init_rom.c.obj
[...]
Memory Configuration

Name             Origin             Length             Attributes
FLASH            0x0000000010000000 0x0000000000200000 xr
RAM              0x0000000020000000 0x0000000000040000 xrw
SCRATCH_X        0x0000000020040000 0x0000000000001000 xrw
SCRATCH_Y        0x0000000020041000 0x0000000000001000 xrw
*default*        0x0000000000000000 0xffffffffffffffff

Linker script and memory map

LOAD /usr/lib/gcc/arm-none-eabi/9.2.1/thumb/v6-m/nofp/crti.o
LOAD /usr/lib/gcc/arm-none-eabi/9.2.1/thumb/v6-m/nofp/crtbegin.o
LOAD /usr/lib/gcc/arm-none-eabi/9.2.1/../../../arm-none-eabi/lib/thumb/v6-m/nofp/crt0.o

.flash_begin    0x0000000010000000        0x0
                0x0000000010000000                __flash_binary_start = .

.boot2          0x0000000010000000      0x100
                0x0000000010000000                __boot2_start__ = .
 *(.boot2)
 .boot2         0x0000000010000000      0x100 /tmp/ccBJSZRI.o
                0x0000000010000100                __boot2_end__ = .
                0x0000000000000001                ASSERT (((__boot2_end__ - __boot2_start__) == 0x100), ERROR: Pico second stage bootloader must be 256 bytes in size)

.text           0x0000000010000100     0x7dc8
                0x0000000010000100                __logical_binary_start = .
 *(.vectors)
 .vectors       0x0000000010000100       0xd4 CMakeFiles/rgb_remote.dir/home/aleksandar/pico/pico-sdk/src/rp2_common/pico_standard_link/crt0.S.obj
                0x0000000010000100                __vectors
                0x00000000100001c0                isr_invalid
                0x00000000100001c2                isr_nmi
                0x00000000100001c4                isr_hardfault
                0x00000000100001c6                isr_svcall
                0x00000000100001c8                isr_pendsv
                0x00000000100001ca                isr_systick
                0x00000000100001cc                isr_irq30
                0x00000000100001cc                __unhandled_user_irq
                0x00000000100001cc                isr_irq13
                0x00000000100001cc                isr_irq27
                0x00000000100001cc                isr_irq31
                0x00000000100001cc                isr_irq5
                0x00000000100001cc                isr_irq11
                0x00000000100001cc                isr_irq23
                0x00000000100001cc                isr_irq18
                0x00000000100001cc                isr_irq28
                0x00000000100001cc                isr_irq19
                0x00000000100001cc                isr_irq0
                0x00000000100001cc                isr_irq6
                0x00000000100001cc                isr_irq22
                0x00000000100001cc                isr_irq17
                0x00000000100001cc                isr_irq14
                0x00000000100001cc                isr_irq2
                0x00000000100001cc                isr_irq10
                0x00000000100001cc                isr_irq8
                0x00000000100001cc                isr_irq24
                0x00000000100001cc                isr_irq1
                0x00000000100001cc                isr_irq7
                0x00000000100001cc                isr_irq21
                0x00000000100001cc                isr_irq20
                0x00000000100001cc                isr_irq15
                0x00000000100001cc                isr_irq25
                0x00000000100001cc                isr_irq4
                0x00000000100001cc                isr_irq16
                0x00000000100001cc                isr_irq29
                0x00000000100001cc                isr_irq26
                0x00000000100001cc                isr_irq3
                0x00000000100001cc                isr_irq12
                0x00000000100001cc                isr_irq9
                0x00000000100001d2                unhandled_user_irq_num_in_r0
 *(.binary_info_header)
 .binary_info_header
                0x00000000100001d4       0x14 CMakeFiles/rgb_remote.dir/home/aleksandar/pico/pico-sdk/src/rp2_common/pico_standard_link/crt0.S.obj
                0x00000000100001e8                __binary_info_header_end = .
 *(.reset)
 .reset         0x00000000100001e8       0xa8 CMakeFiles/rgb_remote.dir/home/aleksandar/pico/pico-sdk/src/rp2_common/pico_standard_link/crt0.S.obj
                0x00000000100001e8                _entry_point
                0x0000000010000266                __get_current_exception
 .reset         0x0000000010000290       0x30 CMakeFiles/rgb_remote.dir/home/aleksandar/pico/pico-sdk/src/rp2_common/pico_standard_link/binary_info.c.obj
 *(.init)
 .init          0x00000000100002c0        0x4 /usr/lib/gcc/arm-none-eabi/9.2.1/thumb/v6-m/nofp/crti.o
                0x00000000100002c0                _init
 *(EXCLUDE_FILE(*libm.a: *libc.a:*lib_a-mem*.o *libgcc.a:) .text*)
 .text          0x00000000100002c4       0x98 /usr/lib/gcc/arm-none-eabi/9.2.1/thumb/v6-m/nofp/crtbegin.o
 .text.put_rgb888
                0x000000001000035c       0x24 CMakeFiles/rgb_remote.dir/rgb_remote.c.obj
                0x000000001000035c                put_rgb888
 .text.main     0x0000000010000380      0x560 CMakeFiles/rgb_remote.dir/rgb_remote.c.obj
                0x0000000010000380                main
 .text.gpio_set_function
                0x00000000100008e0       0x30 CMakeFiles/rgb_remote.dir/home/aleksandar/pico/pico-sdk/src/rp2_common/hardware_gpio/gpio.c.obj
                0x00000000100008e0                gpio_set_function
 .text.hw_claim_lock
                0x0000000010000910       0x18 CMakeFiles/rgb_remote.dir/home/aleksandar/pico/pico-sdk/src/rp2_common/hardware_claim/claim.c.obj
                0x0000000010000910                hw_claim_lock
 .text.hw_claim_unlock
                0x0000000010000928       0x14 CMakeFiles/rgb_remote.dir/home/aleksandar/pico/pico-sdk/src/rp2_common/hardware_claim/claim.c.obj
                0x0000000010000928                hw_claim_unlock
 .text.hw_claim_or_assert
                0x000000001000093c       0x34 CMakeFiles/rgb_remote.dir/home/aleksandar/pico/pico-sdk/src/rp2_common/hardware_claim/claim.c.obj
                0x000000001000093c                hw_claim_or_assert
 .text.hw_claim_unused_from_range
                0x0000000010000970       0x56 CMakeFiles/rgb_remote.dir/home/aleksandar/pico/pico-sdk/src/rp2_common/hardware_claim/claim.c.obj
                0x0000000010000970                hw_claim_unused_from_range
 *fill*         0x00000000100009c6        0x2 
 .text.spin_locks_reset
                0x00000000100009c8       0x20 CMakeFiles/rgb_remote.dir/home/aleksandar/pico/pico-sdk/src/rp2_common/hardware_sync/sync.c.obj
                0x00000000100009c8                spin_locks_reset
 .text.next_striped_spin_lock_num
                0x00000000100009e8       0x1c CMakeFiles/rgb_remote.dir/home/aleksandar/pico/pico-sdk/src/rp2_common/hardware_sync/sync.c.obj
                0x00000000100009e8                next_striped_spin_lock_num
 .text.spin_lock_claim_unused
                0x0000000010000a04       0x20 CMakeFiles/rgb_remote.dir/home/aleksandar/pico/pico-sdk/src/rp2_common/hardware_sync/sync.c.obj
                0x0000000010000a04                spin_lock_claim_unused
 .text.running_on_fpga
                0x0000000010000a24       0x14 CMakeFiles/rgb_remote.dir/home/aleksandar/pico/pico-sdk/src/rp2_common/pico_platform/platform.c.obj
                0x0000000010000a24                running_on_fpga
 .text.uart_set_baudrate
                0x0000000010000a38       0x64 CMakeFiles/rgb_remote.dir/home/aleksandar/pico/pico-sdk/src/rp2_common/hardware_uart/uart.c.obj
                0x0000000010000a38                uart_set_baudrate
 .text.uart_set_translate_crlf
                0x0000000010000a9c       0x28 CMakeFiles/rgb_remote.dir/home/aleksandar/pico/pico-sdk/src/rp2_common/hardware_uart/uart.c.obj
                0x0000000010000a9c                uart_set_translate_crlf
 .text.uart_init
                0x0000000010000ac4       0x80 CMakeFiles/rgb_remote.dir/home/aleksandar/pico/pico-sdk/src/rp2_common/hardware_uart/uart.c.obj
                0x0000000010000ac4                uart_init
 .text.sev_callback
                0x0000000010000b44        0x8 CMakeFiles/rgb_remote.dir/home/aleksandar/pico/pico-sdk/src/common/pico_time/time.c.obj
 .text.timer_pool_entry_comparator
                0x0000000010000b4c       0x7c CMakeFiles/rgb_remote.dir/home/aleksandar/pico/pico-sdk/src/common/pico_time/time.c.obj
                0x0000000010000b4c                timer_pool_entry_comparator
 .text.ph_add_child_node
                0x0000000010000bc8       0xa4 CMakeFiles/rgb_remote.dir/home/aleksandar/pico/pico-sdk/src/common/pico_time/time.c.obj
 .text.ph_merge_nodes
                0x0000000010000c6c       0x3e CMakeFiles/rgb_remote.dir/home/aleksandar/pico/pico-sdk/src/common/pico_time/time.c.obj
 *fill*         0x0000000010000caa        0x2 
 .text.add_alarm_under_lock
                0x0000000010000cac      0x178 CMakeFiles/rgb_remote.dir/home/aleksandar/pico/pico-sdk/src/common/pico_time/time.c.obj
 .text.alarm_pool_alarm_callback
                0x0000000010000e24      0x2e8 CMakeFiles/rgb_remote.dir/home/aleksandar/pico/pico-sdk/src/common/pico_time/time.c.obj
 .text.alarm_pool_get_default
                0x000000001000110c       0x28 CMakeFiles/rgb_remote.dir/home/aleksandar/pico/pico-sdk/src/common/pico_time/time.c.obj
                0x000000001000110c                alarm_pool_get_default
 .text.alarm_pool_create
                0x0000000010001134       0x6c CMakeFiles/rgb_remote.dir/home/aleksandar/pico/pico-sdk/src/common/pico_time/time.c.obj
                0x0000000010001134                alarm_pool_create
 .text.alarm_pool_init_default
                0x00000000100011a0       0x20 CMakeFiles/rgb_remote.dir/home/aleksandar/pico/pico-sdk/src/common/pico_time/time.c.obj
                0x00000000100011a0                alarm_pool_init_default
 .text.alarm_pool_add_alarm_at
                0x00000000100011c0      0x12c CMakeFiles/rgb_remote.dir/home/aleksandar/pico/pico-sdk/src/common/pico_time/time.c.obj
                0x00000000100011c0                alarm_pool_add_alarm_at
 .text.alarm_pool_cancel_alarm
                0x00000000100012ec       0xec CMakeFiles/rgb_remote.dir/home/aleksandar/pico/pico-sdk/src/common/pico_time/time.c.obj
                0x00000000100012ec                alarm_pool_cancel_alarm
 .text.sleep_until
                0x00000000100013d8       0x94 CMakeFiles/rgb_remote.dir/home/aleksandar/pico/pico-sdk/src/common/pico_time/time.c.obj
                0x00000000100013d8                sleep_until
 .text.sleep_us
                0x000000001000146c       0x2c CMakeFiles/rgb_remote.dir/home/aleksandar/pico/pico-sdk/src/common/pico_time/time.c.obj
                0x000000001000146c                sleep_us
 .text.sleep_ms
                0x0000000010001498       0x14 CMakeFiles/rgb_remote.dir/home/aleksandar/pico/pico-sdk/src/common/pico_time/time.c.obj
                0x0000000010001498                sleep_ms
 .text.best_effort_wfe_or_timeout
                0x00000000100014ac       0x80 CMakeFiles/rgb_remote.dir/home/aleksandar/pico/pico-sdk/src/common/pico_time/time.c.obj
                0x00000000100014ac                best_effort_wfe_or_timeout
 .text.hardware_alarm_irq_handler
                0x000000001000152c       0x8c CMakeFiles/rgb_remote.dir/home/aleksandar/pico/pico-sdk/src/rp2_common/hardware_timer/timer.c.obj
 .text.hardware_alarm_claim
                0x00000000100015b8       0x18 CMakeFiles/rgb_remote.dir/home/aleksandar/pico/pico-sdk/src/rp2_common/hardware_timer/timer.c.obj
                0x00000000100015b8                hardware_alarm_claim
 .text.time_us_64
                0x00000000100015d0       0x18 CMakeFiles/rgb_remote.dir/home/aleksandar/pico/pico-sdk/src/rp2_common/hardware_timer/timer.c.obj
                0x00000000100015d0                time_us_64
 .text.busy_wait_until
                0x00000000100015e8       0x24 CMakeFiles/rgb_remote.dir/home/aleksandar/pico/pico-sdk/src/rp2_common/hardware_timer/timer.c.obj
                0x00000000100015e8                busy_wait_until
 .text.hardware_alarm_set_callback
                0x000000001000160c       0x90 CMakeFiles/rgb_remote.dir/home/aleksandar/pico/pico-sdk/src/rp2_common/hardware_timer/timer.c.obj
                0x000000001000160c                hardware_alarm_set_callback
 .text.hardware_alarm_set_target
                0x000000001000169c       0xd0 CMakeFiles/rgb_remote.dir/home/aleksandar/pico/pico-sdk/src/rp2_common/hardware_timer/timer.c.obj
                0x000000001000169c                hardware_alarm_set_target
 .text.hardware_alarm_cancel
                0x000000001000176c       0x40 CMakeFiles/rgb_remote.dir/home/aleksandar/pico/pico-sdk/src/rp2_common/hardware_timer/timer.c.obj
                0x000000001000176c                hardware_alarm_cancel
 .text.lock_init
                0x00000000100017ac       0x30 CMakeFiles/rgb_remote.dir/home/aleksandar/pico/pico-sdk/src/common/pico_sync/lock_core.c.obj
                0x00000000100017ac                lock_init
 .text.mutex_init
                0x00000000100017dc       0x1a CMakeFiles/rgb_remote.dir/home/aleksandar/pico/pico-sdk/src/common/pico_sync/mutex.c.obj
                0x00000000100017dc                mutex_init
 .text.critical_section_init_with_lock_num
                0x00000000100017f6        0xc CMakeFiles/rgb_remote.dir/home/aleksandar/pico/pico-sdk/src/common/pico_sync/critical_section.c.obj
                0x00000000100017f6                critical_section_init_with_lock_num
 .text.critical_section_init
                0x0000000010001802       0x14 CMakeFiles/rgb_remote.dir/home/aleksandar/pico/pico-sdk/src/common/pico_sync/critical_section.c.obj
                0x0000000010001802                critical_section_init
 *fill*         0x0000000010001816        0x2 
 .text.ph_add_child_node
                0x0000000010001818       0xa4 CMakeFiles/rgb_remote.dir/home/aleksandar/pico/pico-sdk/src/common/pico_util/pheap.c.obj
 .text.ph_merge_nodes
                0x00000000100018bc       0x3e CMakeFiles/rgb_remote.dir/home/aleksandar/pico/pico-sdk/src/common/pico_util/pheap.c.obj
 *fill*         0x00000000100018fa        0x2 
 .text.ph_clear
                0x00000000100018fc       0x74 CMakeFiles/rgb_remote.dir/home/aleksandar/pico/pico-sdk/src/common/pico_util/pheap.c.obj
                0x00000000100018fc                ph_clear
 .text.ph_create
                0x0000000010001970       0x2c CMakeFiles/rgb_remote.dir/home/aleksandar/pico/pico-sdk/src/common/pico_util/pheap.c.obj
                0x0000000010001970                ph_create
 .text.ph_merge_two_pass
                0x000000001000199c       0xa8 CMakeFiles/rgb_remote.dir/home/aleksandar/pico/pico-sdk/src/common/pico_util/pheap.c.obj
                0x000000001000199c                ph_merge_two_pass
 .text.ph_remove_any_head
                0x0000000010001a44      0x108 CMakeFiles/rgb_remote.dir/home/aleksandar/pico/pico-sdk/src/common/pico_util/pheap.c.obj
 .text.ph_remove_head_reserve
                0x0000000010001b4c       0x14 CMakeFiles/rgb_remote.dir/home/aleksandar/pico/pico-sdk/src/common/pico_util/pheap.c.obj
                0x0000000010001b4c                ph_remove_head_reserve
 .text.ph_delete
                0x0000000010001b60       0xf8 CMakeFiles/rgb_remote.dir/home/aleksandar/pico/pico-sdk/src/common/pico_util/pheap.c.obj
                0x0000000010001b60                ph_delete
 .text.runtime_init
                0x0000000010001c58       0xcc CMakeFiles/rgb_remote.dir/home/aleksandar/pico/pico-sdk/src/rp2_common/pico_runtime/runtime.c.obj
                0x0000000010001c58                runtime_init
 .text._exit    0x0000000010001d24        0x4 CMakeFiles/rgb_remote.dir/home/aleksandar/pico/pico-sdk/src/rp2_common/pico_runtime/runtime.c.obj
                0x0000000010001d24                _exit
 .text._sbrk    0x0000000010001d28       0x38 CMakeFiles/rgb_remote.dir/home/aleksandar/pico/pico-sdk/src/rp2_common/pico_runtime/runtime.c.obj
                0x0000000010001d28                _sbrk
 .text.exit     0x0000000010001d60        0x6 CMakeFiles/rgb_remote.dir/home/aleksandar/pico/pico-sdk/src/rp2_common/pico_runtime/runtime.c.obj
                0x0000000010001d60                exit
 *fill*         0x0000000010001d66        0x2 
 .text.__assert_func
                0x0000000010001d68       0x3c CMakeFiles/rgb_remote.dir/home/aleksandar/pico/pico-sdk/src/rp2_common/pico_runtime/runtime.c.obj
                0x0000000010001d68                __assert_func
 .text.panic    0x0000000010001da4       0x30 CMakeFiles/rgb_remote.dir/home/aleksandar/pico/pico-sdk/src/rp2_common/pico_runtime/runtime.c.obj
                0x0000000010001da4                panic
 .text.clock_configure
                0x0000000010001dd4       0xe8 CMakeFiles/rgb_remote.dir/home/aleksandar/pico/pico-sdk/src/rp2_common/hardware_clocks/clocks.c.obj
                0x0000000010001dd4                clock_configure
 .text.clocks_init
                0x0000000010001ebc      0x124 CMakeFiles/rgb_remote.dir/home/aleksandar/pico/pico-sdk/src/rp2_common/hardware_clocks/clocks.c.obj
                0x0000000010001ebc                clocks_init
 .text.clock_get_hz
                0x0000000010001fe0        0xc CMakeFiles/rgb_remote.dir/home/aleksandar/pico/pico-sdk/src/rp2_common/hardware_clocks/clocks.c.obj
                0x0000000010001fe0                clock_get_hz
 .text.watchdog_start_tick
                0x0000000010001fec       0x10 CMakeFiles/rgb_remote.dir/home/aleksandar/pico/pico-sdk/src/rp2_common/hardware_watchdog/watchdog.c.obj
                0x0000000010001fec                watchdog_start_tick
 .text.xosc_init
                0x0000000010001ffc       0x28 CMakeFiles/rgb_remote.dir/home/aleksandar/pico/pico-sdk/src/rp2_common/hardware_xosc/xosc.c.obj
                0x0000000010001ffc                xosc_init
 .text.pll_init
                0x0000000010002024       0xd4 CMakeFiles/rgb_remote.dir/home/aleksandar/pico/pico-sdk/src/rp2_common/hardware_pll/pll.c.obj
                0x0000000010002024                pll_init
 .text.set_raw_irq_handler_and_unlock
                0x00000000100020f8       0x28 CMakeFiles/rgb_remote.dir/home/aleksandar/pico/pico-sdk/src/rp2_common/hardware_irq/irq.c.obj
 .text.make_branch
                0x0000000010002120       0x34 CMakeFiles/rgb_remote.dir/home/aleksandar/pico/pico-sdk/src/rp2_common/hardware_irq/irq.c.obj
 .text.insert_branch_and_link
                0x0000000010002154       0x40 CMakeFiles/rgb_remote.dir/home/aleksandar/pico/pico-sdk/src/rp2_common/hardware_irq/irq.c.obj
 .text.irq_is_enabled
                0x0000000010002194       0x18 CMakeFiles/rgb_remote.dir/home/aleksandar/pico/pico-sdk/src/rp2_common/hardware_irq/irq.c.obj
                0x0000000010002194                irq_is_enabled
 .text.irq_set_mask_enabled
                0x00000000100021ac       0x20 CMakeFiles/rgb_remote.dir/home/aleksandar/pico/pico-sdk/src/rp2_common/hardware_irq/irq.c.obj
                0x00000000100021ac                irq_set_mask_enabled
 .text.irq_set_enabled
                0x00000000100021cc        0xe CMakeFiles/rgb_remote.dir/home/aleksandar/pico/pico-sdk/src/rp2_common/hardware_irq/irq.c.obj
                0x00000000100021cc                irq_set_enabled
 *fill*         0x00000000100021da        0x2 
 .text.irq_set_pending
                0x00000000100021dc       0x10 CMakeFiles/rgb_remote.dir/home/aleksandar/pico/pico-sdk/src/rp2_common/hardware_irq/irq.c.obj
                0x00000000100021dc                irq_set_pending
 .text.irq_get_vtable_handler
                0x00000000100021ec       0x10 CMakeFiles/rgb_remote.dir/home/aleksandar/pico/pico-sdk/src/rp2_common/hardware_irq/irq.c.obj
                0x00000000100021ec                irq_get_vtable_handler
 .text.irq_set_exclusive_handler
                0x00000000100021fc       0x54 CMakeFiles/rgb_remote.dir/home/aleksandar/pico/pico-sdk/src/rp2_common/hardware_irq/irq.c.obj
                0x00000000100021fc                irq_set_exclusive_handler
 .text.irq_remove_handler
                0x0000000010002250      0x1b4 CMakeFiles/rgb_remote.dir/home/aleksandar/pico/pico-sdk/src/rp2_common/hardware_irq/irq.c.obj
                0x0000000010002250                irq_remove_handler
 .text.irq_set_priority
                0x0000000010002404       0x28 CMakeFiles/rgb_remote.dir/home/aleksandar/pico/pico-sdk/src/rp2_common/hardware_irq/irq.c.obj
                0x0000000010002404                irq_set_priority
 .text.irq_add_tail_to_free_list
                0x000000001000242c       0xf8 CMakeFiles/rgb_remote.dir/home/aleksandar/pico/pico-sdk/src/rp2_common/hardware_irq/irq.c.obj
                0x000000001000242c                irq_add_tail_to_free_list
 .text.irq_init_priorities
                0x0000000010002524       0x16 CMakeFiles/rgb_remote.dir/home/aleksandar/pico/pico-sdk/src/rp2_common/hardware_irq/irq.c.obj
                0x0000000010002524                irq_init_priorities
 .text._out_null
                0x000000001000253a        0x2 CMakeFiles/rgb_remote.dir/home/aleksandar/pico/pico-sdk/src/rp2_common/pico_printf/printf.c.obj
 .text._out_fct
                0x000000001000253c        0xe CMakeFiles/rgb_remote.dir/home/aleksandar/pico/pico-sdk/src/rp2_common/pico_printf/printf.c.obj
 .text._atoi    0x000000001000254a       0x24 CMakeFiles/rgb_remote.dir/home/aleksandar/pico/pico-sdk/src/rp2_common/pico_printf/printf.c.obj
 .text._out_rev
                0x000000001000256e       0xae CMakeFiles/rgb_remote.dir/home/aleksandar/pico/pico-sdk/src/rp2_common/pico_printf/printf.c.obj
 .text._ntoa_format
                0x000000001000261c      0x110 CMakeFiles/rgb_remote.dir/home/aleksandar/pico/pico-sdk/src/rp2_common/pico_printf/printf.c.obj
 .text._ntoa_long
                0x000000001000272c       0xbc CMakeFiles/rgb_remote.dir/home/aleksandar/pico/pico-sdk/src/rp2_common/pico_printf/printf.c.obj
 .text._ntoa_long_long
                0x00000000100027e8       0xe2 CMakeFiles/rgb_remote.dir/home/aleksandar/pico/pico-sdk/src/rp2_common/pico_printf/printf.c.obj
 *fill*         0x00000000100028ca        0x2 
 .text._etoa    0x00000000100028cc      0x3f4 CMakeFiles/rgb_remote.dir/home/aleksandar/pico/pico-sdk/src/rp2_common/pico_printf/printf.c.obj
 .text._ftoa    0x0000000010002cc0      0x354 CMakeFiles/rgb_remote.dir/home/aleksandar/pico/pico-sdk/src/rp2_common/pico_printf/printf.c.obj
 .text._vsnprintf
                0x0000000010003014      0x628 CMakeFiles/rgb_remote.dir/home/aleksandar/pico/pico-sdk/src/rp2_common/pico_printf/printf.c.obj
 .text.vfctprintf
                0x000000001000363c       0x20 CMakeFiles/rgb_remote.dir/home/aleksandar/pico/pico-sdk/src/rp2_common/pico_printf/printf.c.obj
                0x000000001000363c                vfctprintf
 .text          0x000000001000365c       0x10 CMakeFiles/rgb_remote.dir/home/aleksandar/pico/pico-sdk/src/rp2_common/pico_bit_ops/bit_ops_aeabi.S.obj
 .text.ctzsi    0x000000001000366c        0xc CMakeFiles/rgb_remote.dir/home/aleksandar/pico/pico-sdk/src/rp2_common/pico_bit_ops/bit_ops_aeabi.S.obj
                0x000000001000366c                __wrap___ctzsi2
 .text.rom_func_lookup
                0x0000000010003678       0x10 CMakeFiles/rgb_remote.dir/home/aleksandar/pico/pico-sdk/src/rp2_common/pico_bootrom/bootrom.c.obj
                0x0000000010003678                rom_func_lookup
 .text.rom_data_lookup
                0x0000000010003688       0x10 CMakeFiles/rgb_remote.dir/home/aleksandar/pico/pico-sdk/src/rp2_common/pico_bootrom/bootrom.c.obj
                0x0000000010003688                rom_data_lookup
 .text.rom_funcs_lookup
                0x0000000010003698       0x36 CMakeFiles/rgb_remote.dir/home/aleksandar/pico/pico-sdk/src/rp2_common/pico_bootrom/bootrom.c.obj
                0x0000000010003698                rom_funcs_lookup
 *fill*         0x00000000100036ce        0x2 
 .text.__wrap___aeabi_idiv
                0x00000000100036d0       0x58 CMakeFiles/rgb_remote.dir/home/aleksandar/pico/pico-sdk/src/rp2_common/pico_divider/divider.S.obj
                0x00000000100036d0                __wrap___aeabi_idivmod
                0x00000000100036d0                divmod_s32s32
                0x00000000100036d0                div_s32s32
                0x00000000100036d0                __wrap___aeabi_idiv
                0x00000000100036d8                divmod_s32s32_unsafe
                0x0000000010003704                divmod_s32s32_savestate
 .text.__wrap___aeabi_uidiv
                0x0000000010003728       0x54 CMakeFiles/rgb_remote.dir/home/aleksandar/pico/pico-sdk/src/rp2_common/pico_divider/divider.S.obj
                0x0000000010003728                __wrap___aeabi_uidiv
                0x0000000010003728                __wrap___aeabi_uidivmod
                0x0000000010003728                div_u32u32
                0x0000000010003728                divmod_u32u32
                0x0000000010003730                divmod_u32u32_unsafe
                0x0000000010003758                divmod_u32u32_savestate
 .text.__wrap___aeabi_ldiv
                0x000000001000377c      0x430 CMakeFiles/rgb_remote.dir/home/aleksandar/pico/pico-sdk/src/rp2_common/pico_divider/divider.S.obj
                0x000000001000377c                div_s64s64
                0x000000001000377c                divmod_s64s64
                0x000000001000377c                __wrap___aeabi_ldivmod
                0x00000000100037b4                div_u64u64
                0x00000000100037b4                divmod_u64u64
                0x00000000100037b4                __wrap___aeabi_uldivmod
                0x00000000100037c4                divmod_u64u64_savestate
                0x00000000100037ec                divmod_s64s64_unsafe
                0x0000000010003874                divmod_u64u64_unsafe
 .text.__wrap___aeabi_darithmetic
                0x0000000010003bac       0x54 CMakeFiles/rgb_remote.dir/home/aleksandar/pico/pico-sdk/src/rp2_common/pico_double/double_aeabi.S.obj
                0x0000000010003bac                __wrap___aeabi_drsub
                0x0000000010003bb2                __wrap___aeabi_dsub
                0x0000000010003bc4                __wrap___aeabi_dadd
                0x0000000010003bd6                __wrap___aeabi_ddiv
                0x0000000010003be8                __wrap___aeabi_dmul
 .text.__wrap___aeabi_cdcmple
                0x0000000010003c00       0x6c CMakeFiles/rgb_remote.dir/home/aleksandar/pico/pico-sdk/src/rp2_common/pico_double/double_aeabi.S.obj
                0x0000000010003c00                __wrap___aeabi_cdrcmple
                0x0000000010003c10                __wrap___aeabi_cdcmple
                0x0000000010003c10                __wrap___aeabi_cdcmpeq
 .text.__wrap___aeabi_dcmplt
                0x0000000010003c6c        0xc CMakeFiles/rgb_remote.dir/home/aleksandar/pico/pico-sdk/src/rp2_common/pico_double/double_aeabi.S.obj
                0x0000000010003c6c                __wrap___aeabi_dcmplt
 .text.__wrap___aeabi_dcmple
                0x0000000010003c78       0x10 CMakeFiles/rgb_remote.dir/home/aleksandar/pico/pico-sdk/src/rp2_common/pico_double/double_aeabi.S.obj
                0x0000000010003c78                __wrap___aeabi_dcmple
 .text.__wrap___aeabi_dcmpge
                0x0000000010003c88       0x10 CMakeFiles/rgb_remote.dir/home/aleksandar/pico/pico-sdk/src/rp2_common/pico_double/double_aeabi.S.obj
                0x0000000010003c88                __wrap___aeabi_dcmpge
 .text.__wrap___aeabi_dcmpgt
                0x0000000010003c98        0xa CMakeFiles/rgb_remote.dir/home/aleksandar/pico/pico-sdk/src/rp2_common/pico_double/double_aeabi.S.obj
                0x0000000010003c98                __wrap___aeabi_dcmpgt
 .text.__wrap___aeabi_dcmpun
                0x0000000010003ca2       0x1c CMakeFiles/rgb_remote.dir/home/aleksandar/pico/pico-sdk/src/rp2_common/pico_double/double_aeabi.S.obj
                0x0000000010003ca2                __wrap___aeabi_dcmpun
 *fill*         0x0000000010003cbe        0x2 
 .text.__wrap___aeabi_i2d
                0x0000000010003cc0       0x38 CMakeFiles/rgb_remote.dir/home/aleksandar/pico/pico-sdk/src/rp2_common/pico_double/double_aeabi.S.obj
                0x0000000010003cc0                __wrap___aeabi_ui2d
                0x0000000010003cc8                __wrap___aeabi_i2d
 .text.__wrap___aeabi_d2iz
                0x0000000010003cf8       0x48 CMakeFiles/rgb_remote.dir/home/aleksandar/pico/pico-sdk/src/rp2_common/pico_double/double_aeabi.S.obj
                0x0000000010003cf8                __wrap___aeabi_d2iz
                0x0000000010003cf8                double2int_z
 .text.__wrap___aeabi_d2uiz
                0x0000000010003d40       0x18 CMakeFiles/rgb_remote.dir/home/aleksandar/pico/pico-sdk/src/rp2_common/pico_double/double_aeabi.S.obj
                0x0000000010003d40                double2uint
                0x0000000010003d40                __wrap___aeabi_d2uiz
 .text.__aeabi_double_init
                0x0000000010003d58       0xb4 CMakeFiles/rgb_remote.dir/home/aleksandar/pico/pico-sdk/src/rp2_common/pico_double/double_init_rom.c.obj
                0x0000000010003d58                __aeabi_double_init
 .text.double_table_shim_on_use_helper
                0x0000000010003e0c       0x34 CMakeFiles/rgb_remote.dir/home/aleksandar/pico/pico-sdk/src/rp2_common/pico_double/double_v1_rom_shim.S.obj
                0x0000000010003e0c                double_table_shim_on_use_helper
 .text.__wrap___aeabi_dsub
                0x0000000010003e40       0x10 CMakeFiles/rgb_remote.dir/home/aleksandar/pico/pico-sdk/src/rp2_common/pico_double/double_v1_rom_shim.S.obj
                0x0000000010003e40                drsub_shim
                0x0000000010003e46                dsub_shim
 .text.dadd_shim
                0x0000000010003e50      0x15c CMakeFiles/rgb_remote.dir/home/aleksandar/pico/pico-sdk/src/rp2_common/pico_double/double_v1_rom_shim.S.obj
                0x0000000010003e50                dadd_shim
 .text.dmul_shim
                0x0000000010003fac      0x15c CMakeFiles/rgb_remote.dir/home/aleksandar/pico/pico-sdk/src/rp2_common/pico_double/double_v1_rom_shim.S.obj
                0x0000000010003fac                dmul_shim
 .text.ddiv_shim
                0x0000000010004108      0x1b0 CMakeFiles/rgb_remote.dir/home/aleksandar/pico/pico-sdk/src/rp2_common/pico_double/double_v1_rom_shim.S.obj
                0x0000000010004108                ddiv_shim
 .text.dcordic_rot_step
                0x00000000100042b8       0x7c CMakeFiles/rgb_remote.dir/home/aleksandar/pico/pico-sdk/src/rp2_common/pico_double/double_v1_rom_shim.S.obj
                0x00000000100042b8                dcordic_rot_step
 .text.double2uint_shim
                0x0000000010004334        0xe CMakeFiles/rgb_remote.dir/home/aleksandar/pico/pico-sdk/src/rp2_common/pico_double/double_v1_rom_shim.S.obj
                0x0000000010004334                double2uint_shim
                0x0000000010004336                double2ufix_shim
 *fill*         0x0000000010004342        0x2 
 .text.double2uint64_shim
                0x0000000010004344       0x6c CMakeFiles/rgb_remote.dir/home/aleksandar/pico/pico-sdk/src/rp2_common/pico_double/double_v1_rom_shim.S.obj
                0x0000000010004344                double2uint64_shim
                0x0000000010004346                double2ufix64_shim
                0x0000000010004360                d2fix_a
 .text.dunpacks
                0x00000000100043b0       0x3c CMakeFiles/rgb_remote.dir/home/aleksandar/pico/pico-sdk/src/rp2_common/pico_double/double_v1_rom_shim.S.obj
                0x00000000100043b0                dunpacks
 .text.__aeabi_lmul
                0x00000000100043ec       0x32 CMakeFiles/rgb_remote.dir/home/aleksandar/pico/pico-sdk/src/rp2_common/pico_int64_ops/pico_int64_ops_aeabi.S.obj
                0x00000000100043ec                __wrap___aeabi_lmul
 *fill*         0x000000001000441e        0x2 
 .text.__wrap___aeabi_farithmetic
                0x0000000010004420       0x34 CMakeFiles/rgb_remote.dir/home/aleksandar/pico/pico-sdk/src/rp2_common/pico_float/float_aeabi.S.obj
                0x0000000010004420                __wrap___aeabi_frsub
                0x0000000010004426                __wrap___aeabi_fsub
                0x0000000010004430                __wrap___aeabi_fadd
                0x000000001000443a                __wrap___aeabi_fdiv
                0x0000000010004444                __wrap___aeabi_fmul
 .text.__wrap___aeabi_ui2f
                0x0000000010004454        0xa CMakeFiles/rgb_remote.dir/home/aleksandar/pico/pico-sdk/src/rp2_common/pico_float/float_aeabi.S.obj
                0x0000000010004454                __wrap___aeabi_ui2f
 *fill*         0x000000001000445e        0x2 
 .text.__wrap___aeabi_i2f
                0x0000000010004460       0x44 CMakeFiles/rgb_remote.dir/home/aleksandar/pico/pico-sdk/src/rp2_common/pico_float/float_aeabi.S.obj
                0x0000000010004460                __wrap___aeabi_i2f
 .text.__wrap___aeabi_f2uiz
                0x00000000100044a4       0x10 CMakeFiles/rgb_remote.dir/home/aleksandar/pico/pico-sdk/src/rp2_common/pico_float/float_aeabi.S.obj
                0x00000000100044a4                __wrap___aeabi_f2uiz
 .text.__aeabi_float_init
                0x00000000100044b4       0xfc CMakeFiles/rgb_remote.dir/home/aleksandar/pico/pico-sdk/src/rp2_common/pico_float/float_init_rom.c.obj
                0x00000000100044b4                __aeabi_float_init
 .text.float_table_shim_on_use_helper
                0x00000000100045b0       0x34 CMakeFiles/rgb_remote.dir/home/aleksandar/pico/pico-sdk/src/rp2_common/pico_float/float_v1_rom_shim.S.obj
                0x00000000100045b0                float_table_shim_on_use_helper
 .text.__wrap_malloc
                0x00000000100045e4        0x8 CMakeFiles/rgb_remote.dir/home/aleksandar/pico/pico-sdk/src/rp2_common/pico_malloc/pico_malloc.c.obj
                0x00000000100045e4                __wrap_malloc
 .text.__wrap_calloc
                0x00000000100045ec        0x8 CMakeFiles/rgb_remote.dir/home/aleksandar/pico/pico-sdk/src/rp2_common/pico_malloc/pico_malloc.c.obj
                0x00000000100045ec                __wrap_calloc
 .text          0x00000000100045f4       0x10 CMakeFiles/rgb_remote.dir/home/aleksandar/pico/pico-sdk/src/rp2_common/pico_mem_ops/mem_ops_aeabi.S.obj
                0x00000000100045f4                __aeabi_mem_init
 .text.memset   0x0000000010004604        0xc CMakeFiles/rgb_remote.dir/home/aleksandar/pico/pico-sdk/src/rp2_common/pico_mem_ops/mem_ops_aeabi.S.obj
                0x0000000010004604                __wrap_memset
 .text.memcpy   0x0000000010004610        0xc CMakeFiles/rgb_remote.dir/home/aleksandar/pico/pico-sdk/src/rp2_common/pico_mem_ops/mem_ops_aeabi.S.obj
                0x0000000010004610                __wrap___aeabi_memcpy
                0x0000000010004610                __wrap_memcpy
 .text.stdio_out_chars_crlf
                0x000000001000461c       0x80 CMakeFiles/rgb_remote.dir/home/aleksandar/pico/pico-sdk/src/rp2_common/pico_stdio/stdio.c.obj
 .text.stdio_stack_buffer_flush
                0x000000001000469c       0x44 CMakeFiles/rgb_remote.dir/home/aleksandar/pico/pico-sdk/src/rp2_common/pico_stdio/stdio.c.obj
 .text.stdio_buffered_printer
                0x00000000100046e0       0x20 CMakeFiles/rgb_remote.dir/home/aleksandar/pico/pico-sdk/src/rp2_common/pico_stdio/stdio.c.obj
 .text.stdout_serialize_begin
                0x0000000010004700       0x2c CMakeFiles/rgb_remote.dir/home/aleksandar/pico/pico-sdk/src/rp2_common/pico_stdio/stdio.c.obj
                0x0000000010004700                stdout_serialize_begin
 .text.stdout_serialize_end
                0x000000001000472c       0x10 CMakeFiles/rgb_remote.dir/home/aleksandar/pico/pico-sdk/src/rp2_common/pico_stdio/stdio.c.obj
                0x000000001000472c                stdout_serialize_end
 .text.stdio_put_string
                0x000000001000473c       0x84 CMakeFiles/rgb_remote.dir/home/aleksandar/pico/pico-sdk/src/rp2_common/pico_stdio/stdio.c.obj
 .text.__wrap_putchar
                0x00000000100047c0       0x1a CMakeFiles/rgb_remote.dir/home/aleksandar/pico/pico-sdk/src/rp2_common/pico_stdio/stdio.c.obj
                0x00000000100047c0                __wrap_putchar
 *fill*         0x00000000100047da        0x2 
 .text.stdio_set_driver_enabled
                0x00000000100047dc       0x38 CMakeFiles/rgb_remote.dir/home/aleksandar/pico/pico-sdk/src/rp2_common/pico_stdio/stdio.c.obj
                0x00000000100047dc                stdio_set_driver_enabled
 .text.stdio_flush
                0x0000000010004814       0x20 CMakeFiles/rgb_remote.dir/home/aleksandar/pico/pico-sdk/src/rp2_common/pico_stdio/stdio.c.obj
                0x0000000010004814                stdio_flush
 .text.__wrap_puts
                0x0000000010004834       0x1c CMakeFiles/rgb_remote.dir/home/aleksandar/pico/pico-sdk/src/rp2_common/pico_stdio/stdio.c.obj
                0x0000000010004834                __wrap_puts
 .text.__wrap_vprintf
                0x0000000010004850       0x44 CMakeFiles/rgb_remote.dir/home/aleksandar/pico/pico-sdk/src/rp2_common/pico_stdio/stdio.c.obj
                0x0000000010004850                __wrap_vprintf
 .text.__wrap_printf
                0x0000000010004894       0x18 CMakeFiles/rgb_remote.dir/home/aleksandar/pico/pico-sdk/src/rp2_common/pico_stdio/stdio.c.obj
                0x0000000010004894                __wrap_printf
 .text.stdio_init_all
                0x00000000100048ac        0xc CMakeFiles/rgb_remote.dir/home/aleksandar/pico/pico-sdk/src/rp2_common/pico_stdio/stdio.c.obj
                0x00000000100048ac                stdio_init_all
 .text.stdio_uart_out_chars
                0x00000000100048b8       0x6c CMakeFiles/rgb_remote.dir/home/aleksandar/pico/pico-sdk/src/rp2_common/pico_stdio_uart/stdio_uart.c.obj
 .text.stdio_uart_in_chars
                0x0000000010004924       0x58 CMakeFiles/rgb_remote.dir/home/aleksandar/pico/pico-sdk/src/rp2_common/pico_stdio_uart/stdio_uart.c.obj
                0x0000000010004924                stdio_uart_in_chars
 .text.stdio_uart_init_full
                0x000000001000497c       0x34 CMakeFiles/rgb_remote.dir/home/aleksandar/pico/pico-sdk/src/rp2_common/pico_stdio_uart/stdio_uart.c.obj
                0x000000001000497c                stdio_uart_init_full
 .text.stdio_uart_init
                0x00000000100049b0       0x28 CMakeFiles/rgb_remote.dir/home/aleksandar/pico/pico-sdk/src/rp2_common/pico_stdio_uart/stdio_uart.c.obj
                0x00000000100049b0                stdio_uart_init
 .text.stdio_usb_in_chars
                0x00000000100049d8       0x70 CMakeFiles/rgb_remote.dir/home/aleksandar/pico/pico-sdk/src/rp2_common/pico_stdio_usb/stdio_usb.c.obj
                0x00000000100049d8                stdio_usb_in_chars
 .text.low_priority_worker_irq
                0x0000000010004a48       0x20 CMakeFiles/rgb_remote.dir/home/aleksandar/pico/pico-sdk/src/rp2_common/pico_stdio_usb/stdio_usb.c.obj
 .text.stdio_usb_out_chars
                0x0000000010004a68       0xd4 CMakeFiles/rgb_remote.dir/home/aleksandar/pico/pico-sdk/src/rp2_common/pico_stdio_usb/stdio_usb.c.obj
 .text.timer_task
                0x0000000010004b3c       0x10 CMakeFiles/rgb_remote.dir/home/aleksandar/pico/pico-sdk/src/rp2_common/pico_stdio_usb/stdio_usb.c.obj
 .text.stdio_usb_init
                0x0000000010004b4c       0x8c CMakeFiles/rgb_remote.dir/home/aleksandar/pico/pico-sdk/src/rp2_common/pico_stdio_usb/stdio_usb.c.obj
                0x0000000010004b4c                stdio_usb_init
 .text.tud_descriptor_device_cb
                0x0000000010004bd8        0x8 CMakeFiles/rgb_remote.dir/home/aleksandar/pico/pico-sdk/src/rp2_common/pico_stdio_usb/stdio_usb_descriptors.c.obj
                0x0000000010004bd8                tud_descriptor_device_cb
 .text.tud_descriptor_configuration_cb
                0x0000000010004be0        0x8 CMakeFiles/rgb_remote.dir/home/aleksandar/pico/pico-sdk/src/rp2_common/pico_stdio_usb/stdio_usb_descriptors.c.obj
                0x0000000010004be0                tud_descriptor_configuration_cb
 .text.tud_descriptor_string_cb
                0x0000000010004be8       0x50 CMakeFiles/rgb_remote.dir/home/aleksandar/pico/pico-sdk/src/rp2_common/pico_stdio_usb/stdio_usb_descriptors.c.obj
                0x0000000010004be8                tud_descriptor_string_cb
 .text.hw_endpoint_get_by_addr
                0x0000000010004c38       0x1c CMakeFiles/rgb_remote.dir/home/aleksandar/pico/pico-sdk/lib/tinyusb/src/portable/raspberrypi/rp2040/dcd_rp2040.c.obj
 .text.reset_ep0
                0x0000000010004c54       0x2c CMakeFiles/rgb_remote.dir/home/aleksandar/pico/pico-sdk/lib/tinyusb/src/portable/raspberrypi/rp2040/dcd_rp2040.c.obj
 .text._hw_endpoint_alloc
                0x0000000010004c80       0x7c CMakeFiles/rgb_remote.dir/home/aleksandar/pico/pico-sdk/lib/tinyusb/src/portable/raspberrypi/rp2040/dcd_rp2040.c.obj
 .text._hw_endpoint_init
                0x0000000010004cfc       0xbc CMakeFiles/rgb_remote.dir/home/aleksandar/pico/pico-sdk/lib/tinyusb/src/portable/raspberrypi/rp2040/dcd_rp2040.c.obj
 .text.hw_endpoint_init
                0x0000000010004db8       0x18 CMakeFiles/rgb_remote.dir/home/aleksandar/pico/pico-sdk/lib/tinyusb/src/portable/raspberrypi/rp2040/dcd_rp2040.c.obj
 .text.hw_handle_buff_status
                0x0000000010004dd0       0xbc CMakeFiles/rgb_remote.dir/home/aleksandar/pico/pico-sdk/lib/tinyusb/src/portable/raspberrypi/rp2040/dcd_rp2040.c.obj
 .text.dcd_rp2040_irq
                0x0000000010004e8c       0x8c CMakeFiles/rgb_remote.dir/home/aleksandar/pico/pico-sdk/lib/tinyusb/src/portable/raspberrypi/rp2040/dcd_rp2040.c.obj
 .text.hw_endpoint_xfer
                0x0000000010004f18       0x18 CMakeFiles/rgb_remote.dir/home/aleksandar/pico/pico-sdk/lib/tinyusb/src/portable/raspberrypi/rp2040/dcd_rp2040.c.obj
 .text.ep0_0len_status
                0x0000000010004f30       0x14 CMakeFiles/rgb_remote.dir/home/aleksandar/pico/pico-sdk/lib/tinyusb/src/portable/raspberrypi/rp2040/dcd_rp2040.c.obj
 .text._hw_endpoint_stall
                0x0000000010004f44       0x54 CMakeFiles/rgb_remote.dir/home/aleksandar/pico/pico-sdk/lib/tinyusb/src/portable/raspberrypi/rp2040/dcd_rp2040.c.obj
 .text.hw_endpoint_stall
                0x0000000010004f98        0xc CMakeFiles/rgb_remote.dir/home/aleksandar/pico/pico-sdk/lib/tinyusb/src/portable/raspberrypi/rp2040/dcd_rp2040.c.obj
 .text._hw_endpoint_clear_stall
                0x0000000010004fa4       0x34 CMakeFiles/rgb_remote.dir/home/aleksandar/pico/pico-sdk/lib/tinyusb/src/portable/raspberrypi/rp2040/dcd_rp2040.c.obj
 .text.hw_endpoint_clear_stall
                0x0000000010004fd8        0xc CMakeFiles/rgb_remote.dir/home/aleksandar/pico/pico-sdk/lib/tinyusb/src/portable/raspberrypi/rp2040/dcd_rp2040.c.obj
 .text.dcd_int_enable
                0x0000000010004fe4       0x2c CMakeFiles/rgb_remote.dir/home/aleksandar/pico/pico-sdk/lib/tinyusb/src/portable/raspberrypi/rp2040/dcd_rp2040.c.obj
                0x0000000010004fe4                dcd_int_enable
 .text.dcd_set_address
                0x0000000010005010       0x30 CMakeFiles/rgb_remote.dir/home/aleksandar/pico/pico-sdk/lib/tinyusb/src/portable/raspberrypi/rp2040/dcd_rp2040.c.obj
                0x0000000010005010                dcd_set_address
 .text.dcd_connect
                0x0000000010005040       0x30 CMakeFiles/rgb_remote.dir/home/aleksandar/pico/pico-sdk/lib/tinyusb/src/portable/raspberrypi/rp2040/dcd_rp2040.c.obj
                0x0000000010005040                dcd_connect
 .text.dcd_init
                0x0000000010005070       0x90 CMakeFiles/rgb_remote.dir/home/aleksandar/pico/pico-sdk/lib/tinyusb/src/portable/raspberrypi/rp2040/dcd_rp2040.c.obj
                0x0000000010005070                dcd_init
 .text.dcd_edpt0_status_complete
                0x0000000010005100       0x44 CMakeFiles/rgb_remote.dir/home/aleksandar/pico/pico-sdk/lib/tinyusb/src/portable/raspberrypi/rp2040/dcd_rp2040.c.obj
                0x0000000010005100                dcd_edpt0_status_complete
 .text.dcd_edpt_open
                0x0000000010005144       0x40 CMakeFiles/rgb_remote.dir/home/aleksandar/pico/pico-sdk/lib/tinyusb/src/portable/raspberrypi/rp2040/dcd_rp2040.c.obj
                0x0000000010005144                dcd_edpt_open
 .text.dcd_edpt_xfer
                0x0000000010005184       0x34 CMakeFiles/rgb_remote.dir/home/aleksandar/pico/pico-sdk/lib/tinyusb/src/portable/raspberrypi/rp2040/dcd_rp2040.c.obj
                0x0000000010005184                dcd_edpt_xfer
 .text.dcd_edpt_stall
                0x00000000100051b8       0x28 CMakeFiles/rgb_remote.dir/home/aleksandar/pico/pico-sdk/lib/tinyusb/src/portable/raspberrypi/rp2040/dcd_rp2040.c.obj
                0x00000000100051b8                dcd_edpt_stall
 .text.dcd_edpt_clear_stall
                0x00000000100051e0       0x28 CMakeFiles/rgb_remote.dir/home/aleksandar/pico/pico-sdk/lib/tinyusb/src/portable/raspberrypi/rp2040/dcd_rp2040.c.obj
                0x00000000100051e0                dcd_edpt_clear_stall
 .text.rp2040_usb_init
                0x0000000010005208       0x50 CMakeFiles/rgb_remote.dir/home/aleksandar/pico/pico-sdk/lib/tinyusb/src/portable/raspberrypi/rp2040/rp2040_usb.c.obj
                0x0000000010005208                rp2040_usb_init
 .text.hw_endpoint_reset_transfer
                0x0000000010005258       0x14 CMakeFiles/rgb_remote.dir/home/aleksandar/pico/pico-sdk/lib/tinyusb/src/portable/raspberrypi/rp2040/rp2040_usb.c.obj
                0x0000000010005258                hw_endpoint_reset_transfer
 .text._hw_endpoint_buffer_control_update32
                0x000000001000526c       0x54 CMakeFiles/rgb_remote.dir/home/aleksandar/pico/pico-sdk/lib/tinyusb/src/portable/raspberrypi/rp2040/rp2040_usb.c.obj
                0x000000001000526c                _hw_endpoint_buffer_control_update32
 .text._hw_endpoint_start_next_buffer
                0x00000000100052c0       0x5a CMakeFiles/rgb_remote.dir/home/aleksandar/pico/pico-sdk/lib/tinyusb/src/portable/raspberrypi/rp2040/rp2040_usb.c.obj
                0x00000000100052c0                _hw_endpoint_start_next_buffer
 .text._hw_endpoint_xfer_start
                0x000000001000531a       0x46 CMakeFiles/rgb_remote.dir/home/aleksandar/pico/pico-sdk/lib/tinyusb/src/portable/raspberrypi/rp2040/rp2040_usb.c.obj
                0x000000001000531a                _hw_endpoint_xfer_start
 .text._hw_endpoint_xfer_sync
                0x0000000010005360       0x74 CMakeFiles/rgb_remote.dir/home/aleksandar/pico/pico-sdk/lib/tinyusb/src/portable/raspberrypi/rp2040/rp2040_usb.c.obj
                0x0000000010005360                _hw_endpoint_xfer_sync
 .text._hw_endpoint_xfer_continue
                0x00000000100053d4       0x58 CMakeFiles/rgb_remote.dir/home/aleksandar/pico/pico-sdk/lib/tinyusb/src/portable/raspberrypi/rp2040/rp2040_usb.c.obj
                0x00000000100053d4                _hw_endpoint_xfer_continue
 .text._hw_endpoint_xfer
                0x000000001000542c       0x34 CMakeFiles/rgb_remote.dir/home/aleksandar/pico/pico-sdk/lib/tinyusb/src/portable/raspberrypi/rp2040/rp2040_usb.c.obj
                0x000000001000542c                _hw_endpoint_xfer
 .text.mark_interface_endpoint
                0x0000000010005460       0x2a CMakeFiles/rgb_remote.dir/home/aleksandar/pico/pico-sdk/lib/tinyusb/src/device/usbd.c.obj
 *fill*         0x000000001000548a        0x2 
 .text.usbd_reset
                0x000000001000548c       0x88 CMakeFiles/rgb_remote.dir/home/aleksandar/pico/pico-sdk/lib/tinyusb/src/device/usbd.c.obj
 .text.invoke_class_control
                0x0000000010005514       0x18 CMakeFiles/rgb_remote.dir/home/aleksandar/pico/pico-sdk/lib/tinyusb/src/device/usbd.c.obj
 .text.process_set_config
                0x000000001000552c      0x1cc CMakeFiles/rgb_remote.dir/home/aleksandar/pico/pico-sdk/lib/tinyusb/src/device/usbd.c.obj
 .text.process_get_descriptor
                0x00000000100056f8       0xf4 CMakeFiles/rgb_remote.dir/home/aleksandar/pico/pico-sdk/lib/tinyusb/src/device/usbd.c.obj
 .text.tud_mounted
                0x00000000100057ec       0x10 CMakeFiles/rgb_remote.dir/home/aleksandar/pico/pico-sdk/lib/tinyusb/src/device/usbd.c.obj
                0x00000000100057ec                tud_mounted
 .text.tud_suspended
                0x00000000100057fc       0x10 CMakeFiles/rgb_remote.dir/home/aleksandar/pico/pico-sdk/lib/tinyusb/src/device/usbd.c.obj
                0x00000000100057fc                tud_suspended
 .text.tud_init
                0x000000001000580c       0xb8 CMakeFiles/rgb_remote.dir/home/aleksandar/pico/pico-sdk/lib/tinyusb/src/device/usbd.c.obj
                0x000000001000580c                tud_init
 .text.dcd_event_handler
                0x00000000100058c4      0x1c4 CMakeFiles/rgb_remote.dir/home/aleksandar/pico/pico-sdk/lib/tinyusb/src/device/usbd.c.obj
                0x00000000100058c4                dcd_event_handler
 .text.dcd_event_bus_signal
                0x0000000010005a88       0x26 CMakeFiles/rgb_remote.dir/home/aleksandar/pico/pico-sdk/lib/tinyusb/src/device/usbd.c.obj
                0x0000000010005a88                dcd_event_bus_signal
 .text.dcd_event_setup_received
                0x0000000010005aae       0x34 CMakeFiles/rgb_remote.dir/home/aleksandar/pico/pico-sdk/lib/tinyusb/src/device/usbd.c.obj
                0x0000000010005aae                dcd_event_setup_received
 .text.dcd_event_xfer_complete
                0x0000000010005ae2       0x44 CMakeFiles/rgb_remote.dir/home/aleksandar/pico/pico-sdk/lib/tinyusb/src/device/usbd.c.obj
                0x0000000010005ae2                dcd_event_xfer_complete
 .text.usbd_edpt_open
                0x0000000010005b26        0x8 CMakeFiles/rgb_remote.dir/home/aleksandar/pico/pico-sdk/lib/tinyusb/src/device/usbd.c.obj
                0x0000000010005b26                usbd_edpt_open
 *fill*         0x0000000010005b2e        0x2 
 .text.usbd_open_edpt_pair
                0x0000000010005b30       0x8c CMakeFiles/rgb_remote.dir/home/aleksandar/pico/pico-sdk/lib/tinyusb/src/device/usbd.c.obj
                0x0000000010005b30                usbd_open_edpt_pair
 .text.usbd_edpt_claim
                0x0000000010005bbc       0x8c CMakeFiles/rgb_remote.dir/home/aleksandar/pico/pico-sdk/lib/tinyusb/src/device/usbd.c.obj
                0x0000000010005bbc                usbd_edpt_claim
 .text.usbd_edpt_release
                0x0000000010005c48       0x68 CMakeFiles/rgb_remote.dir/home/aleksandar/pico/pico-sdk/lib/tinyusb/src/device/usbd.c.obj
                0x0000000010005c48                usbd_edpt_release
 .text.usbd_edpt_xfer
                0x0000000010005cb0       0x80 CMakeFiles/rgb_remote.dir/home/aleksandar/pico/pico-sdk/lib/tinyusb/src/device/usbd.c.obj
                0x0000000010005cb0                usbd_edpt_xfer
 .text.usbd_edpt_stall
                0x0000000010005d30       0x2c CMakeFiles/rgb_remote.dir/home/aleksandar/pico/pico-sdk/lib/tinyusb/src/device/usbd.c.obj
                0x0000000010005d30                usbd_edpt_stall
 .text.usbd_edpt_clear_stall
                0x0000000010005d5c       0x2c CMakeFiles/rgb_remote.dir/home/aleksandar/pico/pico-sdk/lib/tinyusb/src/device/usbd.c.obj
                0x0000000010005d5c                usbd_edpt_clear_stall
 .text.usbd_edpt_stalled
                0x0000000010005d88       0x1c CMakeFiles/rgb_remote.dir/home/aleksandar/pico/pico-sdk/lib/tinyusb/src/device/usbd.c.obj
                0x0000000010005d88                usbd_edpt_stalled
 .text.process_control_request
                0x0000000010005da4      0x37c CMakeFiles/rgb_remote.dir/home/aleksandar/pico/pico-sdk/lib/tinyusb/src/device/usbd.c.obj
 .text.tud_task
                0x0000000010006120      0x204 CMakeFiles/rgb_remote.dir/home/aleksandar/pico/pico-sdk/lib/tinyusb/src/device/usbd.c.obj
                0x0000000010006120                tud_task
 .text._data_stage_xact
                0x0000000010006324       0x58 CMakeFiles/rgb_remote.dir/home/aleksandar/pico/pico-sdk/lib/tinyusb/src/device/usbd_control.c.obj
 .text.tud_control_status
                0x000000001000637c       0x38 CMakeFiles/rgb_remote.dir/home/aleksandar/pico/pico-sdk/lib/tinyusb/src/device/usbd_control.c.obj
                0x000000001000637c                tud_control_status
 .text.tud_control_xfer
                0x00000000100063b4       0xa8 CMakeFiles/rgb_remote.dir/home/aleksandar/pico/pico-sdk/lib/tinyusb/src/device/usbd_control.c.obj
                0x00000000100063b4                tud_control_xfer
 .text.usbd_control_reset
                0x000000001000645c       0x14 CMakeFiles/rgb_remote.dir/home/aleksandar/pico/pico-sdk/lib/tinyusb/src/device/usbd_control.c.obj
                0x000000001000645c                usbd_control_reset
 .text.usbd_control_set_complete_callback
                0x0000000010006470        0xc CMakeFiles/rgb_remote.dir/home/aleksandar/pico/pico-sdk/lib/tinyusb/src/device/usbd_control.c.obj
                0x0000000010006470                usbd_control_set_complete_callback
 .text.usbd_control_set_request
                0x000000001000647c       0x1c CMakeFiles/rgb_remote.dir/home/aleksandar/pico/pico-sdk/lib/tinyusb/src/device/usbd_control.c.obj
                0x000000001000647c                usbd_control_set_request
 .text.usbd_control_xfer_cb
                0x0000000010006498       0xe8 CMakeFiles/rgb_remote.dir/home/aleksandar/pico/pico-sdk/lib/tinyusb/src/device/usbd_control.c.obj
                0x0000000010006498                usbd_control_xfer_cb
 .text._prep_out_transaction
                0x0000000010006580       0x46 CMakeFiles/rgb_remote.dir/home/aleksandar/pico/pico-sdk/lib/tinyusb/src/class/cdc/cdc_device.c.obj
 *fill*         0x00000000100065c6        0x2 
 .text.tud_cdc_n_connected
                0x00000000100065c8       0x48 CMakeFiles/rgb_remote.dir/home/aleksandar/pico/pico-sdk/lib/tinyusb/src/class/cdc/cdc_device.c.obj
                0x00000000100065c8                tud_cdc_n_connected
 .text.tud_cdc_n_available
                0x0000000010006610       0x20 CMakeFiles/rgb_remote.dir/home/aleksandar/pico/pico-sdk/lib/tinyusb/src/class/cdc/cdc_device.c.obj
                0x0000000010006610                tud_cdc_n_available
 .text.tud_cdc_n_read
                0x0000000010006630       0x30 CMakeFiles/rgb_remote.dir/home/aleksandar/pico/pico-sdk/lib/tinyusb/src/class/cdc/cdc_device.c.obj
                0x0000000010006630                tud_cdc_n_read
 .text.tud_cdc_n_write_flush
                0x0000000010006660       0xc4 CMakeFiles/rgb_remote.dir/home/aleksandar/pico/pico-sdk/lib/tinyusb/src/class/cdc/cdc_device.c.obj
                0x0000000010006660                tud_cdc_n_write_flush
 .text.tud_cdc_n_write
                0x0000000010006724       0x38 CMakeFiles/rgb_remote.dir/home/aleksandar/pico/pico-sdk/lib/tinyusb/src/class/cdc/cdc_device.c.obj
                0x0000000010006724                tud_cdc_n_write
 .text.tud_cdc_n_write_available
                0x000000001000675c       0x20 CMakeFiles/rgb_remote.dir/home/aleksandar/pico/pico-sdk/lib/tinyusb/src/class/cdc/cdc_device.c.obj
                0x000000001000675c                tud_cdc_n_write_available
 .text.cdcd_init
                0x000000001000677c       0xe0 CMakeFiles/rgb_remote.dir/home/aleksandar/pico/pico-sdk/lib/tinyusb/src/class/cdc/cdc_device.c.obj
                0x000000001000677c                cdcd_init
 .text.cdcd_reset
                0x000000001000685c       0x44 CMakeFiles/rgb_remote.dir/home/aleksandar/pico/pico-sdk/lib/tinyusb/src/class/cdc/cdc_device.c.obj
                0x000000001000685c                cdcd_reset
 .text.cdcd_open
                0x00000000100068a0      0x118 CMakeFiles/rgb_remote.dir/home/aleksandar/pico/pico-sdk/lib/tinyusb/src/class/cdc/cdc_device.c.obj
                0x00000000100068a0                cdcd_open
 .text.cdcd_control_complete
                0x00000000100069b8       0x60 CMakeFiles/rgb_remote.dir/home/aleksandar/pico/pico-sdk/lib/tinyusb/src/class/cdc/cdc_device.c.obj
                0x00000000100069b8                cdcd_control_complete
 .text.cdcd_control_request
                0x0000000010006a18       0x9c CMakeFiles/rgb_remote.dir/home/aleksandar/pico/pico-sdk/lib/tinyusb/src/class/cdc/cdc_device.c.obj
                0x0000000010006a18                cdcd_control_request
 .text.cdcd_xfer_cb
                0x0000000010006ab4      0x130 CMakeFiles/rgb_remote.dir/home/aleksandar/pico/pico-sdk/lib/tinyusb/src/class/cdc/cdc_device.c.obj
                0x0000000010006ab4                cdcd_xfer_cb
 .text.tusb_init
                0x0000000010006be4       0x38 CMakeFiles/rgb_remote.dir/home/aleksandar/pico/pico-sdk/lib/tinyusb/src/tusb.c.obj
                0x0000000010006be4                tusb_init
 .text.tusb_inited
                0x0000000010006c1c        0xc CMakeFiles/rgb_remote.dir/home/aleksandar/pico/pico-sdk/lib/tinyusb/src/tusb.c.obj
                0x0000000010006c1c                tusb_inited
 .text.advance_pointer
                0x0000000010006c28       0x1e CMakeFiles/rgb_remote.dir/home/aleksandar/pico/pico-sdk/lib/tinyusb/src/common/tusb_fifo.c.obj
 .text.backward_pointer
                0x0000000010006c46       0x1a CMakeFiles/rgb_remote.dir/home/aleksandar/pico/pico-sdk/lib/tinyusb/src/common/tusb_fifo.c.obj
 .text.get_relative_pointer
                0x0000000010006c60       0x16 CMakeFiles/rgb_remote.dir/home/aleksandar/pico/pico-sdk/lib/tinyusb/src/common/tusb_fifo.c.obj
 .text.tu_fifo_lock
                0x0000000010006c76       0x12 CMakeFiles/rgb_remote.dir/home/aleksandar/pico/pico-sdk/lib/tinyusb/src/common/tusb_fifo.c.obj
 .text.tu_fifo_unlock
                0x0000000010006c88        0xe CMakeFiles/rgb_remote.dir/home/aleksandar/pico/pico-sdk/lib/tinyusb/src/common/tusb_fifo.c.obj
 .text._tu_fifo_peek_at
                0x0000000010006c96       0x66 CMakeFiles/rgb_remote.dir/home/aleksandar/pico/pico-sdk/lib/tinyusb/src/common/tusb_fifo.c.obj
 .text._ff_pull_n
                0x0000000010006cfc       0x4a CMakeFiles/rgb_remote.dir/home/aleksandar/pico/pico-sdk/lib/tinyusb/src/common/tusb_fifo.c.obj
 .text._tu_fifo_peek_at_n
                0x0000000010006d46       0x72 CMakeFiles/rgb_remote.dir/home/aleksandar/pico/pico-sdk/lib/tinyusb/src/common/tusb_fifo.c.obj
 .text._ff_push_n
                0x0000000010006db8       0x4a CMakeFiles/rgb_remote.dir/home/aleksandar/pico/pico-sdk/lib/tinyusb/src/common/tusb_fifo.c.obj
 .text.tu_fifo_config
                0x0000000010006e02       0x48 CMakeFiles/rgb_remote.dir/home/aleksandar/pico/pico-sdk/lib/tinyusb/src/common/tusb_fifo.c.obj
                0x0000000010006e02                tu_fifo_config
 .text.tu_fifo_count
                0x0000000010006e4a       0x1c CMakeFiles/rgb_remote.dir/home/aleksandar/pico/pico-sdk/lib/tinyusb/src/common/tusb_fifo.c.obj
                0x0000000010006e4a                tu_fifo_count
 .text.tu_fifo_remaining
                0x0000000010006e66       0x20 CMakeFiles/rgb_remote.dir/home/aleksandar/pico/pico-sdk/lib/tinyusb/src/common/tusb_fifo.c.obj
                0x0000000010006e66                tu_fifo_remaining
 .text.tu_fifo_read
                0x0000000010006e86       0x3a CMakeFiles/rgb_remote.dir/home/aleksandar/pico/pico-sdk/lib/tinyusb/src/common/tusb_fifo.c.obj
                0x0000000010006e86                tu_fifo_read
 .text.tu_fifo_read_n
                0x0000000010006ec0       0x3e CMakeFiles/rgb_remote.dir/home/aleksandar/pico/pico-sdk/lib/tinyusb/src/common/tusb_fifo.c.obj
                0x0000000010006ec0                tu_fifo_read_n
 .text.tu_fifo_write
                0x0000000010006efe       0x5c CMakeFiles/rgb_remote.dir/home/aleksandar/pico/pico-sdk/lib/tinyusb/src/common/tusb_fifo.c.obj
                0x0000000010006efe                tu_fifo_write
 .text.tu_fifo_write_n
                0x0000000010006f5a       0x7c CMakeFiles/rgb_remote.dir/home/aleksandar/pico/pico-sdk/lib/tinyusb/src/common/tusb_fifo.c.obj
                0x0000000010006f5a                tu_fifo_write_n
 .text.tu_fifo_clear
                0x0000000010006fd6       0x18 CMakeFiles/rgb_remote.dir/home/aleksandar/pico/pico-sdk/lib/tinyusb/src/common/tusb_fifo.c.obj
                0x0000000010006fd6                tu_fifo_clear
 *fill*         0x0000000010006fee        0x2 
 .text._pio_find_offset_for_program
                0x0000000010006ff0       0xac CMakeFiles/rgb_remote.dir/home/aleksandar/pico/pico-sdk/src/rp2_common/hardware_pio/pio.c.obj
 .text._pio_can_add_program_at_offset
                0x000000001000709c       0xa0 CMakeFiles/rgb_remote.dir/home/aleksandar/pico/pico-sdk/src/rp2_common/hardware_pio/pio.c.obj
 .text._pio_add_program_at_offset
                0x000000001000713c       0xa4 CMakeFiles/rgb_remote.dir/home/aleksandar/pico/pico-sdk/src/rp2_common/hardware_pio/pio.c.obj
 .text.pio_add_program
                0x00000000100071e0       0x38 CMakeFiles/rgb_remote.dir/home/aleksandar/pico/pico-sdk/src/rp2_common/hardware_pio/pio.c.obj
                0x00000000100071e0                pio_add_program
 .text.pio_sm_set_pins_with_mask
                0x0000000010007218       0x6c CMakeFiles/rgb_remote.dir/home/aleksandar/pico/pico-sdk/src/rp2_common/hardware_pio/pio.c.obj
                0x0000000010007218                pio_sm_set_pins_with_mask
 .text.pio_sm_set_pindirs_with_mask
                0x0000000010007284       0x70 CMakeFiles/rgb_remote.dir/home/aleksandar/pico/pico-sdk/src/rp2_common/hardware_pio/pio.c.obj
                0x0000000010007284                pio_sm_set_pindirs_with_mask
 .text.pio_sm_init
                0x00000000100072f4       0xa8 CMakeFiles/rgb_remote.dir/home/aleksandar/pico/pico-sdk/src/rp2_common/hardware_pio/pio.c.obj
                0x00000000100072f4                pio_sm_init
 .text          0x000000001000739c       0x18 /usr/lib/gcc/arm-none-eabi/9.2.1/../../../arm-none-eabi/lib/thumb/v6-m/nofp/libg.a(lib_a-calloc.o)
                0x000000001000739c                calloc
 .text          0x00000000100073b4       0x5c /usr/lib/gcc/arm-none-eabi/9.2.1/../../../arm-none-eabi/lib/thumb/v6-m/nofp/libg.a(lib_a-callocr.o)
                0x00000000100073b4                _calloc_r
 .text          0x0000000010007410       0x28 /usr/lib/gcc/arm-none-eabi/9.2.1/../../../arm-none-eabi/lib/thumb/v6-m/nofp/libg.a(lib_a-malloc.o)
                0x0000000010007410                malloc
                0x0000000010007424                free
 .text          0x0000000010007438      0x58c /usr/lib/gcc/arm-none-eabi/9.2.1/../../../arm-none-eabi/lib/thumb/v6-m/nofp/libg.a(lib_a-mallocr.o)
                0x0000000010007438                _malloc_r
 .text          0x00000000100079c4        0x8 /usr/lib/gcc/arm-none-eabi/9.2.1/../../../arm-none-eabi/lib/thumb/v6-m/nofp/libg.a(lib_a-mlock.o)
                0x00000000100079c4                __malloc_lock
                0x00000000100079c8                __malloc_unlock
 .text          0x00000000100079cc       0x24 /usr/lib/gcc/arm-none-eabi/9.2.1/../../../arm-none-eabi/lib/thumb/v6-m/nofp/libg.a(lib_a-sbrkr.o)
                0x00000000100079cc                _sbrk_r
 .text          0x00000000100079f0       0x68 /usr/lib/gcc/arm-none-eabi/9.2.1/../../../arm-none-eabi/lib/thumb/v6-m/nofp/libg.a(lib_a-strlen-stub.o)
                0x00000000100079f0                strlen
 .text          0x0000000010007a58      0x184 /usr/lib/gcc/arm-none-eabi/9.2.1/../../../arm-none-eabi/lib/thumb/v6-m/nofp/libg.a(lib_a-strtol.o)
                0x0000000010007ba4                _strtol_r
                0x0000000010007bac                strtol_l
                0x0000000010007bc4                strtol
 .text          0x0000000010007bdc        0xc /usr/lib/gcc/arm-none-eabi/9.2.1/../../../arm-none-eabi/lib/thumb/v6-m/nofp/libg.a(lib_a-errno.o)
                0x0000000010007bdc                __errno
 .text          0x0000000010007be8      0x27c /usr/lib/gcc/arm-none-eabi/9.2.1/../../../arm-none-eabi/lib/thumb/v6-m/nofp/libg.a(lib_a-freer.o)
                0x0000000010007be8                _malloc_trim_r
                0x0000000010007c88                _free_r
 *(.fini)
 .fini          0x0000000010007e64        0x4 /usr/lib/gcc/arm-none-eabi/9.2.1/thumb/v6-m/nofp/crti.o
                0x0000000010007e64                _fini
 .fini.__stub   0x0000000010007e68       0x60 linker stubs
 *crtbegin.o(.ctors)
 *crtbegin?.o(.ctors)
 *(EXCLUDE_FILE(*crtend.o *crtend?.o) .ctors)
 *(SORT_BY_NAME(.ctors.*))
 *(.ctors)
 *crtbegin.o(.dtors)
 *crtbegin?.o(.dtors)
 *(EXCLUDE_FILE(*crtend.o *crtend?.o) .dtors)
 *(SORT_BY_NAME(.dtors.*))
 *(.dtors)
 *(.eh_frame*)
 .eh_frame      0x0000000010007ec8        0x0 /usr/lib/gcc/arm-none-eabi/9.2.1/thumb/v6-m/nofp/crtbegin.o
                0x0000000010007ec8                . = ALIGN (0x4)

.glue_7         0x0000000010007ec8        0x0
 .glue_7        0x0000000010007ec8        0x0 linker stubs

.glue_7t        0x0000000010007ec8        0x0
 .glue_7t       0x0000000010007ec8        0x0 linker stubs

.vfp11_veneer   0x0000000010007ec8        0x0
 .vfp11_veneer  0x0000000010007ec8        0x0 linker stubs

.v4_bx          0x0000000010007ec8        0x0
 .v4_bx         0x0000000010007ec8        0x0 linker stubs

.iplt           0x0000000010007ec8        0x0
 .iplt          0x0000000010007ec8        0x0 /usr/lib/gcc/arm-none-eabi/9.2.1/thumb/v6-m/nofp/crtbegin.o

.rodata         0x0000000010007ec8     0x1708
 *(EXCLUDE_FILE(*libm.a: *libc.a:*lib_a-mem*.o *libgcc.a:) .rodata*)
 .rodata.main.str1.4
                0x0000000010007ec8       0xcf CMakeFiles/rgb_remote.dir/rgb_remote.c.obj
 *fill*         0x0000000010007f97        0x1 
 .rodata.__func__.7035
                0x0000000010007f98       0x13 CMakeFiles/rgb_remote.dir/rgb_remote.c.obj
 *fill*         0x0000000010007fab        0x1 
 .rodata.rgb_remote_mini_program
                0x0000000010007fac        0x6 CMakeFiles/rgb_remote.dir/rgb_remote.c.obj
 *fill*         0x0000000010007fb2        0x2 
 .rodata.rgb_remote_mini_program_instructions
                0x0000000010007fb4        0x4 CMakeFiles/rgb_remote.dir/rgb_remote.c.obj
 .rodata.spin_lock_claim_unused.str1.4
                0x0000000010007fb8       0x1b CMakeFiles/rgb_remote.dir/home/aleksandar/pico/pico-sdk/src/rp2_common/hardware_sync/sync.c.obj
 *fill*         0x0000000010007fd3        0x1 
 .rodata.alarm_pool_dump_key.str1.4
                0x0000000010007fd4       0x6f CMakeFiles/rgb_remote.dir/home/aleksandar/pico/pico-sdk/src/common/pico_time/time.c.obj
 *fill*         0x0000000010008043        0x1 
 .rodata.ph_add_child_node.str1.4
                0x0000000010008044       0x9a CMakeFiles/rgb_remote.dir/home/aleksandar/pico/pico-sdk/src/common/pico_time/time.c.obj
 *fill*         0x00000000100080de        0x2 
 .rodata.add_alarm_under_lock.str1.4
                0x00000000100080e0       0x27 CMakeFiles/rgb_remote.dir/home/aleksandar/pico/pico-sdk/src/common/pico_time/time.c.obj
 *fill*         0x0000000010008107        0x1 
 .rodata.alarm_pool_alarm_callback.str1.4
                0x0000000010008108       0x7d CMakeFiles/rgb_remote.dir/home/aleksandar/pico/pico-sdk/src/common/pico_time/time.c.obj
 *fill*         0x0000000010008185        0x3 
 .rodata.alarm_pool_get_default.str1.4
                0x0000000010008188       0x13 CMakeFiles/rgb_remote.dir/home/aleksandar/pico/pico-sdk/src/common/pico_time/time.c.obj
 *fill*         0x000000001000819b        0x1 
 .rodata.alarm_pool_cancel_alarm.str1.4
                0x000000001000819c       0x27 CMakeFiles/rgb_remote.dir/home/aleksandar/pico/pico-sdk/src/common/pico_time/time.c.obj
 *fill*         0x00000000100081c3        0x1 
 .rodata.__func__.5915
                0x00000000100081c4        0xc CMakeFiles/rgb_remote.dir/home/aleksandar/pico/pico-sdk/src/common/pico_time/time.c.obj
 .rodata.__func__.5922
                0x00000000100081d0       0x12 CMakeFiles/rgb_remote.dir/home/aleksandar/pico/pico-sdk/src/common/pico_time/time.c.obj
 *fill*         0x00000000100081e2        0x2 
 .rodata.__func__.5937
                0x00000000100081e4        0xa CMakeFiles/rgb_remote.dir/home/aleksandar/pico/pico-sdk/src/common/pico_time/time.c.obj
 *fill*         0x00000000100081ee        0x2 
 .rodata.__func__.5959
                0x00000000100081f0       0x14 CMakeFiles/rgb_remote.dir/home/aleksandar/pico/pico-sdk/src/common/pico_time/time.c.obj
 .rodata.__func__.6229
                0x0000000010008204       0x17 CMakeFiles/rgb_remote.dir/home/aleksandar/pico/pico-sdk/src/common/pico_time/time.c.obj
 *fill*         0x000000001000821b        0x1 
 .rodata.__func__.6234
                0x000000001000821c        0xa CMakeFiles/rgb_remote.dir/home/aleksandar/pico/pico-sdk/src/common/pico_time/time.c.obj
 *fill*         0x0000000010008226        0x2 
 .rodata.__func__.6239
                0x0000000010008228       0x12 CMakeFiles/rgb_remote.dir/home/aleksandar/pico/pico-sdk/src/common/pico_time/time.c.obj
 *fill*         0x000000001000823a        0x2 
 .rodata.__func__.6260
                0x000000001000823c       0x15 CMakeFiles/rgb_remote.dir/home/aleksandar/pico/pico-sdk/src/common/pico_time/time.c.obj
 *fill*         0x0000000010008251        0x3 
 .rodata.__func__.6277
                0x0000000010008254       0x1a CMakeFiles/rgb_remote.dir/home/aleksandar/pico/pico-sdk/src/common/pico_time/time.c.obj
 *fill*         0x000000001000826e        0x2 
 .rodata.__func__.6312
                0x0000000010008270       0x18 CMakeFiles/rgb_remote.dir/home/aleksandar/pico/pico-sdk/src/common/pico_time/time.c.obj
 .rodata.hardware_alarm_claim.str1.4
                0x0000000010008288       0x22 CMakeFiles/rgb_remote.dir/home/aleksandar/pico/pico-sdk/src/rp2_common/hardware_timer/timer.c.obj
 *fill*         0x00000000100082aa        0x2 
 .rodata.hardware_alarm_set_target.str1.4
                0x00000000100082ac       0x69 CMakeFiles/rgb_remote.dir/home/aleksandar/pico/pico-sdk/src/rp2_common/hardware_timer/timer.c.obj
 *fill*         0x0000000010008315        0x3 
 .rodata.__func__.4502
                0x0000000010008318       0x1a CMakeFiles/rgb_remote.dir/home/aleksandar/pico/pico-sdk/src/rp2_common/hardware_timer/timer.c.obj
 *fill*         0x0000000010008332        0x2 
 .rodata.lock_init.str1.4
                0x0000000010008334       0x6c CMakeFiles/rgb_remote.dir/home/aleksandar/pico/pico-sdk/src/common/pico_sync/lock_core.c.obj
 .rodata.__func__.4344
                0x00000000100083a0        0xa CMakeFiles/rgb_remote.dir/home/aleksandar/pico/pico-sdk/src/common/pico_sync/lock_core.c.obj
 *fill*         0x00000000100083aa        0x2 
 .rodata.str1.4
                0x00000000100083ac       0x60 CMakeFiles/rgb_remote.dir/home/aleksandar/pico/pico-sdk/src/common/pico_sync/mutex.c.obj
 .rodata.__func__.4559
                0x000000001000840c       0x15 CMakeFiles/rgb_remote.dir/home/aleksandar/pico/pico-sdk/src/common/pico_sync/mutex.c.obj
 *fill*         0x0000000010008421        0x3 
 .rodata.__func__.4578
                0x0000000010008424       0x18 CMakeFiles/rgb_remote.dir/home/aleksandar/pico/pico-sdk/src/common/pico_sync/mutex.c.obj
 .rodata.__func__.4587
                0x000000001000843c        0xb CMakeFiles/rgb_remote.dir/home/aleksandar/pico/pico-sdk/src/common/pico_sync/mutex.c.obj
 .rodata.ph_add_child_node.str1.4
                0x0000000010008447       0x9a CMakeFiles/rgb_remote.dir/home/aleksandar/pico/pico-sdk/src/common/pico_util/pheap.c.obj
 *fill*         0x0000000010008447        0x1 
 .rodata.ph_remove_any_head.str1.4
                0x0000000010008448       0x90 CMakeFiles/rgb_remote.dir/home/aleksandar/pico/pico-sdk/src/common/pico_util/pheap.c.obj
 .rodata.ph_delete.str1.4
                0x00000000100084d8       0x26 CMakeFiles/rgb_remote.dir/home/aleksandar/pico/pico-sdk/src/common/pico_util/pheap.c.obj
 *fill*         0x00000000100084fe        0x2 
 .rodata.__func__.5696
                0x0000000010008500        0xc CMakeFiles/rgb_remote.dir/home/aleksandar/pico/pico-sdk/src/common/pico_util/pheap.c.obj
 .rodata.__func__.5703
                0x000000001000850c       0x12 CMakeFiles/rgb_remote.dir/home/aleksandar/pico/pico-sdk/src/common/pico_util/pheap.c.obj
 *fill*         0x000000001000851e        0x2 
 .rodata.__func__.5776
                0x0000000010008520       0x13 CMakeFiles/rgb_remote.dir/home/aleksandar/pico/pico-sdk/src/common/pico_util/pheap.c.obj
 *fill*         0x0000000010008533        0x1 
 .rodata.__func__.5794
                0x0000000010008534        0xa CMakeFiles/rgb_remote.dir/home/aleksandar/pico/pico-sdk/src/common/pico_util/pheap.c.obj
 *fill*         0x000000001000853e        0x2 
 .rodata.__assert_func.str1.4
                0x0000000010008540       0x3f CMakeFiles/rgb_remote.dir/home/aleksandar/pico/pico-sdk/src/rp2_common/pico_runtime/runtime.c.obj
                                         0x43 (size before relaxing)
 *fill*         0x000000001000857f        0x1 
 .rodata.panic.str1.4
                0x0000000010008580       0x12 CMakeFiles/rgb_remote.dir/home/aleksandar/pico/pico-sdk/src/rp2_common/pico_runtime/runtime.c.obj
 *fill*         0x0000000010008592        0x2 
 .rodata.clock_configure.str1.4
                0x0000000010008594       0x5b CMakeFiles/rgb_remote.dir/home/aleksandar/pico/pico-sdk/src/rp2_common/hardware_clocks/clocks.c.obj
 *fill*         0x00000000100085ef        0x1 
 .rodata.__func__.4638
                0x00000000100085f0       0x10 CMakeFiles/rgb_remote.dir/home/aleksandar/pico/pico-sdk/src/rp2_common/hardware_clocks/clocks.c.obj
 .rodata.pll_init.str1.4
                0x0000000010008600       0xdf CMakeFiles/rgb_remote.dir/home/aleksandar/pico/pico-sdk/src/rp2_common/hardware_pll/pll.c.obj
 *fill*         0x00000000100086df        0x1 
 .rodata.__func__.4372
                0x00000000100086e0        0x9 CMakeFiles/rgb_remote.dir/home/aleksandar/pico/pico-sdk/src/rp2_common/hardware_pll/pll.c.obj
 *fill*         0x00000000100086e9        0x3 
 .rodata.make_branch.str1.4
                0x00000000100086ec       0x51 CMakeFiles/rgb_remote.dir/home/aleksandar/pico/pico-sdk/src/rp2_common/hardware_irq/irq.c.obj
 *fill*         0x000000001000873d        0x3 
 .rodata.irq_set_exclusive_handler.str1.4
                0x0000000010008740       0x36 CMakeFiles/rgb_remote.dir/home/aleksandar/pico/pico-sdk/src/rp2_common/hardware_irq/irq.c.obj
 *fill*         0x0000000010008776        0x2 
 .rodata.irq_add_shared_handler.str1.4
                0x0000000010008778       0xd9 CMakeFiles/rgb_remote.dir/home/aleksandar/pico/pico-sdk/src/rp2_common/hardware_irq/irq.c.obj
 *fill*         0x0000000010008851        0x3 
 .rodata.irq_remove_handler.str1.4
                0x0000000010008854       0x2a CMakeFiles/rgb_remote.dir/home/aleksandar/pico/pico-sdk/src/rp2_common/hardware_irq/irq.c.obj
 *fill*         0x000000001000887e        0x2 
 .rodata.irq_add_tail_to_free_list.str1.4
                0x0000000010008880       0x32 CMakeFiles/rgb_remote.dir/home/aleksandar/pico/pico-sdk/src/rp2_common/hardware_irq/irq.c.obj
                                         0x3a (size before relaxing)
 *fill*         0x00000000100088b2        0x2 
 .rodata.__func__.4463
                0x00000000100088b4       0x1a CMakeFiles/rgb_remote.dir/home/aleksandar/pico/pico-sdk/src/rp2_common/hardware_irq/irq.c.obj
 *fill*         0x00000000100088ce        0x2 
 .rodata.__func__.4477
                0x00000000100088d0        0xc CMakeFiles/rgb_remote.dir/home/aleksandar/pico/pico-sdk/src/rp2_common/hardware_irq/irq.c.obj
 .rodata.__func__.4485
                0x00000000100088dc       0x17 CMakeFiles/rgb_remote.dir/home/aleksandar/pico/pico-sdk/src/rp2_common/hardware_irq/irq.c.obj
 *fill*         0x00000000100088f3        0x1 
 .rodata.__func__.4489
                0x00000000100088f4        0xf CMakeFiles/rgb_remote.dir/home/aleksandar/pico/pico-sdk/src/rp2_common/hardware_irq/irq.c.obj
 *fill*         0x0000000010008903        0x1 
 .rodata.__func__.4525
                0x0000000010008904       0x13 CMakeFiles/rgb_remote.dir/home/aleksandar/pico/pico-sdk/src/rp2_common/hardware_irq/irq.c.obj
 *fill*         0x0000000010008917        0x1 
 .rodata.__func__.4544
                0x0000000010008918       0x1a CMakeFiles/rgb_remote.dir/home/aleksandar/pico/pico-sdk/src/rp2_common/hardware_irq/irq.c.obj
 *fill*         0x0000000010008932        0x2 
 .rodata._ftoa.str1.4
                0x0000000010008934       0x15 CMakeFiles/rgb_remote.dir/home/aleksandar/pico/pico-sdk/src/rp2_common/pico_printf/printf.c.obj
 *fill*         0x0000000010008949        0x3 
 .rodata._vsnprintf
                0x000000001000894c      0x1e0 CMakeFiles/rgb_remote.dir/home/aleksandar/pico/pico-sdk/src/rp2_common/pico_printf/printf.c.obj
 *fill*         0x0000000010008b2c        0x4 
 .rodata.pow10.5410
                0x0000000010008b30       0x50 CMakeFiles/rgb_remote.dir/home/aleksandar/pico/pico-sdk/src/rp2_common/pico_printf/printf.c.obj
 .rodata.__aeabi_double_init.str1.4
                0x0000000010008b80       0xac CMakeFiles/rgb_remote.dir/home/aleksandar/pico/pico-sdk/src/rp2_common/pico_double/double_init_rom.c.obj
 .rodata.__func__.4654
                0x0000000010008c2c       0x14 CMakeFiles/rgb_remote.dir/home/aleksandar/pico/pico-sdk/src/rp2_common/pico_double/double_init_rom.c.obj
 .rodata.__aeabi_float_init.str1.4
                0x0000000010008c40       0x7e CMakeFiles/rgb_remote.dir/home/aleksandar/pico/pico-sdk/src/rp2_common/pico_float/float_init_rom.c.obj
                                         0x82 (size before relaxing)
 *fill*         0x0000000010008cbe        0x2 
 .rodata.__func__.4656
                0x0000000010008cc0       0x13 CMakeFiles/rgb_remote.dir/home/aleksandar/pico/pico-sdk/src/rp2_common/pico_float/float_init_rom.c.obj
 *fill*         0x0000000010008cd3        0x1 
 .rodata.str1.4
                0x0000000010008cd4       0x34 CMakeFiles/rgb_remote.dir/home/aleksandar/pico/pico-sdk/src/rp2_common/pico_standard_link/binary_info.c.obj
 .rodata.__bi_40
                0x0000000010008d08        0xc CMakeFiles/rgb_remote.dir/home/aleksandar/pico/pico-sdk/src/rp2_common/pico_standard_link/binary_info.c.obj
 .rodata.__bi_52
                0x0000000010008d14        0xc CMakeFiles/rgb_remote.dir/home/aleksandar/pico/pico-sdk/src/rp2_common/pico_standard_link/binary_info.c.obj
 .rodata.__bi_71
                0x0000000010008d20        0xc CMakeFiles/rgb_remote.dir/home/aleksandar/pico/pico-sdk/src/rp2_common/pico_standard_link/binary_info.c.obj
 .rodata.crlf_str.5955
                0x0000000010008d2c        0x2 CMakeFiles/rgb_remote.dir/home/aleksandar/pico/pico-sdk/src/rp2_common/pico_stdio/stdio.c.obj
 *fill*         0x0000000010008d2e        0x2 
 .rodata.str1.4
                0x0000000010008d30       0x2c CMakeFiles/rgb_remote.dir/home/aleksandar/pico/pico-sdk/src/rp2_common/pico_stdio_uart/stdio_uart.c.obj
 .rodata.__bi_27.4685
                0x0000000010008d5c        0xc CMakeFiles/rgb_remote.dir/home/aleksandar/pico/pico-sdk/src/rp2_common/pico_stdio_uart/stdio_uart.c.obj
 .rodata.__bi_28.4689
                0x0000000010008d68        0x8 CMakeFiles/rgb_remote.dir/home/aleksandar/pico/pico-sdk/src/rp2_common/pico_stdio_uart/stdio_uart.c.obj
 .rodata.str1.4
                0x0000000010008d70       0x13 CMakeFiles/rgb_remote.dir/home/aleksandar/pico/pico-sdk/src/rp2_common/pico_stdio_usb/stdio_usb.c.obj
 *fill*         0x0000000010008d83        0x1 
 .rodata.__bi_93.7011
                0x0000000010008d84        0xc CMakeFiles/rgb_remote.dir/home/aleksandar/pico/pico-sdk/src/rp2_common/pico_stdio_usb/stdio_usb.c.obj
 .rodata.str1.4
                0x0000000010008d90       0x32 CMakeFiles/rgb_remote.dir/home/aleksandar/pico/pico-sdk/src/rp2_common/pico_stdio_usb/stdio_usb_descriptors.c.obj
 *fill*         0x0000000010008dc2        0x2 
 .rodata.usbd_desc_cfg
                0x0000000010008dc4       0x4b CMakeFiles/rgb_remote.dir/home/aleksandar/pico/pico-sdk/src/rp2_common/pico_stdio_usb/stdio_usb_descriptors.c.obj
 *fill*         0x0000000010008e0f        0x1 
 .rodata.usbd_desc_device
                0x0000000010008e10       0x12 CMakeFiles/rgb_remote.dir/home/aleksandar/pico/pico-sdk/src/rp2_common/pico_stdio_usb/stdio_usb_descriptors.c.obj
 *fill*         0x0000000010008e22        0x2 
 .rodata.usbd_desc_str
                0x0000000010008e24       0x14 CMakeFiles/rgb_remote.dir/home/aleksandar/pico/pico-sdk/src/rp2_common/pico_stdio_usb/stdio_usb_descriptors.c.obj
 .rodata._hw_endpoint_alloc.str1.4
                0x0000000010008e38       0xb9 CMakeFiles/rgb_remote.dir/home/aleksandar/pico/pico-sdk/lib/tinyusb/src/portable/raspberrypi/rp2040/dcd_rp2040.c.obj
 *fill*         0x0000000010008ef1        0x3 
 .rodata._hw_endpoint_init.str1.4
                0x0000000010008ef4       0x28 CMakeFiles/rgb_remote.dir/home/aleksandar/pico/pico-sdk/lib/tinyusb/src/portable/raspberrypi/rp2040/dcd_rp2040.c.obj
 .rodata.hw_handle_buff_status.str1.4
                0x0000000010008f1c        0xb CMakeFiles/rgb_remote.dir/home/aleksandar/pico/pico-sdk/lib/tinyusb/src/portable/raspberrypi/rp2040/dcd_rp2040.c.obj
 *fill*         0x0000000010008f27        0x1 
 .rodata.dcd_rp2040_irq.str1.4
                0x0000000010008f28       0x14 CMakeFiles/rgb_remote.dir/home/aleksandar/pico/pico-sdk/lib/tinyusb/src/portable/raspberrypi/rp2040/dcd_rp2040.c.obj
 .rodata._hw_endpoint_stall.str1.4
                0x0000000010008f3c        0xd CMakeFiles/rgb_remote.dir/home/aleksandar/pico/pico-sdk/lib/tinyusb/src/portable/raspberrypi/rp2040/dcd_rp2040.c.obj
 *fill*         0x0000000010008f49        0x3 
 .rodata.dcd_int_enable.str1.4
                0x0000000010008f4c        0xc CMakeFiles/rgb_remote.dir/home/aleksandar/pico/pico-sdk/lib/tinyusb/src/portable/raspberrypi/rp2040/dcd_rp2040.c.obj
 .rodata.__func__.6742
                0x0000000010008f58       0x13 CMakeFiles/rgb_remote.dir/home/aleksandar/pico/pico-sdk/lib/tinyusb/src/portable/raspberrypi/rp2040/dcd_rp2040.c.obj
 *fill*         0x0000000010008f6b        0x1 
 .rodata.__func__.6773
                0x0000000010008f6c       0x16 CMakeFiles/rgb_remote.dir/home/aleksandar/pico/pico-sdk/lib/tinyusb/src/portable/raspberrypi/rp2040/dcd_rp2040.c.obj
 *fill*         0x0000000010008f82        0x2 
 .rodata.__func__.6794
                0x0000000010008f84       0x13 CMakeFiles/rgb_remote.dir/home/aleksandar/pico/pico-sdk/lib/tinyusb/src/portable/raspberrypi/rp2040/dcd_rp2040.c.obj
 *fill*         0x0000000010008f97        0x1 
 .rodata.__func__.6815
                0x0000000010008f98        0x9 CMakeFiles/rgb_remote.dir/home/aleksandar/pico/pico-sdk/lib/tinyusb/src/portable/raspberrypi/rp2040/dcd_rp2040.c.obj
 *fill*         0x0000000010008fa1        0x3 
 .rodata.__func__.6819
                0x0000000010008fa4        0xf CMakeFiles/rgb_remote.dir/home/aleksandar/pico/pico-sdk/lib/tinyusb/src/portable/raspberrypi/rp2040/dcd_rp2040.c.obj
 *fill*         0x0000000010008fb3        0x1 
 .rodata.__func__.6828
                0x0000000010008fb4       0x10 CMakeFiles/rgb_remote.dir/home/aleksandar/pico/pico-sdk/lib/tinyusb/src/portable/raspberrypi/rp2040/dcd_rp2040.c.obj
 .rodata.__func__.6840
                0x0000000010008fc4        0xc CMakeFiles/rgb_remote.dir/home/aleksandar/pico/pico-sdk/lib/tinyusb/src/portable/raspberrypi/rp2040/dcd_rp2040.c.obj
 .rodata.__func__.6845
                0x0000000010008fd0       0x1a CMakeFiles/rgb_remote.dir/home/aleksandar/pico/pico-sdk/lib/tinyusb/src/portable/raspberrypi/rp2040/dcd_rp2040.c.obj
 *fill*         0x0000000010008fea        0x2 
 .rodata.__func__.6850
                0x0000000010008fec        0xe CMakeFiles/rgb_remote.dir/home/aleksandar/pico/pico-sdk/lib/tinyusb/src/portable/raspberrypi/rp2040/dcd_rp2040.c.obj
 *fill*         0x0000000010008ffa        0x2 
 .rodata.__func__.6857
                0x0000000010008ffc        0xe CMakeFiles/rgb_remote.dir/home/aleksandar/pico/pico-sdk/lib/tinyusb/src/portable/raspberrypi/rp2040/dcd_rp2040.c.obj
 *fill*         0x000000001000900a        0x2 
 .rodata.__func__.6862
                0x000000001000900c        0xf CMakeFiles/rgb_remote.dir/home/aleksandar/pico/pico-sdk/lib/tinyusb/src/portable/raspberrypi/rp2040/dcd_rp2040.c.obj
 *fill*         0x000000001000901b        0x1 
 .rodata.__func__.6867
                0x000000001000901c       0x15 CMakeFiles/rgb_remote.dir/home/aleksandar/pico/pico-sdk/lib/tinyusb/src/portable/raspberrypi/rp2040/dcd_rp2040.c.obj
 *fill*         0x0000000010009031        0x3 
 .rodata._hw_endpoint_buffer_control_update32.str1.4
                0x0000000010009034       0x1f CMakeFiles/rgb_remote.dir/home/aleksandar/pico/pico-sdk/lib/tinyusb/src/portable/raspberrypi/rp2040/rp2040_usb.c.obj
 *fill*         0x0000000010009053        0x1 
 .rodata._hw_endpoint_xfer_sync.str1.4
                0x0000000010009054       0x95 CMakeFiles/rgb_remote.dir/home/aleksandar/pico/pico-sdk/lib/tinyusb/src/portable/raspberrypi/rp2040/rp2040_usb.c.obj
 *fill*         0x00000000100090e9        0x3 
 .rodata._hw_endpoint_xfer_continue.str1.4
                0x00000000100090ec       0x50 CMakeFiles/rgb_remote.dir/home/aleksandar/pico/pico-sdk/lib/tinyusb/src/portable/raspberrypi/rp2040/rp2040_usb.c.obj
 .rodata._hw_endpoint_xfer.str1.4
                0x000000001000913c        0xf CMakeFiles/rgb_remote.dir/home/aleksandar/pico/pico-sdk/lib/tinyusb/src/portable/raspberrypi/rp2040/rp2040_usb.c.obj
 .rodata.str1.4
                0x000000001000914b        0xf CMakeFiles/rgb_remote.dir/home/aleksandar/pico/pico-sdk/lib/tinyusb/src/portable/raspberrypi/rp2040/rp2040_usb.c.obj
                                          0x7 (size before relaxing)
 *fill*         0x000000001000914b        0x1 
 .rodata.__func__.6612
                0x000000001000914c       0x17 CMakeFiles/rgb_remote.dir/home/aleksandar/pico/pico-sdk/lib/tinyusb/src/portable/raspberrypi/rp2040/rp2040_usb.c.obj
 *fill*         0x0000000010009163        0x1 
 .rodata.__func__.6623
                0x0000000010009164       0x12 CMakeFiles/rgb_remote.dir/home/aleksandar/pico/pico-sdk/lib/tinyusb/src/portable/raspberrypi/rp2040/rp2040_usb.c.obj
 *fill*         0x0000000010009176        0x2 
 .rodata.process_set_config.str1.4
                0x0000000010009178       0x17 CMakeFiles/rgb_remote.dir/home/aleksandar/pico/pico-sdk/lib/tinyusb/src/device/usbd.c.obj
 *fill*         0x000000001000918f        0x1 
 .rodata.process_get_descriptor
                0x0000000010009190       0x40 CMakeFiles/rgb_remote.dir/home/aleksandar/pico/pico-sdk/lib/tinyusb/src/device/usbd.c.obj
 .rodata.dcd_event_handler.str1.4
                0x00000000100091d0       0x50 CMakeFiles/rgb_remote.dir/home/aleksandar/pico/pico-sdk/lib/tinyusb/src/device/usbd.c.obj
 .rodata.process_control_request
                0x0000000010009220       0x28 CMakeFiles/rgb_remote.dir/home/aleksandar/pico/pico-sdk/lib/tinyusb/src/device/usbd.c.obj
 .rodata.tud_task
                0x0000000010009248       0x24 CMakeFiles/rgb_remote.dir/home/aleksandar/pico/pico-sdk/lib/tinyusb/src/device/usbd.c.obj
 .rodata.__func__.6356
                0x000000001000926c       0x13 CMakeFiles/rgb_remote.dir/home/aleksandar/pico/pico-sdk/lib/tinyusb/src/device/usbd.c.obj
 *fill*         0x000000001000927f        0x1 
 .rodata.__func__.6363
                0x0000000010009280       0x10 CMakeFiles/rgb_remote.dir/home/aleksandar/pico/pico-sdk/lib/tinyusb/src/device/usbd.c.obj
 .rodata.__func__.7134
                0x0000000010009290        0x9 CMakeFiles/rgb_remote.dir/home/aleksandar/pico/pico-sdk/lib/tinyusb/src/device/usbd.c.obj
 *fill*         0x0000000010009299        0x3 
 .rodata.__func__.7155
                0x000000001000929c       0x18 CMakeFiles/rgb_remote.dir/home/aleksandar/pico/pico-sdk/lib/tinyusb/src/device/usbd.c.obj
 .rodata.__func__.7194
                0x00000000100092b4       0x13 CMakeFiles/rgb_remote.dir/home/aleksandar/pico/pico-sdk/lib/tinyusb/src/device/usbd.c.obj
 *fill*         0x00000000100092c7        0x1 
 .rodata.__func__.7237
                0x00000000100092c8       0x17 CMakeFiles/rgb_remote.dir/home/aleksandar/pico/pico-sdk/lib/tinyusb/src/device/usbd.c.obj
 *fill*         0x00000000100092df        0x1 
 .rodata.__func__.7291
                0x00000000100092e0       0x14 CMakeFiles/rgb_remote.dir/home/aleksandar/pico/pico-sdk/lib/tinyusb/src/device/usbd.c.obj
 .rodata.__func__.7327
                0x00000000100092f4        0xf CMakeFiles/rgb_remote.dir/home/aleksandar/pico/pico-sdk/lib/tinyusb/src/device/usbd.c.obj
 *fill*         0x0000000010009303        0x1 
 .rodata._usbd_driver
                0x0000000010009304       0x1c CMakeFiles/rgb_remote.dir/home/aleksandar/pico/pico-sdk/lib/tinyusb/src/device/usbd.c.obj
 .rodata.tud_control_xfer.str1.4
                0x0000000010009320       0x17 CMakeFiles/rgb_remote.dir/home/aleksandar/pico/pico-sdk/lib/tinyusb/src/device/usbd_control.c.obj
 .rodata.__func__.7054
                0x0000000010009320       0x11 CMakeFiles/rgb_remote.dir/home/aleksandar/pico/pico-sdk/lib/tinyusb/src/device/usbd_control.c.obj
 *fill*         0x0000000010009331        0x3 
 .rodata.__func__.7072
                0x0000000010009334       0x15 CMakeFiles/rgb_remote.dir/home/aleksandar/pico/pico-sdk/lib/tinyusb/src/device/usbd_control.c.obj
 .rodata.tud_cdc_n_write_flush.str1.4
                0x0000000010009349       0x17 CMakeFiles/rgb_remote.dir/home/aleksandar/pico/pico-sdk/lib/tinyusb/src/class/cdc/cdc_device.c.obj
 *fill*         0x0000000010009349        0x3 
 .rodata.__func__.6996
                0x000000001000934c       0x16 CMakeFiles/rgb_remote.dir/home/aleksandar/pico/pico-sdk/lib/tinyusb/src/class/cdc/cdc_device.c.obj
 *fill*         0x0000000010009362        0x2 
 .rodata.__func__.7025
                0x0000000010009364        0xa CMakeFiles/rgb_remote.dir/home/aleksandar/pico/pico-sdk/lib/tinyusb/src/class/cdc/cdc_device.c.obj
 *fill*         0x000000001000936e        0x2 
 .rodata.__func__.7065
                0x0000000010009370        0xd CMakeFiles/rgb_remote.dir/home/aleksandar/pico/pico-sdk/lib/tinyusb/src/class/cdc/cdc_device.c.obj
 .rodata.tusb_init.str1.4
                0x000000001000937d       0x17 CMakeFiles/rgb_remote.dir/home/aleksandar/pico/pico-sdk/lib/tinyusb/src/tusb.c.obj
 *fill*         0x000000001000937d        0x3 
 .rodata.__func__.6933
                0x0000000010009380        0xa CMakeFiles/rgb_remote.dir/home/aleksandar/pico/pico-sdk/lib/tinyusb/src/tusb.c.obj
 *fill*         0x000000001000938a        0x2 
 .rodata._pio_find_offset_for_program.str1.4
                0x000000001000938c       0x87 CMakeFiles/rgb_remote.dir/home/aleksandar/pico/pico-sdk/src/rp2_common/hardware_pio/pio.c.obj
                                         0xda (size before relaxing)
 *fill*         0x0000000010009413        0x1 
 .rodata._pio_can_add_program_at_offset.str1.4
                0x0000000010009414       0x52 CMakeFiles/rgb_remote.dir/home/aleksandar/pico/pico-sdk/src/rp2_common/hardware_pio/pio.c.obj
 *fill*         0x0000000010009466        0x2 
 .rodata._pio_add_program_at_offset.str1.4
                0x0000000010009468       0x11 CMakeFiles/rgb_remote.dir/home/aleksandar/pico/pico-sdk/src/rp2_common/hardware_pio/pio.c.obj
 *fill*         0x0000000010009479        0x3 
 .rodata.__func__.4793
                0x000000001000947c        0xe CMakeFiles/rgb_remote.dir/home/aleksandar/pico/pico-sdk/src/rp2_common/hardware_pio/pio.c.obj
 *fill*         0x000000001000948a        0x2 
 .rodata.__func__.5060
                0x000000001000948c       0x1d CMakeFiles/rgb_remote.dir/home/aleksandar/pico/pico-sdk/src/rp2_common/hardware_pio/pio.c.obj
 *fill*         0x00000000100094a9        0x3 
 .rodata.__func__.5078
                0x00000000100094ac       0x1f CMakeFiles/rgb_remote.dir/home/aleksandar/pico/pico-sdk/src/rp2_common/hardware_pio/pio.c.obj
 *fill*         0x00000000100094cb        0x1 
 .rodata        0x00000000100094cc      0x101 /usr/lib/gcc/arm-none-eabi/9.2.1/../../../arm-none-eabi/lib/thumb/v6-m/nofp/libg.a(lib_a-ctype_.o)
                0x00000000100094cc                _ctype_
                0x00000000100095d0                . = ALIGN (0x4)
 *fill*         0x00000000100095cd        0x3 
 *(SORT_BY_ALIGNMENT(SORT_BY_NAME(.flashdata*)))
                0x00000000100095d0                . = ALIGN (0x4)

.rel.dyn        0x00000000100095d0        0x0
 .rel.iplt      0x00000000100095d0        0x0 /usr/lib/gcc/arm-none-eabi/9.2.1/thumb/v6-m/nofp/crtbegin.o

.ARM.extab
 *(.ARM.extab* .gnu.linkonce.armextab.*)
                0x00000000100095d0                __exidx_start = .

.ARM.exidx
 *(.ARM.exidx* .gnu.linkonce.armexidx.*)
                0x00000000100095d0                __exidx_end = .
                0x00000000100095d0                . = ALIGN (0x4)
                0x00000000100095d0                __binary_info_start = .

.binary_info    0x00000000100095d0       0x28
 *(.binary_info.keep.*)
 .binary_info.keep.__bi_ptr18
                0x00000000100095d0        0x4 CMakeFiles/rgb_remote.dir/home/aleksandar/pico/pico-sdk/src/rp2_common/pico_standard_link/binary_info.c.obj
 .binary_info.keep.__bi_ptr26
                0x00000000100095d4        0x4 CMakeFiles/rgb_remote.dir/home/aleksandar/pico/pico-sdk/src/rp2_common/pico_standard_link/binary_info.c.obj
 .binary_info.keep.__bi_ptr34
                0x00000000100095d8        0x4 CMakeFiles/rgb_remote.dir/home/aleksandar/pico/pico-sdk/src/rp2_common/pico_standard_link/binary_info.c.obj
 .binary_info.keep.__bi_ptr40
                0x00000000100095dc        0x4 CMakeFiles/rgb_remote.dir/home/aleksandar/pico/pico-sdk/src/rp2_common/pico_standard_link/binary_info.c.obj
 .binary_info.keep.__bi_ptr46
                0x00000000100095e0        0x4 CMakeFiles/rgb_remote.dir/home/aleksandar/pico/pico-sdk/src/rp2_common/pico_standard_link/binary_info.c.obj
 .binary_info.keep.__bi_ptr52
                0x00000000100095e4        0x4 CMakeFiles/rgb_remote.dir/home/aleksandar/pico/pico-sdk/src/rp2_common/pico_standard_link/binary_info.c.obj
 .binary_info.keep.__bi_ptr71
                0x00000000100095e8        0x4 CMakeFiles/rgb_remote.dir/home/aleksandar/pico/pico-sdk/src/rp2_common/pico_standard_link/binary_info.c.obj
 *(.binary_info.*)
 .binary_info.__bi_ptr27
                0x00000000100095ec        0x4 CMakeFiles/rgb_remote.dir/home/aleksandar/pico/pico-sdk/src/rp2_common/pico_stdio_uart/stdio_uart.c.obj