Archive member included to satisfy reference by file (symbol)

/usr/lib/gcc/arm-none-eabi/9.2.1/thumb/v6-m/nofp/libgcc.a(_dvmd_tls.o)
                              CMakeFiles/rgb_remote.dir/home/aleksandar/pico/pico-sdk/src/rp2_common/pico_divider/divider.S.obj (__aeabi_idiv0)
/usr/lib/gcc/arm-none-eabi/9.2.1/../../../arm-none-eabi/lib/thumb/v6-m/nofp/libg.a(lib_a-atexit.o)
                              /usr/lib/gcc/arm-none-eabi/9.2.1/../../../arm-none-eabi/lib/thumb/v6-m/nofp/crt0.o (atexit)
/usr/lib/gcc/arm-none-eabi/9.2.1/../../../arm-none-eabi/lib/thumb/v6-m/nofp/libg.a(lib_a-calloc.o)
                              CMakeFiles/rgb_remote.dir/home/aleksandar/pico/pico-sdk/src/rp2_common/pico_malloc/pico_malloc.c.obj (calloc)
/usr/lib/gcc/arm-none-eabi/9.2.1/../../../arm-none-eabi/lib/thumb/v6-m/nofp/libg.a(lib_a-callocr.o)
                              /usr/lib/gcc/arm-none-eabi/9.2.1/../../../arm-none-eabi/lib/thumb/v6-m/nofp/libg.a(lib_a-calloc.o) (_calloc_r)
/usr/lib/gcc/arm-none-eabi/9.2.1/../../../arm-none-eabi/lib/thumb/v6-m/nofp/libg.a(lib_a-ctype_.o)
                              CMakeFiles/rgb_remote.dir/home/aleksandar/pico/pico-sdk/lib/tinyusb/src/tusb.c.obj (_ctype_)
/usr/lib/gcc/arm-none-eabi/9.2.1/../../../arm-none-eabi/lib/thumb/v6-m/nofp/libg.a(lib_a-fini.o)
                              /usr/lib/gcc/arm-none-eabi/9.2.1/../../../arm-none-eabi/lib/thumb/v6-m/nofp/crt0.o (__libc_fini_array)
/usr/lib/gcc/arm-none-eabi/9.2.1/../../../arm-none-eabi/lib/thumb/v6-m/nofp/libg.a(lib_a-impure.o)
                              /usr/lib/gcc/arm-none-eabi/9.2.1/../../../arm-none-eabi/lib/thumb/v6-m/nofp/libg.a(lib_a-calloc.o) (_impure_ptr)
/usr/lib/gcc/arm-none-eabi/9.2.1/../../../arm-none-eabi/lib/thumb/v6-m/nofp/libg.a(lib_a-init.o)
                              /usr/lib/gcc/arm-none-eabi/9.2.1/../../../arm-none-eabi/lib/thumb/v6-m/nofp/crt0.o (__libc_init_array)
/usr/lib/gcc/arm-none-eabi/9.2.1/../../../arm-none-eabi/lib/thumb/v6-m/nofp/libg.a(lib_a-malloc.o)
                              CMakeFiles/rgb_remote.dir/home/aleksandar/pico/pico-sdk/src/rp2_common/pico_malloc/pico_malloc.c.obj (malloc)
/usr/lib/gcc/arm-none-eabi/9.2.1/../../../arm-none-eabi/lib/thumb/v6-m/nofp/libg.a(lib_a-mallocr.o)
                              /usr/lib/gcc/arm-none-eabi/9.2.1/../../../arm-none-eabi/lib/thumb/v6-m/nofp/libg.a(lib_a-callocr.o) (_malloc_r)
/usr/lib/gcc/arm-none-eabi/9.2.1/../../../arm-none-eabi/lib/thumb/v6-m/nofp/libg.a(lib_a-mlock.o)
                              /usr/lib/gcc/arm-none-eabi/9.2.1/../../../arm-none-eabi/lib/thumb/v6-m/nofp/libg.a(lib_a-mallocr.o) (__malloc_lock)
/usr/lib/gcc/arm-none-eabi/9.2.1/../../../arm-none-eabi/lib/thumb/v6-m/nofp/libg.a(lib_a-sbrkr.o)
                              /usr/lib/gcc/arm-none-eabi/9.2.1/../../../arm-none-eabi/lib/thumb/v6-m/nofp/libg.a(lib_a-mallocr.o) (_sbrk_r)
/usr/lib/gcc/arm-none-eabi/9.2.1/../../../arm-none-eabi/lib/thumb/v6-m/nofp/libg.a(lib_a-strlen-stub.o)
                              CMakeFiles/rgb_remote.dir/home/aleksandar/pico/pico-sdk/src/rp2_common/pico_stdio/stdio.c.obj (strlen)
/usr/lib/gcc/arm-none-eabi/9.2.1/../../../arm-none-eabi/lib/thumb/v6-m/nofp/libg.a(lib_a-__atexit.o)
                              /usr/lib/gcc/arm-none-eabi/9.2.1/../../../arm-none-eabi/lib/thumb/v6-m/nofp/libg.a(lib_a-atexit.o) (__register_exitproc)
/usr/lib/gcc/arm-none-eabi/9.2.1/../../../arm-none-eabi/lib/thumb/v6-m/nofp/libg.a(lib_a-freer.o)
                              /usr/lib/gcc/arm-none-eabi/9.2.1/../../../arm-none-eabi/lib/thumb/v6-m/nofp/libg.a(lib_a-malloc.o) (_free_r)
/usr/lib/gcc/arm-none-eabi/9.2.1/../../../arm-none-eabi/lib/thumb/v6-m/nofp/libg.a(lib_a-reent.o)
                              /usr/lib/gcc/arm-none-eabi/9.2.1/../../../arm-none-eabi/lib/thumb/v6-m/nofp/libg.a(lib_a-sbrkr.o) (errno)

Allocating common symbols
Common symbol       size              file

sf_table            0x100             CMakeFiles/rgb_remote.dir/home/aleksandar/pico/pico-sdk/src/rp2_common/pico_float/float_init_rom.c.obj
errno               0x4               /usr/lib/gcc/arm-none-eabi/9.2.1/../../../arm-none-eabi/lib/thumb/v6-m/nofp/libg.a(lib_a-reent.o)
_usbd_qdef_buf      0xc0              CMakeFiles/rgb_remote.dir/home/aleksandar/pico/pico-sdk/lib/tinyusb/src/device/usbd.c.obj
val                 0x4               CMakeFiles/rgb_remote.dir/rgb_remote.c.obj
sf_clz_func         0x4               CMakeFiles/rgb_remote.dir/home/aleksandar/pico/pico-sdk/src/rp2_common/pico_float/float_init_rom.c.obj
sd_table            0x100             CMakeFiles/rgb_remote.dir/home/aleksandar/pico/pico-sdk/src/rp2_common/pico_double/double_init_rom.c.obj
uart_char_to_line_feed
                    0x4               CMakeFiles/rgb_remote.dir/home/aleksandar/pico/pico-sdk/src/rp2_common/hardware_uart/uart.c.obj
ret                 0x4               CMakeFiles/rgb_remote.dir/rgb_remote.c.obj

Discarded input sections

[...]
Memory Configuration

Name             Origin             Length             Attributes
FLASH            0x0000000010000000 0x0000000000200000 xr
RAM              0x0000000020000000 0x0000000000040000 xrw
SCRATCH_X        0x0000000020040000 0x0000000000001000 xrw
SCRATCH_Y        0x0000000020041000 0x0000000000001000 xrw
*default*        0x0000000000000000 0xffffffffffffffff

Linker script and memory map

LOAD /usr/lib/gcc/arm-none-eabi/9.2.1/thumb/v6-m/nofp/crti.o
LOAD /usr/lib/gcc/arm-none-eabi/9.2.1/thumb/v6-m/nofp/crtbegin.o
LOAD /usr/lib/gcc/arm-none-eabi/9.2.1/../../../arm-none-eabi/lib/thumb/v6-m/nofp/crt0.o

.flash_begin    0x0000000010000000        0x0
                0x0000000010000000                __flash_binary_start = .

.boot2          0x0000000010000000      0x100
                0x0000000010000000                __boot2_start__ = .
 *(.boot2)
 .boot2         0x0000000010000000      0x100 /tmp/ccjZdGHM.o
                0x0000000010000100                __boot2_end__ = .
                0x0000000000000001                ASSERT (((__boot2_end__ - __boot2_start__) == 0x100), ERROR: Pico second stage bootloader must be 256 bytes in size)

.text           0x0000000010000100     0x7748
                0x0000000010000100                __logical_binary_start = .
 *(.vectors)
 .vectors       0x0000000010000100       0xd4 CMakeFiles/rgb_remote.dir/home/aleksandar/pico/pico-sdk/src/rp2_common/pico_standard_link/crt0.S.obj
                0x0000000010000100                __vectors
                0x00000000100001c0                isr_invalid
                0x00000000100001c2                isr_nmi
                0x00000000100001c4                isr_hardfault
                0x00000000100001c6                isr_svcall
                0x00000000100001c8                isr_pendsv
                0x00000000100001ca                isr_systick
                0x00000000100001cc                isr_irq30
                0x00000000100001cc                __unhandled_user_irq
                0x00000000100001cc                isr_irq13
                0x00000000100001cc                isr_irq27
                0x00000000100001cc                isr_irq31
                0x00000000100001cc                isr_irq5
                0x00000000100001cc                isr_irq11
                0x00000000100001cc                isr_irq23
                0x00000000100001cc                isr_irq18
                0x00000000100001cc                isr_irq28
                0x00000000100001cc                isr_irq19
                0x00000000100001cc                isr_irq0
                0x00000000100001cc                isr_irq6
                0x00000000100001cc                isr_irq22
                0x00000000100001cc                isr_irq17
                0x00000000100001cc                isr_irq14
                0x00000000100001cc                isr_irq2
                0x00000000100001cc                isr_irq10
                0x00000000100001cc                isr_irq8
                0x00000000100001cc                isr_irq24
                0x00000000100001cc                isr_irq1
                0x00000000100001cc                isr_irq7
                0x00000000100001cc                isr_irq21
                0x00000000100001cc                isr_irq20
                0x00000000100001cc                isr_irq15
                0x00000000100001cc                isr_irq25
                0x00000000100001cc                isr_irq4
                0x00000000100001cc                isr_irq16
                0x00000000100001cc                isr_irq29
                0x00000000100001cc                isr_irq26
                0x00000000100001cc                isr_irq3
                0x00000000100001cc                isr_irq12
                0x00000000100001cc                isr_irq9
                0x00000000100001d2                unhandled_user_irq_num_in_r0
 *(.binary_info_header)
 .binary_info_header
                0x00000000100001d4       0x14 CMakeFiles/rgb_remote.dir/home/aleksandar/pico/pico-sdk/src/rp2_common/pico_standard_link/crt0.S.obj
                0x00000000100001e8                __binary_info_header_end = .
 *(.reset)
 .reset         0x00000000100001e8       0xa8 CMakeFiles/rgb_remote.dir/home/aleksandar/pico/pico-sdk/src/rp2_common/pico_standard_link/crt0.S.obj
                0x00000000100001e8                _entry_point
                0x0000000010000266                __get_current_exception
 .reset         0x0000000010000290       0x30 CMakeFiles/rgb_remote.dir/home/aleksandar/pico/pico-sdk/src/rp2_common/pico_standard_link/binary_info.c.obj
 *(.init)
 .init          0x00000000100002c0        0x4 /usr/lib/gcc/arm-none-eabi/9.2.1/thumb/v6-m/nofp/crti.o
                0x00000000100002c0                _init
 *(EXCLUDE_FILE(*libm.a: *libc.a:*lib_a-mem*.o *libgcc.a:) .text*)
 .text          0x00000000100002c4       0x98 /usr/lib/gcc/arm-none-eabi/9.2.1/thumb/v6-m/nofp/crtbegin.o
 .text.put_rgb888
                0x000000001000035c       0x2a CMakeFiles/rgb_remote.dir/rgb_remote.c.obj
                0x000000001000035c                put_rgb888
 *fill*         0x0000000010000386        0x2 
 .text.main     0x0000000010000388      0x17c CMakeFiles/rgb_remote.dir/rgb_remote.c.obj
                0x0000000010000388                main
 .text.gpio_set_function
                0x0000000010000504       0x30 CMakeFiles/rgb_remote.dir/home/aleksandar/pico/pico-sdk/src/rp2_common/hardware_gpio/gpio.c.obj
                0x0000000010000504                gpio_set_function
 .text.hw_claim_lock
                0x0000000010000534       0x18 CMakeFiles/rgb_remote.dir/home/aleksandar/pico/pico-sdk/src/rp2_common/hardware_claim/claim.c.obj
                0x0000000010000534                hw_claim_lock
 .text.hw_claim_unlock
                0x000000001000054c       0x14 CMakeFiles/rgb_remote.dir/home/aleksandar/pico/pico-sdk/src/rp2_common/hardware_claim/claim.c.obj
                0x000000001000054c                hw_claim_unlock
 .text.hw_claim_or_assert
                0x0000000010000560       0x34 CMakeFiles/rgb_remote.dir/home/aleksandar/pico/pico-sdk/src/rp2_common/hardware_claim/claim.c.obj
                0x0000000010000560                hw_claim_or_assert
 .text.hw_claim_unused_from_range
                0x0000000010000594       0x56 CMakeFiles/rgb_remote.dir/home/aleksandar/pico/pico-sdk/src/rp2_common/hardware_claim/claim.c.obj
                0x0000000010000594                hw_claim_unused_from_range
 *fill*         0x00000000100005ea        0x2 
 .text.spin_locks_reset
                0x00000000100005ec       0x20 CMakeFiles/rgb_remote.dir/home/aleksandar/pico/pico-sdk/src/rp2_common/hardware_sync/sync.c.obj
                0x00000000100005ec                spin_locks_reset
 .text.next_striped_spin_lock_num
                0x000000001000060c       0x1c CMakeFiles/rgb_remote.dir/home/aleksandar/pico/pico-sdk/src/rp2_common/hardware_sync/sync.c.obj
                0x000000001000060c                next_striped_spin_lock_num
 .text.spin_lock_claim_unused
                0x0000000010000628       0x20 CMakeFiles/rgb_remote.dir/home/aleksandar/pico/pico-sdk/src/rp2_common/hardware_sync/sync.c.obj
                0x0000000010000628                spin_lock_claim_unused
 .text.running_on_fpga
                0x0000000010000648       0x14 CMakeFiles/rgb_remote.dir/home/aleksandar/pico/pico-sdk/src/rp2_common/pico_platform/platform.c.obj
                0x0000000010000648                running_on_fpga
 .text.uart_set_baudrate
                0x000000001000065c       0x64 CMakeFiles/rgb_remote.dir/home/aleksandar/pico/pico-sdk/src/rp2_common/hardware_uart/uart.c.obj
                0x000000001000065c                uart_set_baudrate
 .text.uart_set_translate_crlf
                0x00000000100006c0       0x28 CMakeFiles/rgb_remote.dir/home/aleksandar/pico/pico-sdk/src/rp2_common/hardware_uart/uart.c.obj
                0x00000000100006c0                uart_set_translate_crlf
 .text.uart_init
                0x00000000100006e8       0x80 CMakeFiles/rgb_remote.dir/home/aleksandar/pico/pico-sdk/src/rp2_common/hardware_uart/uart.c.obj
                0x00000000100006e8                uart_init
 .text.sev_callback
                0x0000000010000768        0x8 CMakeFiles/rgb_remote.dir/home/aleksandar/pico/pico-sdk/src/common/pico_time/time.c.obj
 .text.timer_pool_entry_comparator
                0x0000000010000770       0x7c CMakeFiles/rgb_remote.dir/home/aleksandar/pico/pico-sdk/src/common/pico_time/time.c.obj
                0x0000000010000770                timer_pool_entry_comparator
 .text.ph_add_child_node
                0x00000000100007ec       0xa4 CMakeFiles/rgb_remote.dir/home/aleksandar/pico/pico-sdk/src/common/pico_time/time.c.obj
 .text.ph_merge_nodes
                0x0000000010000890       0x3e CMakeFiles/rgb_remote.dir/home/aleksandar/pico/pico-sdk/src/common/pico_time/time.c.obj
 *fill*         0x00000000100008ce        0x2 
 .text.add_alarm_under_lock
                0x00000000100008d0      0x178 CMakeFiles/rgb_remote.dir/home/aleksandar/pico/pico-sdk/src/common/pico_time/time.c.obj
 .text.alarm_pool_alarm_callback
                0x0000000010000a48      0x2e8 CMakeFiles/rgb_remote.dir/home/aleksandar/pico/pico-sdk/src/common/pico_time/time.c.obj
 .text.alarm_pool_get_default
                0x0000000010000d30       0x28 CMakeFiles/rgb_remote.dir/home/aleksandar/pico/pico-sdk/src/common/pico_time/time.c.obj
                0x0000000010000d30                alarm_pool_get_default
 .text.alarm_pool_create
                0x0000000010000d58       0x6c CMakeFiles/rgb_remote.dir/home/aleksandar/pico/pico-sdk/src/common/pico_time/time.c.obj
                0x0000000010000d58                alarm_pool_create
 .text.alarm_pool_init_default
                0x0000000010000dc4       0x20 CMakeFiles/rgb_remote.dir/home/aleksandar/pico/pico-sdk/src/common/pico_time/time.c.obj
                0x0000000010000dc4                alarm_pool_init_default
 .text.alarm_pool_add_alarm_at
                0x0000000010000de4      0x12c CMakeFiles/rgb_remote.dir/home/aleksandar/pico/pico-sdk/src/common/pico_time/time.c.obj
                0x0000000010000de4                alarm_pool_add_alarm_at
 .text.alarm_pool_cancel_alarm
                0x0000000010000f10       0xec CMakeFiles/rgb_remote.dir/home/aleksandar/pico/pico-sdk/src/common/pico_time/time.c.obj
                0x0000000010000f10                alarm_pool_cancel_alarm
 .text.best_effort_wfe_or_timeout
                0x0000000010000ffc       0x80 CMakeFiles/rgb_remote.dir/home/aleksandar/pico/pico-sdk/src/common/pico_time/time.c.obj
                0x0000000010000ffc                best_effort_wfe_or_timeout
 .text.hardware_alarm_irq_handler
                0x000000001000107c       0x8c CMakeFiles/rgb_remote.dir/home/aleksandar/pico/pico-sdk/src/rp2_common/hardware_timer/timer.c.obj
 .text.hardware_alarm_claim
                0x0000000010001108       0x18 CMakeFiles/rgb_remote.dir/home/aleksandar/pico/pico-sdk/src/rp2_common/hardware_timer/timer.c.obj
                0x0000000010001108                hardware_alarm_claim
 .text.time_us_64
                0x0000000010001120       0x18 CMakeFiles/rgb_remote.dir/home/aleksandar/pico/pico-sdk/src/rp2_common/hardware_timer/timer.c.obj
                0x0000000010001120                time_us_64
 .text.hardware_alarm_set_callback
                0x0000000010001138       0x90 CMakeFiles/rgb_remote.dir/home/aleksandar/pico/pico-sdk/src/rp2_common/hardware_timer/timer.c.obj
                0x0000000010001138                hardware_alarm_set_callback
 .text.hardware_alarm_set_target
                0x00000000100011c8       0xd0 CMakeFiles/rgb_remote.dir/home/aleksandar/pico/pico-sdk/src/rp2_common/hardware_timer/timer.c.obj
                0x00000000100011c8                hardware_alarm_set_target
 .text.hardware_alarm_cancel
                0x0000000010001298       0x40 CMakeFiles/rgb_remote.dir/home/aleksandar/pico/pico-sdk/src/rp2_common/hardware_timer/timer.c.obj
                0x0000000010001298                hardware_alarm_cancel
 .text.lock_init
                0x00000000100012d8       0x30 CMakeFiles/rgb_remote.dir/home/aleksandar/pico/pico-sdk/src/common/pico_sync/lock_core.c.obj
                0x00000000100012d8                lock_init
 .text.mutex_init
                0x0000000010001308       0x1a CMakeFiles/rgb_remote.dir/home/aleksandar/pico/pico-sdk/src/common/pico_sync/mutex.c.obj
                0x0000000010001308                mutex_init
 .text.critical_section_init_with_lock_num
                0x0000000010001322        0xc CMakeFiles/rgb_remote.dir/home/aleksandar/pico/pico-sdk/src/common/pico_sync/critical_section.c.obj
                0x0000000010001322                critical_section_init_with_lock_num
 .text.critical_section_init
                0x000000001000132e       0x14 CMakeFiles/rgb_remote.dir/home/aleksandar/pico/pico-sdk/src/common/pico_sync/critical_section.c.obj
                0x000000001000132e                critical_section_init
 *fill*         0x0000000010001342        0x2 
 .text.ph_add_child_node
                0x0000000010001344       0xa4 CMakeFiles/rgb_remote.dir/home/aleksandar/pico/pico-sdk/src/common/pico_util/pheap.c.obj
 .text.ph_merge_nodes
                0x00000000100013e8       0x3e CMakeFiles/rgb_remote.dir/home/aleksandar/pico/pico-sdk/src/common/pico_util/pheap.c.obj
 *fill*         0x0000000010001426        0x2 
 .text.ph_clear
                0x0000000010001428       0x74 CMakeFiles/rgb_remote.dir/home/aleksandar/pico/pico-sdk/src/common/pico_util/pheap.c.obj
                0x0000000010001428                ph_clear
 .text.ph_create
                0x000000001000149c       0x2c CMakeFiles/rgb_remote.dir/home/aleksandar/pico/pico-sdk/src/common/pico_util/pheap.c.obj
                0x000000001000149c                ph_create
 .text.ph_merge_two_pass
                0x00000000100014c8       0xa8 CMakeFiles/rgb_remote.dir/home/aleksandar/pico/pico-sdk/src/common/pico_util/pheap.c.obj
                0x00000000100014c8                ph_merge_two_pass
 .text.ph_remove_any_head
                0x0000000010001570      0x108 CMakeFiles/rgb_remote.dir/home/aleksandar/pico/pico-sdk/src/common/pico_util/pheap.c.obj
 .text.ph_remove_head_reserve
                0x0000000010001678       0x14 CMakeFiles/rgb_remote.dir/home/aleksandar/pico/pico-sdk/src/common/pico_util/pheap.c.obj
                0x0000000010001678                ph_remove_head_reserve
 .text.ph_delete
                0x000000001000168c       0xf8 CMakeFiles/rgb_remote.dir/home/aleksandar/pico/pico-sdk/src/common/pico_util/pheap.c.obj
                0x000000001000168c                ph_delete
 .text.runtime_init
                0x0000000010001784       0xcc CMakeFiles/rgb_remote.dir/home/aleksandar/pico/pico-sdk/src/rp2_common/pico_runtime/runtime.c.obj
                0x0000000010001784                runtime_init
 .text._exit    0x0000000010001850        0x4 CMakeFiles/rgb_remote.dir/home/aleksandar/pico/pico-sdk/src/rp2_common/pico_runtime/runtime.c.obj
                0x0000000010001850                _exit
 .text._sbrk    0x0000000010001854       0x38 CMakeFiles/rgb_remote.dir/home/aleksandar/pico/pico-sdk/src/rp2_common/pico_runtime/runtime.c.obj
                0x0000000010001854                _sbrk
 .text.exit     0x000000001000188c        0x6 CMakeFiles/rgb_remote.dir/home/aleksandar/pico/pico-sdk/src/rp2_common/pico_runtime/runtime.c.obj
                0x000000001000188c                exit
 *fill*         0x0000000010001892        0x2 
 .text.__assert_func
                0x0000000010001894       0x3c CMakeFiles/rgb_remote.dir/home/aleksandar/pico/pico-sdk/src/rp2_common/pico_runtime/runtime.c.obj
                0x0000000010001894                __assert_func
 .text.panic    0x00000000100018d0       0x30 CMakeFiles/rgb_remote.dir/home/aleksandar/pico/pico-sdk/src/rp2_common/pico_runtime/runtime.c.obj
                0x00000000100018d0                panic
 .text.clock_configure
                0x0000000010001900       0xe8 CMakeFiles/rgb_remote.dir/home/aleksandar/pico/pico-sdk/src/rp2_common/hardware_clocks/clocks.c.obj
                0x0000000010001900                clock_configure
 .text.clocks_init
                0x00000000100019e8      0x124 CMakeFiles/rgb_remote.dir/home/aleksandar/pico/pico-sdk/src/rp2_common/hardware_clocks/clocks.c.obj
                0x00000000100019e8                clocks_init
 .text.clock_get_hz
                0x0000000010001b0c        0xc CMakeFiles/rgb_remote.dir/home/aleksandar/pico/pico-sdk/src/rp2_common/hardware_clocks/clocks.c.obj
                0x0000000010001b0c                clock_get_hz
 .text.watchdog_start_tick
                0x0000000010001b18       0x10 CMakeFiles/rgb_remote.dir/home/aleksandar/pico/pico-sdk/src/rp2_common/hardware_watchdog/watchdog.c.obj
                0x0000000010001b18                watchdog_start_tick
 .text.xosc_init
                0x0000000010001b28       0x28 CMakeFiles/rgb_remote.dir/home/aleksandar/pico/pico-sdk/src/rp2_common/hardware_xosc/xosc.c.obj
                0x0000000010001b28                xosc_init
 .text.pll_init
                0x0000000010001b50       0xd4 CMakeFiles/rgb_remote.dir/home/aleksandar/pico/pico-sdk/src/rp2_common/hardware_pll/pll.c.obj
                0x0000000010001b50                pll_init
 .text.set_raw_irq_handler_and_unlock
                0x0000000010001c24       0x28 CMakeFiles/rgb_remote.dir/home/aleksandar/pico/pico-sdk/src/rp2_common/hardware_irq/irq.c.obj
 .text.make_branch
                0x0000000010001c4c       0x34 CMakeFiles/rgb_remote.dir/home/aleksandar/pico/pico-sdk/src/rp2_common/hardware_irq/irq.c.obj
 .text.insert_branch_and_link
                0x0000000010001c80       0x40 CMakeFiles/rgb_remote.dir/home/aleksandar/pico/pico-sdk/src/rp2_common/hardware_irq/irq.c.obj
 .text.irq_is_enabled
                0x0000000010001cc0       0x18 CMakeFiles/rgb_remote.dir/home/aleksandar/pico/pico-sdk/src/rp2_common/hardware_irq/irq.c.obj
                0x0000000010001cc0                irq_is_enabled
 .text.irq_set_mask_enabled
                0x0000000010001cd8       0x20 CMakeFiles/rgb_remote.dir/home/aleksandar/pico/pico-sdk/src/rp2_common/hardware_irq/irq.c.obj
                0x0000000010001cd8                irq_set_mask_enabled
 .text.irq_set_enabled
                0x0000000010001cf8        0xe CMakeFiles/rgb_remote.dir/home/aleksandar/pico/pico-sdk/src/rp2_common/hardware_irq/irq.c.obj
                0x0000000010001cf8                irq_set_enabled
 *fill*         0x0000000010001d06        0x2 
 .text.irq_set_pending
                0x0000000010001d08       0x10 CMakeFiles/rgb_remote.dir/home/aleksandar/pico/pico-sdk/src/rp2_common/hardware_irq/irq.c.obj
                0x0000000010001d08                irq_set_pending
 .text.irq_get_vtable_handler
                0x0000000010001d18       0x10 CMakeFiles/rgb_remote.dir/home/aleksandar/pico/pico-sdk/src/rp2_common/hardware_irq/irq.c.obj
                0x0000000010001d18                irq_get_vtable_handler
 .text.irq_set_exclusive_handler
                0x0000000010001d28       0x54 CMakeFiles/rgb_remote.dir/home/aleksandar/pico/pico-sdk/src/rp2_common/hardware_irq/irq.c.obj
                0x0000000010001d28                irq_set_exclusive_handler
 .text.irq_remove_handler
                0x0000000010001d7c      0x1b4 CMakeFiles/rgb_remote.dir/home/aleksandar/pico/pico-sdk/src/rp2_common/hardware_irq/irq.c.obj
                0x0000000010001d7c                irq_remove_handler
 .text.irq_set_priority
                0x0000000010001f30       0x28 CMakeFiles/rgb_remote.dir/home/aleksandar/pico/pico-sdk/src/rp2_common/hardware_irq/irq.c.obj
                0x0000000010001f30                irq_set_priority
 .text.irq_add_tail_to_free_list
                0x0000000010001f58       0xf8 CMakeFiles/rgb_remote.dir/home/aleksandar/pico/pico-sdk/src/rp2_common/hardware_irq/irq.c.obj
                0x0000000010001f58                irq_add_tail_to_free_list
 .text.irq_init_priorities
                0x0000000010002050       0x16 CMakeFiles/rgb_remote.dir/home/aleksandar/pico/pico-sdk/src/rp2_common/hardware_irq/irq.c.obj
                0x0000000010002050                irq_init_priorities
 .text._out_null
                0x0000000010002066        0x2 CMakeFiles/rgb_remote.dir/home/aleksandar/pico/pico-sdk/src/rp2_common/pico_printf/printf.c.obj
 .text._out_fct
                0x0000000010002068        0xe CMakeFiles/rgb_remote.dir/home/aleksandar/pico/pico-sdk/src/rp2_common/pico_printf/printf.c.obj
 .text._atoi    0x0000000010002076       0x24 CMakeFiles/rgb_remote.dir/home/aleksandar/pico/pico-sdk/src/rp2_common/pico_printf/printf.c.obj
 .text._out_rev
                0x000000001000209a       0xae CMakeFiles/rgb_remote.dir/home/aleksandar/pico/pico-sdk/src/rp2_common/pico_printf/printf.c.obj
 .text._ntoa_format
                0x0000000010002148      0x110 CMakeFiles/rgb_remote.dir/home/aleksandar/pico/pico-sdk/src/rp2_common/pico_printf/printf.c.obj
 .text._ntoa_long
                0x0000000010002258       0xbc CMakeFiles/rgb_remote.dir/home/aleksandar/pico/pico-sdk/src/rp2_common/pico_printf/printf.c.obj
 .text._ntoa_long_long
                0x0000000010002314       0xe2 CMakeFiles/rgb_remote.dir/home/aleksandar/pico/pico-sdk/src/rp2_common/pico_printf/printf.c.obj
 *fill*         0x00000000100023f6        0x2 
 .text._etoa    0x00000000100023f8      0x3f4 CMakeFiles/rgb_remote.dir/home/aleksandar/pico/pico-sdk/src/rp2_common/pico_printf/printf.c.obj
 .text._ftoa    0x00000000100027ec      0x354 CMakeFiles/rgb_remote.dir/home/aleksandar/pico/pico-sdk/src/rp2_common/pico_printf/printf.c.obj
 .text._vsnprintf
                0x0000000010002b40      0x628 CMakeFiles/rgb_remote.dir/home/aleksandar/pico/pico-sdk/src/rp2_common/pico_printf/printf.c.obj
 .text.vfctprintf
                0x0000000010003168       0x20 CMakeFiles/rgb_remote.dir/home/aleksandar/pico/pico-sdk/src/rp2_common/pico_printf/printf.c.obj
                0x0000000010003168                vfctprintf
 .text          0x0000000010003188       0x10 CMakeFiles/rgb_remote.dir/home/aleksandar/pico/pico-sdk/src/rp2_common/pico_bit_ops/bit_ops_aeabi.S.obj
 .text.ctzsi    0x0000000010003198        0xc CMakeFiles/rgb_remote.dir/home/aleksandar/pico/pico-sdk/src/rp2_common/pico_bit_ops/bit_ops_aeabi.S.obj
                0x0000000010003198                __wrap___ctzsi2
 .text.rom_func_lookup
                0x00000000100031a4       0x10 CMakeFiles/rgb_remote.dir/home/aleksandar/pico/pico-sdk/src/rp2_common/pico_bootrom/bootrom.c.obj
                0x00000000100031a4                rom_func_lookup
 .text.rom_data_lookup
                0x00000000100031b4       0x10 CMakeFiles/rgb_remote.dir/home/aleksandar/pico/pico-sdk/src/rp2_common/pico_bootrom/bootrom.c.obj
                0x00000000100031b4                rom_data_lookup
 .text.rom_funcs_lookup
                0x00000000100031c4       0x36 CMakeFiles/rgb_remote.dir/home/aleksandar/pico/pico-sdk/src/rp2_common/pico_bootrom/bootrom.c.obj
                0x00000000100031c4                rom_funcs_lookup
 *fill*         0x00000000100031fa        0x2 
 .text.__wrap___aeabi_idiv
                0x00000000100031fc       0x58 CMakeFiles/rgb_remote.dir/home/aleksandar/pico/pico-sdk/src/rp2_common/pico_divider/divider.S.obj
                0x00000000100031fc                __wrap___aeabi_idivmod
                0x00000000100031fc                divmod_s32s32
                0x00000000100031fc                div_s32s32
                0x00000000100031fc                __wrap___aeabi_idiv
                0x0000000010003204                divmod_s32s32_unsafe
                0x0000000010003230                divmod_s32s32_savestate
 .text.__wrap___aeabi_uidiv
                0x0000000010003254       0x54 CMakeFiles/rgb_remote.dir/home/aleksandar/pico/pico-sdk/src/rp2_common/pico_divider/divider.S.obj
                0x0000000010003254                __wrap___aeabi_uidiv
                0x0000000010003254                __wrap___aeabi_uidivmod
                0x0000000010003254                div_u32u32
                0x0000000010003254                divmod_u32u32
                0x000000001000325c                divmod_u32u32_unsafe
                0x0000000010003284                divmod_u32u32_savestate
 .text.__wrap___aeabi_ldiv
                0x00000000100032a8      0x430 CMakeFiles/rgb_remote.dir/home/aleksandar/pico/pico-sdk/src/rp2_common/pico_divider/divider.S.obj
                0x00000000100032a8                div_s64s64
                0x00000000100032a8                divmod_s64s64
                0x00000000100032a8                __wrap___aeabi_ldivmod
                0x00000000100032e0                div_u64u64
                0x00000000100032e0                divmod_u64u64
                0x00000000100032e0                __wrap___aeabi_uldivmod
                0x00000000100032f0                divmod_u64u64_savestate
                0x0000000010003318                divmod_s64s64_unsafe
                0x00000000100033a0                divmod_u64u64_unsafe
 .text.__wrap___aeabi_darithmetic
                0x00000000100036d8       0x54 CMakeFiles/rgb_remote.dir/home/aleksandar/pico/pico-sdk/src/rp2_common/pico_double/double_aeabi.S.obj
                0x00000000100036d8                __wrap___aeabi_drsub
                0x00000000100036de                __wrap___aeabi_dsub
                0x00000000100036f0                __wrap___aeabi_dadd
                0x0000000010003702                __wrap___aeabi_ddiv
                0x0000000010003714                __wrap___aeabi_dmul
 .text.__wrap___aeabi_cdcmple
                0x000000001000372c       0x6c CMakeFiles/rgb_remote.dir/home/aleksandar/pico/pico-sdk/src/rp2_common/pico_double/double_aeabi.S.obj
                0x000000001000372c                __wrap___aeabi_cdrcmple
                0x000000001000373c                __wrap___aeabi_cdcmple
                0x000000001000373c                __wrap___aeabi_cdcmpeq
 .text.__wrap___aeabi_dcmplt
                0x0000000010003798        0xc CMakeFiles/rgb_remote.dir/home/aleksandar/pico/pico-sdk/src/rp2_common/pico_double/double_aeabi.S.obj
                0x0000000010003798                __wrap___aeabi_dcmplt
 .text.__wrap___aeabi_dcmple
                0x00000000100037a4       0x10 CMakeFiles/rgb_remote.dir/home/aleksandar/pico/pico-sdk/src/rp2_common/pico_double/double_aeabi.S.obj
                0x00000000100037a4                __wrap___aeabi_dcmple
 .text.__wrap___aeabi_dcmpge
                0x00000000100037b4       0x10 CMakeFiles/rgb_remote.dir/home/aleksandar/pico/pico-sdk/src/rp2_common/pico_double/double_aeabi.S.obj
                0x00000000100037b4                __wrap___aeabi_dcmpge
 .text.__wrap___aeabi_dcmpgt
                0x00000000100037c4        0xa CMakeFiles/rgb_remote.dir/home/aleksandar/pico/pico-sdk/src/rp2_common/pico_double/double_aeabi.S.obj
                0x00000000100037c4                __wrap___aeabi_dcmpgt
 .text.__wrap___aeabi_dcmpun
                0x00000000100037ce       0x1c CMakeFiles/rgb_remote.dir/home/aleksandar/pico/pico-sdk/src/rp2_common/pico_double/double_aeabi.S.obj
                0x00000000100037ce                __wrap___aeabi_dcmpun
 *fill*         0x00000000100037ea        0x2 
 .text.__wrap___aeabi_i2d
                0x00000000100037ec       0x38 CMakeFiles/rgb_remote.dir/home/aleksandar/pico/pico-sdk/src/rp2_common/pico_double/double_aeabi.S.obj
                0x00000000100037ec                __wrap___aeabi_ui2d
                0x00000000100037f4                __wrap___aeabi_i2d
 .text.__wrap___aeabi_d2iz
                0x0000000010003824       0x48 CMakeFiles/rgb_remote.dir/home/aleksandar/pico/pico-sdk/src/rp2_common/pico_double/double_aeabi.S.obj
                0x0000000010003824                __wrap___aeabi_d2iz
                0x0000000010003824                double2int_z
 .text.__wrap___aeabi_d2uiz
                0x000000001000386c       0x18 CMakeFiles/rgb_remote.dir/home/aleksandar/pico/pico-sdk/src/rp2_common/pico_double/double_aeabi.S.obj
                0x000000001000386c                double2uint
                0x000000001000386c                __wrap___aeabi_d2uiz
 .text.__aeabi_double_init
                0x0000000010003884       0xb4 CMakeFiles/rgb_remote.dir/home/aleksandar/pico/pico-sdk/src/rp2_common/pico_double/double_init_rom.c.obj
                0x0000000010003884                __aeabi_double_init
 .text.double_table_shim_on_use_helper
                0x0000000010003938       0x34 CMakeFiles/rgb_remote.dir/home/aleksandar/pico/pico-sdk/src/rp2_common/pico_double/double_v1_rom_shim.S.obj
                0x0000000010003938                double_table_shim_on_use_helper
 .text.__wrap___aeabi_dsub
                0x000000001000396c       0x10 CMakeFiles/rgb_remote.dir/home/aleksandar/pico/pico-sdk/src/rp2_common/pico_double/double_v1_rom_shim.S.obj
                0x000000001000396c                drsub_shim
                0x0000000010003972                dsub_shim
 .text.dadd_shim
                0x000000001000397c      0x15c CMakeFiles/rgb_remote.dir/home/aleksandar/pico/pico-sdk/src/rp2_common/pico_double/double_v1_rom_shim.S.obj
                0x000000001000397c                dadd_shim
 .text.dmul_shim
                0x0000000010003ad8      0x15c CMakeFiles/rgb_remote.dir/home/aleksandar/pico/pico-sdk/src/rp2_common/pico_double/double_v1_rom_shim.S.obj
                0x0000000010003ad8                dmul_shim
 .text.ddiv_shim
                0x0000000010003c34      0x1b0 CMakeFiles/rgb_remote.dir/home/aleksandar/pico/pico-sdk/src/rp2_common/pico_double/double_v1_rom_shim.S.obj
                0x0000000010003c34                ddiv_shim
 .text.dcordic_rot_step
                0x0000000010003de4       0x7c CMakeFiles/rgb_remote.dir/home/aleksandar/pico/pico-sdk/src/rp2_common/pico_double/double_v1_rom_shim.S.obj
                0x0000000010003de4                dcordic_rot_step
 .text.double2uint_shim
                0x0000000010003e60        0xe CMakeFiles/rgb_remote.dir/home/aleksandar/pico/pico-sdk/src/rp2_common/pico_double/double_v1_rom_shim.S.obj
                0x0000000010003e60                double2uint_shim
                0x0000000010003e62                double2ufix_shim
 *fill*         0x0000000010003e6e        0x2 
 .text.double2uint64_shim
                0x0000000010003e70       0x6c CMakeFiles/rgb_remote.dir/home/aleksandar/pico/pico-sdk/src/rp2_common/pico_double/double_v1_rom_shim.S.obj
                0x0000000010003e70                double2uint64_shim
                0x0000000010003e72                double2ufix64_shim
                0x0000000010003e8c                d2fix_a
 .text.dunpacks
                0x0000000010003edc       0x3c CMakeFiles/rgb_remote.dir/home/aleksandar/pico/pico-sdk/src/rp2_common/pico_double/double_v1_rom_shim.S.obj
                0x0000000010003edc                dunpacks
 .text.__aeabi_lmul
                0x0000000010003f18       0x32 CMakeFiles/rgb_remote.dir/home/aleksandar/pico/pico-sdk/src/rp2_common/pico_int64_ops/pico_int64_ops_aeabi.S.obj
                0x0000000010003f18                __wrap___aeabi_lmul
 *fill*         0x0000000010003f4a        0x2 
 .text.__wrap___aeabi_farithmetic
                0x0000000010003f4c       0x34 CMakeFiles/rgb_remote.dir/home/aleksandar/pico/pico-sdk/src/rp2_common/pico_float/float_aeabi.S.obj
                0x0000000010003f4c                __wrap___aeabi_frsub
                0x0000000010003f52                __wrap___aeabi_fsub
                0x0000000010003f5c                __wrap___aeabi_fadd
                0x0000000010003f66                __wrap___aeabi_fdiv
                0x0000000010003f70                __wrap___aeabi_fmul
 .text.__wrap___aeabi_ui2f
                0x0000000010003f80        0xa CMakeFiles/rgb_remote.dir/home/aleksandar/pico/pico-sdk/src/rp2_common/pico_float/float_aeabi.S.obj
                0x0000000010003f80                __wrap___aeabi_ui2f
 *fill*         0x0000000010003f8a        0x2 
 .text.__wrap___aeabi_i2f
                0x0000000010003f8c       0x44 CMakeFiles/rgb_remote.dir/home/aleksandar/pico/pico-sdk/src/rp2_common/pico_float/float_aeabi.S.obj
                0x0000000010003f8c                __wrap___aeabi_i2f
 .text.__wrap___aeabi_f2uiz
                0x0000000010003fd0       0x10 CMakeFiles/rgb_remote.dir/home/aleksandar/pico/pico-sdk/src/rp2_common/pico_float/float_aeabi.S.obj
                0x0000000010003fd0                __wrap___aeabi_f2uiz
 .text.__aeabi_float_init
                0x0000000010003fe0       0xfc CMakeFiles/rgb_remote.dir/home/aleksandar/pico/pico-sdk/src/rp2_common/pico_float/float_init_rom.c.obj
                0x0000000010003fe0                __aeabi_float_init
 .text.float_table_shim_on_use_helper
                0x00000000100040dc       0x34 CMakeFiles/rgb_remote.dir/home/aleksandar/pico/pico-sdk/src/rp2_common/pico_float/float_v1_rom_shim.S.obj
                0x00000000100040dc                float_table_shim_on_use_helper
 .text.__wrap_malloc
                0x0000000010004110        0x8 CMakeFiles/rgb_remote.dir/home/aleksandar/pico/pico-sdk/src/rp2_common/pico_malloc/pico_malloc.c.obj
                0x0000000010004110                __wrap_malloc
 .text.__wrap_calloc
                0x0000000010004118        0x8 CMakeFiles/rgb_remote.dir/home/aleksandar/pico/pico-sdk/src/rp2_common/pico_malloc/pico_malloc.c.obj
                0x0000000010004118                __wrap_calloc
 .text          0x0000000010004120       0x10 CMakeFiles/rgb_remote.dir/home/aleksandar/pico/pico-sdk/src/rp2_common/pico_mem_ops/mem_ops_aeabi.S.obj
                0x0000000010004120                __aeabi_mem_init
 .text.memset   0x0000000010004130        0xc CMakeFiles/rgb_remote.dir/home/aleksandar/pico/pico-sdk/src/rp2_common/pico_mem_ops/mem_ops_aeabi.S.obj
                0x0000000010004130                __wrap_memset
 .text.memcpy   0x000000001000413c        0xc CMakeFiles/rgb_remote.dir/home/aleksandar/pico/pico-sdk/src/rp2_common/pico_mem_ops/mem_ops_aeabi.S.obj
                0x000000001000413c                __wrap___aeabi_memcpy
                0x000000001000413c                __wrap_memcpy
 .text.stdio_out_chars_crlf
                0x0000000010004148       0x80 CMakeFiles/rgb_remote.dir/home/aleksandar/pico/pico-sdk/src/rp2_common/pico_stdio/stdio.c.obj
 .text.stdio_stack_buffer_flush
                0x00000000100041c8       0x44 CMakeFiles/rgb_remote.dir/home/aleksandar/pico/pico-sdk/src/rp2_common/pico_stdio/stdio.c.obj
 .text.stdio_buffered_printer
                0x000000001000420c       0x20 CMakeFiles/rgb_remote.dir/home/aleksandar/pico/pico-sdk/src/rp2_common/pico_stdio/stdio.c.obj
 .text.stdout_serialize_begin
                0x000000001000422c       0x2c CMakeFiles/rgb_remote.dir/home/aleksandar/pico/pico-sdk/src/rp2_common/pico_stdio/stdio.c.obj
                0x000000001000422c                stdout_serialize_begin
 .text.stdout_serialize_end
                0x0000000010004258       0x10 CMakeFiles/rgb_remote.dir/home/aleksandar/pico/pico-sdk/src/rp2_common/pico_stdio/stdio.c.obj
                0x0000000010004258                stdout_serialize_end
 .text.stdio_put_string
                0x0000000010004268       0x84 CMakeFiles/rgb_remote.dir/home/aleksandar/pico/pico-sdk/src/rp2_common/pico_stdio/stdio.c.obj
 .text.stdio_set_driver_enabled
                0x00000000100042ec       0x38 CMakeFiles/rgb_remote.dir/home/aleksandar/pico/pico-sdk/src/rp2_common/pico_stdio/stdio.c.obj
                0x00000000100042ec                stdio_set_driver_enabled
 .text.stdio_flush
                0x0000000010004324       0x20 CMakeFiles/rgb_remote.dir/home/aleksandar/pico/pico-sdk/src/rp2_common/pico_stdio/stdio.c.obj
                0x0000000010004324                stdio_flush
 .text.__wrap_puts
                0x0000000010004344       0x1c CMakeFiles/rgb_remote.dir/home/aleksandar/pico/pico-sdk/src/rp2_common/pico_stdio/stdio.c.obj
                0x0000000010004344                __wrap_puts
 .text.__wrap_vprintf
                0x0000000010004360       0x44 CMakeFiles/rgb_remote.dir/home/aleksandar/pico/pico-sdk/src/rp2_common/pico_stdio/stdio.c.obj
                0x0000000010004360                __wrap_vprintf
 .text.__wrap_printf
                0x00000000100043a4       0x18 CMakeFiles/rgb_remote.dir/home/aleksandar/pico/pico-sdk/src/rp2_common/pico_stdio/stdio.c.obj
                0x00000000100043a4                __wrap_printf
 .text.stdio_init_all
                0x00000000100043bc        0xc CMakeFiles/rgb_remote.dir/home/aleksandar/pico/pico-sdk/src/rp2_common/pico_stdio/stdio.c.obj
                0x00000000100043bc                stdio_init_all
 .text.stdio_uart_out_chars
                0x00000000100043c8       0x6c CMakeFiles/rgb_remote.dir/home/aleksandar/pico/pico-sdk/src/rp2_common/pico_stdio_uart/stdio_uart.c.obj
 .text.stdio_uart_in_chars
                0x0000000010004434       0x58 CMakeFiles/rgb_remote.dir/home/aleksandar/pico/pico-sdk/src/rp2_common/pico_stdio_uart/stdio_uart.c.obj
                0x0000000010004434                stdio_uart_in_chars
 .text.stdio_uart_init_full
                0x000000001000448c       0x34 CMakeFiles/rgb_remote.dir/home/aleksandar/pico/pico-sdk/src/rp2_common/pico_stdio_uart/stdio_uart.c.obj
                0x000000001000448c                stdio_uart_init_full
 .text.stdio_uart_init
                0x00000000100044c0       0x28 CMakeFiles/rgb_remote.dir/home/aleksandar/pico/pico-sdk/src/rp2_common/pico_stdio_uart/stdio_uart.c.obj
                0x00000000100044c0                stdio_uart_init
 .text.stdio_usb_in_chars
                0x00000000100044e8       0x70 CMakeFiles/rgb_remote.dir/home/aleksandar/pico/pico-sdk/src/rp2_common/pico_stdio_usb/stdio_usb.c.obj
                0x00000000100044e8                stdio_usb_in_chars
 .text.low_priority_worker_irq
                0x0000000010004558       0x20 CMakeFiles/rgb_remote.dir/home/aleksandar/pico/pico-sdk/src/rp2_common/pico_stdio_usb/stdio_usb.c.obj
 .text.stdio_usb_out_chars
                0x0000000010004578       0xd4 CMakeFiles/rgb_remote.dir/home/aleksandar/pico/pico-sdk/src/rp2_common/pico_stdio_usb/stdio_usb.c.obj
 .text.timer_task
                0x000000001000464c       0x10 CMakeFiles/rgb_remote.dir/home/aleksandar/pico/pico-sdk/src/rp2_common/pico_stdio_usb/stdio_usb.c.obj
 .text.stdio_usb_init
                0x000000001000465c       0x8c CMakeFiles/rgb_remote.dir/home/aleksandar/pico/pico-sdk/src/rp2_common/pico_stdio_usb/stdio_usb.c.obj
                0x000000001000465c                stdio_usb_init
 .text.tud_descriptor_device_cb
                0x00000000100046e8        0x8 CMakeFiles/rgb_remote.dir/home/aleksandar/pico/pico-sdk/src/rp2_common/pico_stdio_usb/stdio_usb_descriptors.c.obj
                0x00000000100046e8                tud_descriptor_device_cb
 .text.tud_descriptor_configuration_cb
                0x00000000100046f0        0x8 CMakeFiles/rgb_remote.dir/home/aleksandar/pico/pico-sdk/src/rp2_common/pico_stdio_usb/stdio_usb_descriptors.c.obj
                0x00000000100046f0                tud_descriptor_configuration_cb
 .text.tud_descriptor_string_cb
                0x00000000100046f8       0x50 CMakeFiles/rgb_remote.dir/home/aleksandar/pico/pico-sdk/src/rp2_common/pico_stdio_usb/stdio_usb_descriptors.c.obj
                0x00000000100046f8                tud_descriptor_string_cb
 .text.hw_endpoint_get_by_addr
                0x0000000010004748       0x1c CMakeFiles/rgb_remote.dir/home/aleksandar/pico/pico-sdk/lib/tinyusb/src/portable/raspberrypi/rp2040/dcd_rp2040.c.obj
 .text.reset_ep0
                0x0000000010004764       0x2c CMakeFiles/rgb_remote.dir/home/aleksandar/pico/pico-sdk/lib/tinyusb/src/portable/raspberrypi/rp2040/dcd_rp2040.c.obj
 .text._hw_endpoint_alloc
                0x0000000010004790       0x7c CMakeFiles/rgb_remote.dir/home/aleksandar/pico/pico-sdk/lib/tinyusb/src/portable/raspberrypi/rp2040/dcd_rp2040.c.obj
 .text._hw_endpoint_init
                0x000000001000480c       0xbc CMakeFiles/rgb_remote.dir/home/aleksandar/pico/pico-sdk/lib/tinyusb/src/portable/raspberrypi/rp2040/dcd_rp2040.c.obj
 .text.hw_endpoint_init
                0x00000000100048c8       0x18 CMakeFiles/rgb_remote.dir/home/aleksandar/pico/pico-sdk/lib/tinyusb/src/portable/raspberrypi/rp2040/dcd_rp2040.c.obj
 .text.hw_handle_buff_status
                0x00000000100048e0       0xbc CMakeFiles/rgb_remote.dir/home/aleksandar/pico/pico-sdk/lib/tinyusb/src/portable/raspberrypi/rp2040/dcd_rp2040.c.obj
 .text.dcd_rp2040_irq
                0x000000001000499c       0x8c CMakeFiles/rgb_remote.dir/home/aleksandar/pico/pico-sdk/lib/tinyusb/src/portable/raspberrypi/rp2040/dcd_rp2040.c.obj
 .text.hw_endpoint_xfer
                0x0000000010004a28       0x18 CMakeFiles/rgb_remote.dir/home/aleksandar/pico/pico-sdk/lib/tinyusb/src/portable/raspberrypi/rp2040/dcd_rp2040.c.obj
 .text.ep0_0len_status
                0x0000000010004a40       0x14 CMakeFiles/rgb_remote.dir/home/aleksandar/pico/pico-sdk/lib/tinyusb/src/portable/raspberrypi/rp2040/dcd_rp2040.c.obj
 .text._hw_endpoint_stall
                0x0000000010004a54       0x54 CMakeFiles/rgb_remote.dir/home/aleksandar/pico/pico-sdk/lib/tinyusb/src/portable/raspberrypi/rp2040/dcd_rp2040.c.obj
 .text.hw_endpoint_stall
                0x0000000010004aa8        0xc CMakeFiles/rgb_remote.dir/home/aleksandar/pico/pico-sdk/lib/tinyusb/src/portable/raspberrypi/rp2040/dcd_rp2040.c.obj
 .text._hw_endpoint_clear_stall
                0x0000000010004ab4       0x34 CMakeFiles/rgb_remote.dir/home/aleksandar/pico/pico-sdk/lib/tinyusb/src/portable/raspberrypi/rp2040/dcd_rp2040.c.obj
 .text.hw_endpoint_clear_stall
                0x0000000010004ae8        0xc CMakeFiles/rgb_remote.dir/home/aleksandar/pico/pico-sdk/lib/tinyusb/src/portable/raspberrypi/rp2040/dcd_rp2040.c.obj
 .text.dcd_int_enable
                0x0000000010004af4       0x2c CMakeFiles/rgb_remote.dir/home/aleksandar/pico/pico-sdk/lib/tinyusb/src/portable/raspberrypi/rp2040/dcd_rp2040.c.obj
                0x0000000010004af4                dcd_int_enable
 .text.dcd_set_address
                0x0000000010004b20       0x30 CMakeFiles/rgb_remote.dir/home/aleksandar/pico/pico-sdk/lib/tinyusb/src/portable/raspberrypi/rp2040/dcd_rp2040.c.obj
                0x0000000010004b20                dcd_set_address
 .text.dcd_connect
                0x0000000010004b50       0x30 CMakeFiles/rgb_remote.dir/home/aleksandar/pico/pico-sdk/lib/tinyusb/src/portable/raspberrypi/rp2040/dcd_rp2040.c.obj
                0x0000000010004b50                dcd_connect
 .text.dcd_init
                0x0000000010004b80       0x90 CMakeFiles/rgb_remote.dir/home/aleksandar/pico/pico-sdk/lib/tinyusb/src/portable/raspberrypi/rp2040/dcd_rp2040.c.obj
                0x0000000010004b80                dcd_init
 .text.dcd_edpt0_status_complete
                0x0000000010004c10       0x44 CMakeFiles/rgb_remote.dir/home/aleksandar/pico/pico-sdk/lib/tinyusb/src/portable/raspberrypi/rp2040/dcd_rp2040.c.obj
                0x0000000010004c10                dcd_edpt0_status_complete
 .text.dcd_edpt_open
                0x0000000010004c54       0x40 CMakeFiles/rgb_remote.dir/home/aleksandar/pico/pico-sdk/lib/tinyusb/src/portable/raspberrypi/rp2040/dcd_rp2040.c.obj
                0x0000000010004c54                dcd_edpt_open
 .text.dcd_edpt_xfer
                0x0000000010004c94       0x34 CMakeFiles/rgb_remote.dir/home/aleksandar/pico/pico-sdk/lib/tinyusb/src/portable/raspberrypi/rp2040/dcd_rp2040.c.obj
                0x0000000010004c94                dcd_edpt_xfer
 .text.dcd_edpt_stall
                0x0000000010004cc8       0x28 CMakeFiles/rgb_remote.dir/home/aleksandar/pico/pico-sdk/lib/tinyusb/src/portable/raspberrypi/rp2040/dcd_rp2040.c.obj
                0x0000000010004cc8                dcd_edpt_stall
 .text.dcd_edpt_clear_stall
                0x0000000010004cf0       0x28 CMakeFiles/rgb_remote.dir/home/aleksandar/pico/pico-sdk/lib/tinyusb/src/portable/raspberrypi/rp2040/dcd_rp2040.c.obj
                0x0000000010004cf0                dcd_edpt_clear_stall
 .text.rp2040_usb_init
                0x0000000010004d18       0x50 CMakeFiles/rgb_remote.dir/home/aleksandar/pico/pico-sdk/lib/tinyusb/src/portable/raspberrypi/rp2040/rp2040_usb.c.obj
                0x0000000010004d18                rp2040_usb_init
 .text.hw_endpoint_reset_transfer
                0x0000000010004d68       0x14 CMakeFiles/rgb_remote.dir/home/aleksandar/pico/pico-sdk/lib/tinyusb/src/portable/raspberrypi/rp2040/rp2040_usb.c.obj
                0x0000000010004d68                hw_endpoint_reset_transfer
 .text._hw_endpoint_buffer_control_update32
                0x0000000010004d7c       0x54 CMakeFiles/rgb_remote.dir/home/aleksandar/pico/pico-sdk/lib/tinyusb/src/portable/raspberrypi/rp2040/rp2040_usb.c.obj
                0x0000000010004d7c                _hw_endpoint_buffer_control_update32
 .text._hw_endpoint_start_next_buffer
                0x0000000010004dd0       0x5a CMakeFiles/rgb_remote.dir/home/aleksandar/pico/pico-sdk/lib/tinyusb/src/portable/raspberrypi/rp2040/rp2040_usb.c.obj
                0x0000000010004dd0                _hw_endpoint_start_next_buffer
 .text._hw_endpoint_xfer_start
                0x0000000010004e2a       0x46 CMakeFiles/rgb_remote.dir/home/aleksandar/pico/pico-sdk/lib/tinyusb/src/portable/raspberrypi/rp2040/rp2040_usb.c.obj
                0x0000000010004e2a                _hw_endpoint_xfer_start
 .text._hw_endpoint_xfer_sync
                0x0000000010004e70       0x74 CMakeFiles/rgb_remote.dir/home/aleksandar/pico/pico-sdk/lib/tinyusb/src/portable/raspberrypi/rp2040/rp2040_usb.c.obj
                0x0000000010004e70                _hw_endpoint_xfer_sync
 .text._hw_endpoint_xfer_continue
                0x0000000010004ee4       0x58 CMakeFiles/rgb_remote.dir/home/aleksandar/pico/pico-sdk/lib/tinyusb/src/portable/raspberrypi/rp2040/rp2040_usb.c.obj
                0x0000000010004ee4                _hw_endpoint_xfer_continue
 .text._hw_endpoint_xfer
                0x0000000010004f3c       0x34 CMakeFiles/rgb_remote.dir/home/aleksandar/pico/pico-sdk/lib/tinyusb/src/portable/raspberrypi/rp2040/rp2040_usb.c.obj
                0x0000000010004f3c                _hw_endpoint_xfer
 .text.mark_interface_endpoint
                0x0000000010004f70       0x2a CMakeFiles/rgb_remote.dir/home/aleksandar/pico/pico-sdk/lib/tinyusb/src/device/usbd.c.obj
 *fill*         0x0000000010004f9a        0x2 
 .text.usbd_reset
                0x0000000010004f9c       0x88 CMakeFiles/rgb_remote.dir/home/aleksandar/pico/pico-sdk/lib/tinyusb/src/device/usbd.c.obj
 .text.invoke_class_control
                0x0000000010005024       0x18 CMakeFiles/rgb_remote.dir/home/aleksandar/pico/pico-sdk/lib/tinyusb/src/device/usbd.c.obj
 .text.process_set_config
                0x000000001000503c      0x1cc CMakeFiles/rgb_remote.dir/home/aleksandar/pico/pico-sdk/lib/tinyusb/src/device/usbd.c.obj
 .text.process_get_descriptor
                0x0000000010005208       0xf4 CMakeFiles/rgb_remote.dir/home/aleksandar/pico/pico-sdk/lib/tinyusb/src/device/usbd.c.obj
 .text.tud_mounted
                0x00000000100052fc       0x10 CMakeFiles/rgb_remote.dir/home/aleksandar/pico/pico-sdk/lib/tinyusb/src/device/usbd.c.obj
                0x00000000100052fc                tud_mounted
 .text.tud_suspended
                0x000000001000530c       0x10 CMakeFiles/rgb_remote.dir/home/aleksandar/pico/pico-sdk/lib/tinyusb/src/device/usbd.c.obj
                0x000000001000530c                tud_suspended
 .text.tud_init
                0x000000001000531c       0xb8 CMakeFiles/rgb_remote.dir/home/aleksandar/pico/pico-sdk/lib/tinyusb/src/device/usbd.c.obj
                0x000000001000531c                tud_init
 .text.dcd_event_handler
                0x00000000100053d4      0x1c4 CMakeFiles/rgb_remote.dir/home/aleksandar/pico/pico-sdk/lib/tinyusb/src/device/usbd.c.obj
                0x00000000100053d4                dcd_event_handler
 .text.dcd_event_bus_signal
                0x0000000010005598       0x26 CMakeFiles/rgb_remote.dir/home/aleksandar/pico/pico-sdk/lib/tinyusb/src/device/usbd.c.obj
                0x0000000010005598                dcd_event_bus_signal
 .text.dcd_event_setup_received
                0x00000000100055be       0x34 CMakeFiles/rgb_remote.dir/home/aleksandar/pico/pico-sdk/lib/tinyusb/src/device/usbd.c.obj
                0x00000000100055be                dcd_event_setup_received
 .text.dcd_event_xfer_complete
                0x00000000100055f2       0x44 CMakeFiles/rgb_remote.dir/home/aleksandar/pico/pico-sdk/lib/tinyusb/src/device/usbd.c.obj
                0x00000000100055f2                dcd_event_xfer_complete
 .text.usbd_edpt_open
                0x0000000010005636        0x8 CMakeFiles/rgb_remote.dir/home/aleksandar/pico/pico-sdk/lib/tinyusb/src/device/usbd.c.obj
                0x0000000010005636                usbd_edpt_open
 *fill*         0x000000001000563e        0x2 
 .text.usbd_open_edpt_pair
                0x0000000010005640       0x8c CMakeFiles/rgb_remote.dir/home/aleksandar/pico/pico-sdk/lib/tinyusb/src/device/usbd.c.obj
                0x0000000010005640                usbd_open_edpt_pair
 .text.usbd_edpt_claim
                0x00000000100056cc       0x8c CMakeFiles/rgb_remote.dir/home/aleksandar/pico/pico-sdk/lib/tinyusb/src/device/usbd.c.obj
                0x00000000100056cc                usbd_edpt_claim
 .text.usbd_edpt_release
                0x0000000010005758       0x68 CMakeFiles/rgb_remote.dir/home/aleksandar/pico/pico-sdk/lib/tinyusb/src/device/usbd.c.obj
                0x0000000010005758                usbd_edpt_release
 .text.usbd_edpt_xfer
                0x00000000100057c0       0x80 CMakeFiles/rgb_remote.dir/home/aleksandar/pico/pico-sdk/lib/tinyusb/src/device/usbd.c.obj
                0x00000000100057c0                usbd_edpt_xfer
 .text.usbd_edpt_stall
                0x0000000010005840       0x2c CMakeFiles/rgb_remote.dir/home/aleksandar/pico/pico-sdk/lib/tinyusb/src/device/usbd.c.obj
                0x0000000010005840                usbd_edpt_stall
 .text.usbd_edpt_clear_stall
                0x000000001000586c       0x2c CMakeFiles/rgb_remote.dir/home/aleksandar/pico/pico-sdk/lib/tinyusb/src/device/usbd.c.obj
                0x000000001000586c                usbd_edpt_clear_stall
 .text.usbd_edpt_stalled
                0x0000000010005898       0x1c CMakeFiles/rgb_remote.dir/home/aleksandar/pico/pico-sdk/lib/tinyusb/src/device/usbd.c.obj
                0x0000000010005898                usbd_edpt_stalled
 .text.process_control_request
                0x00000000100058b4      0x37c CMakeFiles/rgb_remote.dir/home/aleksandar/pico/pico-sdk/lib/tinyusb/src/device/usbd.c.obj
 .text.tud_task
                0x0000000010005c30      0x204 CMakeFiles/rgb_remote.dir/home/aleksandar/pico/pico-sdk/lib/tinyusb/src/device/usbd.c.obj
                0x0000000010005c30                tud_task
 .text._data_stage_xact
                0x0000000010005e34       0x58 CMakeFiles/rgb_remote.dir/home/aleksandar/pico/pico-sdk/lib/tinyusb/src/device/usbd_control.c.obj
 .text.tud_control_status
                0x0000000010005e8c       0x38 CMakeFiles/rgb_remote.dir/home/aleksandar/pico/pico-sdk/lib/tinyusb/src/device/usbd_control.c.obj
                0x0000000010005e8c                tud_control_status
 .text.tud_control_xfer
                0x0000000010005ec4       0xa8 CMakeFiles/rgb_remote.dir/home/aleksandar/pico/pico-sdk/lib/tinyusb/src/device/usbd_control.c.obj
                0x0000000010005ec4                tud_control_xfer
 .text.usbd_control_reset
                0x0000000010005f6c       0x14 CMakeFiles/rgb_remote.dir/home/aleksandar/pico/pico-sdk/lib/tinyusb/src/device/usbd_control.c.obj
                0x0000000010005f6c                usbd_control_reset
 .text.usbd_control_set_complete_callback
                0x0000000010005f80        0xc CMakeFiles/rgb_remote.dir/home/aleksandar/pico/pico-sdk/lib/tinyusb/src/device/usbd_control.c.obj
                0x0000000010005f80                usbd_control_set_complete_callback
 .text.usbd_control_set_request
                0x0000000010005f8c       0x1c CMakeFiles/rgb_remote.dir/home/aleksandar/pico/pico-sdk/lib/tinyusb/src/device/usbd_control.c.obj
                0x0000000010005f8c                usbd_control_set_request
 .text.usbd_control_xfer_cb
                0x0000000010005fa8       0xe8 CMakeFiles/rgb_remote.dir/home/aleksandar/pico/pico-sdk/lib/tinyusb/src/device/usbd_control.c.obj
                0x0000000010005fa8                usbd_control_xfer_cb
 .text._prep_out_transaction
                0x0000000010006090       0x46 CMakeFiles/rgb_remote.dir/home/aleksandar/pico/pico-sdk/lib/tinyusb/src/class/cdc/cdc_device.c.obj
 *fill*         0x00000000100060d6        0x2 
 .text.tud_cdc_n_connected
                0x00000000100060d8       0x48 CMakeFiles/rgb_remote.dir/home/aleksandar/pico/pico-sdk/lib/tinyusb/src/class/cdc/cdc_device.c.obj
                0x00000000100060d8                tud_cdc_n_connected
 .text.tud_cdc_n_available
                0x0000000010006120       0x20 CMakeFiles/rgb_remote.dir/home/aleksandar/pico/pico-sdk/lib/tinyusb/src/class/cdc/cdc_device.c.obj
                0x0000000010006120                tud_cdc_n_available
 .text.tud_cdc_n_read
                0x0000000010006140       0x30 CMakeFiles/rgb_remote.dir/home/aleksandar/pico/pico-sdk/lib/tinyusb/src/class/cdc/cdc_device.c.obj
                0x0000000010006140                tud_cdc_n_read
 .text.tud_cdc_n_write_flush
                0x0000000010006170       0xc4 CMakeFiles/rgb_remote.dir/home/aleksandar/pico/pico-sdk/lib/tinyusb/src/class/cdc/cdc_device.c.obj
                0x0000000010006170                tud_cdc_n_write_flush
 .text.tud_cdc_n_write
                0x0000000010006234       0x38 CMakeFiles/rgb_remote.dir/home/aleksandar/pico/pico-sdk/lib/tinyusb/src/class/cdc/cdc_device.c.obj
                0x0000000010006234                tud_cdc_n_write
 .text.tud_cdc_n_write_available
                0x000000001000626c       0x20 CMakeFiles/rgb_remote.dir/home/aleksandar/pico/pico-sdk/lib/tinyusb/src/class/cdc/cdc_device.c.obj
                0x000000001000626c                tud_cdc_n_write_available
 .text.cdcd_init
                0x000000001000628c       0xe0 CMakeFiles/rgb_remote.dir/home/aleksandar/pico/pico-sdk/lib/tinyusb/src/class/cdc/cdc_device.c.obj
                0x000000001000628c                cdcd_init
 .text.cdcd_reset
                0x000000001000636c       0x44 CMakeFiles/rgb_remote.dir/home/aleksandar/pico/pico-sdk/lib/tinyusb/src/class/cdc/cdc_device.c.obj
                0x000000001000636c                cdcd_reset
 .text.cdcd_open
                0x00000000100063b0      0x118 CMakeFiles/rgb_remote.dir/home/aleksandar/pico/pico-sdk/lib/tinyusb/src/class/cdc/cdc_device.c.obj
                0x00000000100063b0                cdcd_open
 .text.cdcd_control_complete
                0x00000000100064c8       0x60 CMakeFiles/rgb_remote.dir/home/aleksandar/pico/pico-sdk/lib/tinyusb/src/class/cdc/cdc_device.c.obj
                0x00000000100064c8                cdcd_control_complete
 .text.cdcd_control_request
                0x0000000010006528       0x9c CMakeFiles/rgb_remote.dir/home/aleksandar/pico/pico-sdk/lib/tinyusb/src/class/cdc/cdc_device.c.obj
                0x0000000010006528                cdcd_control_request
 .text.cdcd_xfer_cb
                0x00000000100065c4      0x130 CMakeFiles/rgb_remote.dir/home/aleksandar/pico/pico-sdk/lib/tinyusb/src/class/cdc/cdc_device.c.obj
                0x00000000100065c4                cdcd_xfer_cb
 .text.tusb_init
                0x00000000100066f4       0x38 CMakeFiles/rgb_remote.dir/home/aleksandar/pico/pico-sdk/lib/tinyusb/src/tusb.c.obj
                0x00000000100066f4                tusb_init
 .text.tusb_inited
                0x000000001000672c        0xc CMakeFiles/rgb_remote.dir/home/aleksandar/pico/pico-sdk/lib/tinyusb/src/tusb.c.obj
                0x000000001000672c                tusb_inited
 .text.advance_pointer
                0x0000000010006738       0x1e CMakeFiles/rgb_remote.dir/home/aleksandar/pico/pico-sdk/lib/tinyusb/src/common/tusb_fifo.c.obj
 .text.backward_pointer
                0x0000000010006756       0x1a CMakeFiles/rgb_remote.dir/home/aleksandar/pico/pico-sdk/lib/tinyusb/src/common/tusb_fifo.c.obj
 .text.get_relative_pointer
                0x0000000010006770       0x16 CMakeFiles/rgb_remote.dir/home/aleksandar/pico/pico-sdk/lib/tinyusb/src/common/tusb_fifo.c.obj
 .text.tu_fifo_lock
                0x0000000010006786       0x12 CMakeFiles/rgb_remote.dir/home/aleksandar/pico/pico-sdk/lib/tinyusb/src/common/tusb_fifo.c.obj
 .text.tu_fifo_unlock
                0x0000000010006798        0xe CMakeFiles/rgb_remote.dir/home/aleksandar/pico/pico-sdk/lib/tinyusb/src/common/tusb_fifo.c.obj
 .text._tu_fifo_peek_at
                0x00000000100067a6       0x66 CMakeFiles/rgb_remote.dir/home/aleksandar/pico/pico-sdk/lib/tinyusb/src/common/tusb_fifo.c.obj
 .text._ff_pull_n
                0x000000001000680c       0x4a CMakeFiles/rgb_remote.dir/home/aleksandar/pico/pico-sdk/lib/tinyusb/src/common/tusb_fifo.c.obj
 .text._tu_fifo_peek_at_n
                0x0000000010006856       0x72 CMakeFiles/rgb_remote.dir/home/aleksandar/pico/pico-sdk/lib/tinyusb/src/common/tusb_fifo.c.obj
 .text._ff_push_n
                0x00000000100068c8       0x4a CMakeFiles/rgb_remote.dir/home/aleksandar/pico/pico-sdk/lib/tinyusb/src/common/tusb_fifo.c.obj
 .text.tu_fifo_config
                0x0000000010006912       0x48 CMakeFiles/rgb_remote.dir/home/aleksandar/pico/pico-sdk/lib/tinyusb/src/common/tusb_fifo.c.obj
                0x0000000010006912                tu_fifo_config
 .text.tu_fifo_count
                0x000000001000695a       0x1c CMakeFiles/rgb_remote.dir/home/aleksandar/pico/pico-sdk/lib/tinyusb/src/common/tusb_fifo.c.obj
                0x000000001000695a                tu_fifo_count
 .text.tu_fifo_remaining
                0x0000000010006976       0x20 CMakeFiles/rgb_remote.dir/home/aleksandar/pico/pico-sdk/lib/tinyusb/src/common/tusb_fifo.c.obj
                0x0000000010006976                tu_fifo_remaining
 .text.tu_fifo_read
                0x0000000010006996       0x3a CMakeFiles/rgb_remote.dir/home/aleksandar/pico/pico-sdk/lib/tinyusb/src/common/tusb_fifo.c.obj
                0x0000000010006996                tu_fifo_read
 .text.tu_fifo_read_n
                0x00000000100069d0       0x3e CMakeFiles/rgb_remote.dir/home/aleksandar/pico/pico-sdk/lib/tinyusb/src/common/tusb_fifo.c.obj
                0x00000000100069d0                tu_fifo_read_n
 .text.tu_fifo_write
                0x0000000010006a0e       0x5c CMakeFiles/rgb_remote.dir/home/aleksandar/pico/pico-sdk/lib/tinyusb/src/common/tusb_fifo.c.obj
                0x0000000010006a0e                tu_fifo_write
 .text.tu_fifo_write_n
                0x0000000010006a6a       0x7c CMakeFiles/rgb_remote.dir/home/aleksandar/pico/pico-sdk/lib/tinyusb/src/common/tusb_fifo.c.obj
                0x0000000010006a6a                tu_fifo_write_n
 .text.tu_fifo_clear
                0x0000000010006ae6       0x18 CMakeFiles/rgb_remote.dir/home/aleksandar/pico/pico-sdk/lib/tinyusb/src/common/tusb_fifo.c.obj
                0x0000000010006ae6                tu_fifo_clear
 *fill*         0x0000000010006afe        0x2 
 .text._pio_find_offset_for_program
                0x0000000010006b00       0xac CMakeFiles/rgb_remote.dir/home/aleksandar/pico/pico-sdk/src/rp2_common/hardware_pio/pio.c.obj
 .text._pio_can_add_program_at_offset
                0x0000000010006bac       0xa0 CMakeFiles/rgb_remote.dir/home/aleksandar/pico/pico-sdk/src/rp2_common/hardware_pio/pio.c.obj
 .text._pio_add_program_at_offset
                0x0000000010006c4c       0xa4 CMakeFiles/rgb_remote.dir/home/aleksandar/pico/pico-sdk/src/rp2_common/hardware_pio/pio.c.obj
 .text.pio_add_program
                0x0000000010006cf0       0x38 CMakeFiles/rgb_remote.dir/home/aleksandar/pico/pico-sdk/src/rp2_common/hardware_pio/pio.c.obj
                0x0000000010006cf0                pio_add_program
 .text.pio_sm_set_pins_with_mask
                0x0000000010006d28       0x6c CMakeFiles/rgb_remote.dir/home/aleksandar/pico/pico-sdk/src/rp2_common/hardware_pio/pio.c.obj
                0x0000000010006d28                pio_sm_set_pins_with_mask
 .text.pio_sm_set_pindirs_with_mask
                0x0000000010006d94       0x70 CMakeFiles/rgb_remote.dir/home/aleksandar/pico/pico-sdk/src/rp2_common/hardware_pio/pio.c.obj
                0x0000000010006d94                pio_sm_set_pindirs_with_mask
 .text.pio_sm_init
                0x0000000010006e04       0xa8 CMakeFiles/rgb_remote.dir/home/aleksandar/pico/pico-sdk/src/rp2_common/hardware_pio/pio.c.obj
                0x0000000010006e04                pio_sm_init
 .text          0x0000000010006eac       0x18 /usr/lib/gcc/arm-none-eabi/9.2.1/../../../arm-none-eabi/lib/thumb/v6-m/nofp/libg.a(lib_a-calloc.o)
                0x0000000010006eac                calloc
 .text          0x0000000010006ec4       0x5c /usr/lib/gcc/arm-none-eabi/9.2.1/../../../arm-none-eabi/lib/thumb/v6-m/nofp/libg.a(lib_a-callocr.o)
                0x0000000010006ec4                _calloc_r
 .text          0x0000000010006f20       0x28 /usr/lib/gcc/arm-none-eabi/9.2.1/../../../arm-none-eabi/lib/thumb/v6-m/nofp/libg.a(lib_a-malloc.o)
                0x0000000010006f20                malloc
                0x0000000010006f34                free
 .text          0x0000000010006f48      0x58c /usr/lib/gcc/arm-none-eabi/9.2.1/../../../arm-none-eabi/lib/thumb/v6-m/nofp/libg.a(lib_a-mallocr.o)
                0x0000000010006f48                _malloc_r
 .text          0x00000000100074d4        0x8 /usr/lib/gcc/arm-none-eabi/9.2.1/../../../arm-none-eabi/lib/thumb/v6-m/nofp/libg.a(lib_a-mlock.o)
                0x00000000100074d4                __malloc_lock
                0x00000000100074d8                __malloc_unlock
 .text          0x00000000100074dc       0x24 /usr/lib/gcc/arm-none-eabi/9.2.1/../../../arm-none-eabi/lib/thumb/v6-m/nofp/libg.a(lib_a-sbrkr.o)
                0x00000000100074dc                _sbrk_r
 .text          0x0000000010007500       0x68 /usr/lib/gcc/arm-none-eabi/9.2.1/../../../arm-none-eabi/lib/thumb/v6-m/nofp/libg.a(lib_a-strlen-stub.o)
                0x0000000010007500                strlen
 .text          0x0000000010007568      0x27c /usr/lib/gcc/arm-none-eabi/9.2.1/../../../arm-none-eabi/lib/thumb/v6-m/nofp/libg.a(lib_a-freer.o)
                0x0000000010007568                _malloc_trim_r
                0x0000000010007608                _free_r
 *(.fini)
 .fini          0x00000000100077e4        0x4 /usr/lib/gcc/arm-none-eabi/9.2.1/thumb/v6-m/nofp/crti.o
                0x00000000100077e4                _fini
 .fini.__stub   0x00000000100077e8       0x60 linker stubs
 *crtbegin.o(.ctors)
 *crtbegin?.o(.ctors)
 *(EXCLUDE_FILE(*crtend.o *crtend?.o) .ctors)
 *(SORT_BY_NAME(.ctors.*))
 *(.ctors)
 *crtbegin.o(.dtors)
 *crtbegin?.o(.dtors)
 *(EXCLUDE_FILE(*crtend.o *crtend?.o) .dtors)
 *(SORT_BY_NAME(.dtors.*))
 *(.dtors)
 *(.eh_frame*)
 .eh_frame      0x0000000010007848        0x0 /usr/lib/gcc/arm-none-eabi/9.2.1/thumb/v6-m/nofp/crtbegin.o
                0x0000000010007848                . = ALIGN (0x4)

.glue_7         0x0000000010007848        0x0
 .glue_7        0x0000000010007848        0x0 linker stubs

.glue_7t        0x0000000010007848        0x0
 .glue_7t       0x0000000010007848        0x0 linker stubs

.vfp11_veneer   0x0000000010007848        0x0
 .vfp11_veneer  0x0000000010007848        0x0 linker stubs

.v4_bx          0x0000000010007848        0x0
 .v4_bx         0x0000000010007848        0x0 linker stubs

.iplt           0x0000000010007848        0x0
 .iplt          0x0000000010007848        0x0 /usr/lib/gcc/arm-none-eabi/9.2.1/thumb/v6-m/nofp/crtbegin.o

.rodata         0x0000000010007848     0x15cc
 *(EXCLUDE_FILE(*libm.a: *libc.a:*lib_a-mem*.o *libgcc.a:) .rodata*)
 .rodata.main.str1.4
                0x0000000010007848       0x98 CMakeFiles/rgb_remote.dir/rgb_remote.c.obj
 .rodata.__func__.6541
                0x00000000100078e0       0x13 CMakeFiles/rgb_remote.dir/rgb_remote.c.obj
 *fill*         0x00000000100078f3        0x1 
 .rodata.rgb_remote_mini_program
                0x00000000100078f4        0x6 CMakeFiles/rgb_remote.dir/rgb_remote.c.obj
 *fill*         0x00000000100078fa        0x2 
 .rodata.rgb_remote_mini_program_instructions
                0x00000000100078fc        0x4 CMakeFiles/rgb_remote.dir/rgb_remote.c.obj
 .rodata.spin_lock_claim_unused.str1.4
                0x0000000010007900       0x1b CMakeFiles/rgb_remote.dir/home/aleksandar/pico/pico-sdk/src/rp2_common/hardware_sync/sync.c.obj
 *fill*         0x000000001000791b        0x1 
 .rodata.alarm_pool_dump_key.str1.4
                0x000000001000791c       0x6f CMakeFiles/rgb_remote.dir/home/aleksandar/pico/pico-sdk/src/common/pico_time/time.c.obj
 *fill*         0x000000001000798b        0x1 
 .rodata.ph_add_child_node.str1.4
                0x000000001000798c       0x9a CMakeFiles/rgb_remote.dir/home/aleksandar/pico/pico-sdk/src/common/pico_time/time.c.obj
 *fill*         0x0000000010007a26        0x2 
 .rodata.add_alarm_under_lock.str1.4
                0x0000000010007a28       0x27 CMakeFiles/rgb_remote.dir/home/aleksandar/pico/pico-sdk/src/common/pico_time/time.c.obj
 *fill*         0x0000000010007a4f        0x1 
 .rodata.alarm_pool_alarm_callback.str1.4
                0x0000000010007a50       0x7d CMakeFiles/rgb_remote.dir/home/aleksandar/pico/pico-sdk/src/common/pico_time/time.c.obj
 *fill*         0x0000000010007acd        0x3 
 .rodata.alarm_pool_get_default.str1.4
                0x0000000010007ad0       0x13 CMakeFiles/rgb_remote.dir/home/aleksandar/pico/pico-sdk/src/common/pico_time/time.c.obj
 *fill*         0x0000000010007ae3        0x1 
 .rodata.alarm_pool_cancel_alarm.str1.4
                0x0000000010007ae4       0x27 CMakeFiles/rgb_remote.dir/home/aleksandar/pico/pico-sdk/src/common/pico_time/time.c.obj
 *fill*         0x0000000010007b0b        0x1 
 .rodata.__func__.5915
                0x0000000010007b0c        0xc CMakeFiles/rgb_remote.dir/home/aleksandar/pico/pico-sdk/src/common/pico_time/time.c.obj
 .rodata.__func__.5922
                0x0000000010007b18       0x12 CMakeFiles/rgb_remote.dir/home/aleksandar/pico/pico-sdk/src/common/pico_time/time.c.obj
 *fill*         0x0000000010007b2a        0x2 
 .rodata.__func__.5937
                0x0000000010007b2c        0xa CMakeFiles/rgb_remote.dir/home/aleksandar/pico/pico-sdk/src/common/pico_time/time.c.obj
 *fill*         0x0000000010007b36        0x2 
 .rodata.__func__.5959
                0x0000000010007b38       0x14 CMakeFiles/rgb_remote.dir/home/aleksandar/pico/pico-sdk/src/common/pico_time/time.c.obj
 .rodata.__func__.6229
                0x0000000010007b4c       0x17 CMakeFiles/rgb_remote.dir/home/aleksandar/pico/pico-sdk/src/common/pico_time/time.c.obj
 *fill*         0x0000000010007b63        0x1 
 .rodata.__func__.6234
                0x0000000010007b64        0xa CMakeFiles/rgb_remote.dir/home/aleksandar/pico/pico-sdk/src/common/pico_time/time.c.obj
 *fill*         0x0000000010007b6e        0x2 
 .rodata.__func__.6239
                0x0000000010007b70       0x12 CMakeFiles/rgb_remote.dir/home/aleksandar/pico/pico-sdk/src/common/pico_time/time.c.obj
 *fill*         0x0000000010007b82        0x2 
 .rodata.__func__.6260
                0x0000000010007b84       0x15 CMakeFiles/rgb_remote.dir/home/aleksandar/pico/pico-sdk/src/common/pico_time/time.c.obj
 *fill*         0x0000000010007b99        0x3 
 .rodata.__func__.6277
                0x0000000010007b9c       0x1a CMakeFiles/rgb_remote.dir/home/aleksandar/pico/pico-sdk/src/common/pico_time/time.c.obj
 *fill*         0x0000000010007bb6        0x2 
 .rodata.__func__.6312
                0x0000000010007bb8       0x18 CMakeFiles/rgb_remote.dir/home/aleksandar/pico/pico-sdk/src/common/pico_time/time.c.obj
 .rodata.hardware_alarm_claim.str1.4
                0x0000000010007bd0       0x22 CMakeFiles/rgb_remote.dir/home/aleksandar/pico/pico-sdk/src/rp2_common/hardware_timer/timer.c.obj
 *fill*         0x0000000010007bf2        0x2 
 .rodata.hardware_alarm_set_target.str1.4
                0x0000000010007bf4       0x69 CMakeFiles/rgb_remote.dir/home/aleksandar/pico/pico-sdk/src/rp2_common/hardware_timer/timer.c.obj
 *fill*         0x0000000010007c5d        0x3 
 .rodata.__func__.4502
                0x0000000010007c60       0x1a CMakeFiles/rgb_remote.dir/home/aleksandar/pico/pico-sdk/src/rp2_common/hardware_timer/timer.c.obj
 *fill*         0x0000000010007c7a        0x2 
 .rodata.lock_init.str1.4
                0x0000000010007c7c       0x6c CMakeFiles/rgb_remote.dir/home/aleksandar/pico/pico-sdk/src/common/pico_sync/lock_core.c.obj
 .rodata.__func__.4344
                0x0000000010007ce8        0xa CMakeFiles/rgb_remote.dir/home/aleksandar/pico/pico-sdk/src/common/pico_sync/lock_core.c.obj
 *fill*         0x0000000010007cf2        0x2 
 .rodata.str1.4
                0x0000000010007cf4       0x60 CMakeFiles/rgb_remote.dir/home/aleksandar/pico/pico-sdk/src/common/pico_sync/mutex.c.obj
 .rodata.__func__.4559
                0x0000000010007d54       0x15 CMakeFiles/rgb_remote.dir/home/aleksandar/pico/pico-sdk/src/common/pico_sync/mutex.c.obj
 *fill*         0x0000000010007d69        0x3 
 .rodata.__func__.4578
                0x0000000010007d6c       0x18 CMakeFiles/rgb_remote.dir/home/aleksandar/pico/pico-sdk/src/common/pico_sync/mutex.c.obj
 .rodata.__func__.4587
                0x0000000010007d84        0xb CMakeFiles/rgb_remote.dir/home/aleksandar/pico/pico-sdk/src/common/pico_sync/mutex.c.obj
 .rodata.ph_add_child_node.str1.4
                0x0000000010007d8f       0x9a CMakeFiles/rgb_remote.dir/home/aleksandar/pico/pico-sdk/src/common/pico_util/pheap.c.obj
 *fill*         0x0000000010007d8f        0x1 
 .rodata.ph_remove_any_head.str1.4
                0x0000000010007d90       0x90 CMakeFiles/rgb_remote.dir/home/aleksandar/pico/pico-sdk/src/common/pico_util/pheap.c.obj
 .rodata.ph_delete.str1.4
                0x0000000010007e20       0x26 CMakeFiles/rgb_remote.dir/home/aleksandar/pico/pico-sdk/src/common/pico_util/pheap.c.obj
 *fill*         0x0000000010007e46        0x2 
 .rodata.__func__.5696
                0x0000000010007e48        0xc CMakeFiles/rgb_remote.dir/home/aleksandar/pico/pico-sdk/src/common/pico_util/pheap.c.obj
 .rodata.__func__.5703
                0x0000000010007e54       0x12 CMakeFiles/rgb_remote.dir/home/aleksandar/pico/pico-sdk/src/common/pico_util/pheap.c.obj
 *fill*         0x0000000010007e66        0x2 
 .rodata.__func__.5776
                0x0000000010007e68       0x13 CMakeFiles/rgb_remote.dir/home/aleksandar/pico/pico-sdk/src/common/pico_util/pheap.c.obj
 *fill*         0x0000000010007e7b        0x1 
 .rodata.__func__.5794
                0x0000000010007e7c        0xa CMakeFiles/rgb_remote.dir/home/aleksandar/pico/pico-sdk/src/common/pico_util/pheap.c.obj
 *fill*         0x0000000010007e86        0x2 
 .rodata.__assert_func.str1.4
                0x0000000010007e88       0x3f CMakeFiles/rgb_remote.dir/home/aleksandar/pico/pico-sdk/src/rp2_common/pico_runtime/runtime.c.obj
                                         0x43 (size before relaxing)
 *fill*         0x0000000010007ec7        0x1 
 .rodata.panic.str1.4
                0x0000000010007ec8       0x12 CMakeFiles/rgb_remote.dir/home/aleksandar/pico/pico-sdk/src/rp2_common/pico_runtime/runtime.c.obj
 *fill*         0x0000000010007eda        0x2 
 .rodata.clock_configure.str1.4
                0x0000000010007edc       0x5b CMakeFiles/rgb_remote.dir/home/aleksandar/pico/pico-sdk/src/rp2_common/hardware_clocks/clocks.c.obj
 *fill*         0x0000000010007f37        0x1 
 .rodata.__func__.4638
                0x0000000010007f38       0x10 CMakeFiles/rgb_remote.dir/home/aleksandar/pico/pico-sdk/src/rp2_common/hardware_clocks/clocks.c.obj
 .rodata.pll_init.str1.4
                0x0000000010007f48       0xdf CMakeFiles/rgb_remote.dir/home/aleksandar/pico/pico-sdk/src/rp2_common/hardware_pll/pll.c.obj
 *fill*         0x0000000010008027        0x1 
 .rodata.__func__.4372
                0x0000000010008028        0x9 CMakeFiles/rgb_remote.dir/home/aleksandar/pico/pico-sdk/src/rp2_common/hardware_pll/pll.c.obj
 *fill*         0x0000000010008031        0x3 
 .rodata.make_branch.str1.4
                0x0000000010008034       0x51 CMakeFiles/rgb_remote.dir/home/aleksandar/pico/pico-sdk/src/rp2_common/hardware_irq/irq.c.obj
 *fill*         0x0000000010008085        0x3 
 .rodata.irq_set_exclusive_handler.str1.4
                0x0000000010008088       0x36 CMakeFiles/rgb_remote.dir/home/aleksandar/pico/pico-sdk/src/rp2_common/hardware_irq/irq.c.obj
 *fill*         0x00000000100080be        0x2 
 .rodata.irq_add_shared_handler.str1.4
                0x00000000100080c0       0xd9 CMakeFiles/rgb_remote.dir/home/aleksandar/pico/pico-sdk/src/rp2_common/hardware_irq/irq.c.obj
 *fill*         0x0000000010008199        0x3 
 .rodata.irq_remove_handler.str1.4
                0x000000001000819c       0x2a CMakeFiles/rgb_remote.dir/home/aleksandar/pico/pico-sdk/src/rp2_common/hardware_irq/irq.c.obj
 *fill*         0x00000000100081c6        0x2 
 .rodata.irq_add_tail_to_free_list.str1.4
                0x00000000100081c8       0x32 CMakeFiles/rgb_remote.dir/home/aleksandar/pico/pico-sdk/src/rp2_common/hardware_irq/irq.c.obj
                                         0x3a (size before relaxing)
 *fill*         0x00000000100081fa        0x2 
 .rodata.__func__.4463
                0x00000000100081fc       0x1a CMakeFiles/rgb_remote.dir/home/aleksandar/pico/pico-sdk/src/rp2_common/hardware_irq/irq.c.obj
 *fill*         0x0000000010008216        0x2 
 .rodata.__func__.4477
                0x0000000010008218        0xc CMakeFiles/rgb_remote.dir/home/aleksandar/pico/pico-sdk/src/rp2_common/hardware_irq/irq.c.obj
 .rodata.__func__.4485
                0x0000000010008224       0x17 CMakeFiles/rgb_remote.dir/home/aleksandar/pico/pico-sdk/src/rp2_common/hardware_irq/irq.c.obj
 *fill*         0x000000001000823b        0x1 
 .rodata.__func__.4489
                0x000000001000823c        0xf CMakeFiles/rgb_remote.dir/home/aleksandar/pico/pico-sdk/src/rp2_common/hardware_irq/irq.c.obj
 *fill*         0x000000001000824b        0x1 
 .rodata.__func__.4525
                0x000000001000824c       0x13 CMakeFiles/rgb_remote.dir/home/aleksandar/pico/pico-sdk/src/rp2_common/hardware_irq/irq.c.obj
 *fill*         0x000000001000825f        0x1 
 .rodata.__func__.4544
                0x0000000010008260       0x1a CMakeFiles/rgb_remote.dir/home/aleksandar/pico/pico-sdk/src/rp2_common/hardware_irq/irq.c.obj
 *fill*         0x000000001000827a        0x2 
 .rodata._ftoa.str1.4
                0x000000001000827c       0x15 CMakeFiles/rgb_remote.dir/home/aleksandar/pico/pico-sdk/src/rp2_common/pico_printf/printf.c.obj
 *fill*         0x0000000010008291        0x3 
 .rodata._vsnprintf
                0x0000000010008294      0x1e0 CMakeFiles/rgb_remote.dir/home/aleksandar/pico/pico-sdk/src/rp2_common/pico_printf/printf.c.obj
 *fill*         0x0000000010008474        0x4 
 .rodata.pow10.5410
                0x0000000010008478       0x50 CMakeFiles/rgb_remote.dir/home/aleksandar/pico/pico-sdk/src/rp2_common/pico_printf/printf.c.obj
 .rodata.__aeabi_double_init.str1.4
                0x00000000100084c8       0xac CMakeFiles/rgb_remote.dir/home/aleksandar/pico/pico-sdk/src/rp2_common/pico_double/double_init_rom.c.obj
 .rodata.__func__.4654
                0x0000000010008574       0x14 CMakeFiles/rgb_remote.dir/home/aleksandar/pico/pico-sdk/src/rp2_common/pico_double/double_init_rom.c.obj
 .rodata.__aeabi_float_init.str1.4
                0x0000000010008588       0x7e CMakeFiles/rgb_remote.dir/home/aleksandar/pico/pico-sdk/src/rp2_common/pico_float/float_init_rom.c.obj
                                         0x82 (size before relaxing)
 *fill*         0x0000000010008606        0x2 
 .rodata.__func__.4656
                0x0000000010008608       0x13 CMakeFiles/rgb_remote.dir/home/aleksandar/pico/pico-sdk/src/rp2_common/pico_float/float_init_rom.c.obj
 *fill*         0x000000001000861b        0x1 
 .rodata.str1.4
                0x000000001000861c       0x34 CMakeFiles/rgb_remote.dir/home/aleksandar/pico/pico-sdk/src/rp2_common/pico_standard_link/binary_info.c.obj
 .rodata.__bi_40
                0x0000000010008650        0xc CMakeFiles/rgb_remote.dir/home/aleksandar/pico/pico-sdk/src/rp2_common/pico_standard_link/binary_info.c.obj
 .rodata.__bi_52
                0x000000001000865c        0xc CMakeFiles/rgb_remote.dir/home/aleksandar/pico/pico-sdk/src/rp2_common/pico_standard_link/binary_info.c.obj
 .rodata.__bi_71
                0x0000000010008668        0xc CMakeFiles/rgb_remote.dir/home/aleksandar/pico/pico-sdk/src/rp2_common/pico_standard_link/binary_info.c.obj
 .rodata.crlf_str.5955
                0x0000000010008674        0x2 CMakeFiles/rgb_remote.dir/home/aleksandar/pico/pico-sdk/src/rp2_common/pico_stdio/stdio.c.obj
 *fill*         0x0000000010008676        0x2 
 .rodata.str1.4
                0x0000000010008678       0x2c CMakeFiles/rgb_remote.dir/home/aleksandar/pico/pico-sdk/src/rp2_common/pico_stdio_uart/stdio_uart.c.obj
 .rodata.__bi_27.4685
                0x00000000100086a4        0xc CMakeFiles/rgb_remote.dir/home/aleksandar/pico/pico-sdk/src/rp2_common/pico_stdio_uart/stdio_uart.c.obj
 .rodata.__bi_28.4689
                0x00000000100086b0        0x8 CMakeFiles/rgb_remote.dir/home/aleksandar/pico/pico-sdk/src/rp2_common/pico_stdio_uart/stdio_uart.c.obj
 .rodata.str1.4
                0x00000000100086b8       0x13 CMakeFiles/rgb_remote.dir/home/aleksandar/pico/pico-sdk/src/rp2_common/pico_stdio_usb/stdio_usb.c.obj
 *fill*         0x00000000100086cb        0x1 
 .rodata.__bi_93.7011
                0x00000000100086cc        0xc CMakeFiles/rgb_remote.dir/home/aleksandar/pico/pico-sdk/src/rp2_common/pico_stdio_usb/stdio_usb.c.obj
 .rodata.str1.4
                0x00000000100086d8       0x32 CMakeFiles/rgb_remote.dir/home/aleksandar/pico/pico-sdk/src/rp2_common/pico_stdio_usb/stdio_usb_descriptors.c.obj
 *fill*         0x000000001000870a        0x2 
 .rodata.usbd_desc_cfg
                0x000000001000870c       0x4b CMakeFiles/rgb_remote.dir/home/aleksandar/pico/pico-sdk/src/rp2_common/pico_stdio_usb/stdio_usb_descriptors.c.obj
 *fill*         0x0000000010008757        0x1 
 .rodata.usbd_desc_device
                0x0000000010008758       0x12 CMakeFiles/rgb_remote.dir/home/aleksandar/pico/pico-sdk/src/rp2_common/pico_stdio_usb/stdio_usb_descriptors.c.obj
 *fill*         0x000000001000876a        0x2 
 .rodata.usbd_desc_str
                0x000000001000876c       0x14 CMakeFiles/rgb_remote.dir/home/aleksandar/pico/pico-sdk/src/rp2_common/pico_stdio_usb/stdio_usb_descriptors.c.obj
 .rodata._hw_endpoint_alloc.str1.4
                0x0000000010008780       0xb9 CMakeFiles/rgb_remote.dir/home/aleksandar/pico/pico-sdk/lib/tinyusb/src/portable/raspberrypi/rp2040/dcd_rp2040.c.obj
 *fill*         0x0000000010008839        0x3 
 .rodata._hw_endpoint_init.str1.4
                0x000000001000883c       0x28 CMakeFiles/rgb_remote.dir/home/aleksandar/pico/pico-sdk/lib/tinyusb/src/portable/raspberrypi/rp2040/dcd_rp2040.c.obj
 .rodata.hw_handle_buff_status.str1.4
                0x0000000010008864        0xb CMakeFiles/rgb_remote.dir/home/aleksandar/pico/pico-sdk/lib/tinyusb/src/portable/raspberrypi/rp2040/dcd_rp2040.c.obj
 *fill*         0x000000001000886f        0x1 
 .rodata.dcd_rp2040_irq.str1.4
                0x0000000010008870       0x14 CMakeFiles/rgb_remote.dir/home/aleksandar/pico/pico-sdk/lib/tinyusb/src/portable/raspberrypi/rp2040/dcd_rp2040.c.obj
 .rodata._hw_endpoint_stall.str1.4
                0x0000000010008884        0xd CMakeFiles/rgb_remote.dir/home/aleksandar/pico/pico-sdk/lib/tinyusb/src/portable/raspberrypi/rp2040/dcd_rp2040.c.obj
 *fill*         0x0000000010008891        0x3 
 .rodata.dcd_int_enable.str1.4
                0x0000000010008894        0xc CMakeFiles/rgb_remote.dir/home/aleksandar/pico/pico-sdk/lib/tinyusb/src/portable/raspberrypi/rp2040/dcd_rp2040.c.obj
 .rodata.__func__.6742
                0x00000000100088a0       0x13 CMakeFiles/rgb_remote.dir/home/aleksandar/pico/pico-sdk/lib/tinyusb/src/portable/raspberrypi/rp2040/dcd_rp2040.c.obj
 *fill*         0x00000000100088b3        0x1 
 .rodata.__func__.6773
                0x00000000100088b4       0x16 CMakeFiles/rgb_remote.dir/home/aleksandar/pico/pico-sdk/lib/tinyusb/src/portable/raspberrypi/rp2040/dcd_rp2040.c.obj
 *fill*         0x00000000100088ca        0x2 
 .rodata.__func__.6794
                0x00000000100088cc       0x13 CMakeFiles/rgb_remote.dir/home/aleksandar/pico/pico-sdk/lib/tinyusb/src/portable/raspberrypi/rp2040/dcd_rp2040.c.obj
 *fill*         0x00000000100088df        0x1 
 .rodata.__func__.6815
                0x00000000100088e0        0x9 CMakeFiles/rgb_remote.dir/home/aleksandar/pico/pico-sdk/lib/tinyusb/src/portable/raspberrypi/rp2040/dcd_rp2040.c.obj
 *fill*         0x00000000100088e9        0x3 
 .rodata.__func__.6819
                0x00000000100088ec        0xf CMakeFiles/rgb_remote.dir/home/aleksandar/pico/pico-sdk/lib/tinyusb/src/portable/raspberrypi/rp2040/dcd_rp2040.c.obj
 *fill*         0x00000000100088fb        0x1 
 .rodata.__func__.6828
                0x00000000100088fc       0x10 CMakeFiles/rgb_remote.dir/home/aleksandar/pico/pico-sdk/lib/tinyusb/src/portable/raspberrypi/rp2040/dcd_rp2040.c.obj
 .rodata.__func__.6840
                0x000000001000890c        0xc CMakeFiles/rgb_remote.dir/home/aleksandar/pico/pico-sdk/lib/tinyusb/src/portable/raspberrypi/rp2040/dcd_rp2040.c.obj
 .rodata.__func__.6845
                0x0000000010008918       0x1a CMakeFiles/rgb_remote.dir/home/aleksandar/pico/pico-sdk/lib/tinyusb/src/portable/raspberrypi/rp2040/dcd_rp2040.c.obj
 *fill*         0x0000000010008932        0x2 
 .rodata.__func__.6850
                0x0000000010008934        0xe CMakeFiles/rgb_remote.dir/home/aleksandar/pico/pico-sdk/lib/tinyusb/src/portable/raspberrypi/rp2040/dcd_rp2040.c.obj
 *fill*         0x0000000010008942        0x2 
 .rodata.__func__.6857
                0x0000000010008944        0xe CMakeFiles/rgb_remote.dir/home/aleksandar/pico/pico-sdk/lib/tinyusb/src/portable/raspberrypi/rp2040/dcd_rp2040.c.obj
 *fill*         0x0000000010008952        0x2 
 .rodata.__func__.6862
                0x0000000010008954        0xf CMakeFiles/rgb_remote.dir/home/aleksandar/pico/pico-sdk/lib/tinyusb/src/portable/raspberrypi/rp2040/dcd_rp2040.c.obj
 *fill*         0x0000000010008963        0x1 
 .rodata.__func__.6867
                0x0000000010008964       0x15 CMakeFiles/rgb_remote.dir/home/aleksandar/pico/pico-sdk/lib/tinyusb/src/portable/raspberrypi/rp2040/dcd_rp2040.c.obj
 *fill*         0x0000000010008979        0x3 
 .rodata._hw_endpoint_buffer_control_update32.str1.4
                0x000000001000897c       0x1f CMakeFiles/rgb_remote.dir/home/aleksandar/pico/pico-sdk/lib/tinyusb/src/portable/raspberrypi/rp2040/rp2040_usb.c.obj
 *fill*         0x000000001000899b        0x1 
 .rodata._hw_endpoint_xfer_sync.str1.4
                0x000000001000899c       0x95 CMakeFiles/rgb_remote.dir/home/aleksandar/pico/pico-sdk/lib/tinyusb/src/portable/raspberrypi/rp2040/rp2040_usb.c.obj
 *fill*         0x0000000010008a31        0x3 
 .rodata._hw_endpoint_xfer_continue.str1.4
                0x0000000010008a34       0x50 CMakeFiles/rgb_remote.dir/home/aleksandar/pico/pico-sdk/lib/tinyusb/src/portable/raspberrypi/rp2040/rp2040_usb.c.obj
 .rodata._hw_endpoint_xfer.str1.4
                0x0000000010008a84        0xf CMakeFiles/rgb_remote.dir/home/aleksandar/pico/pico-sdk/lib/tinyusb/src/portable/raspberrypi/rp2040/rp2040_usb.c.obj
 .rodata.str1.4
                0x0000000010008a93        0xf CMakeFiles/rgb_remote.dir/home/aleksandar/pico/pico-sdk/lib/tinyusb/src/portable/raspberrypi/rp2040/rp2040_usb.c.obj
                                          0x7 (size before relaxing)
 *fill*         0x0000000010008a93        0x1 
 .rodata.__func__.6612
                0x0000000010008a94       0x17 CMakeFiles/rgb_remote.dir/home/aleksandar/pico/pico-sdk/lib/tinyusb/src/portable/raspberrypi/rp2040/rp2040_usb.c.obj
 *fill*         0x0000000010008aab        0x1 
 .rodata.__func__.6623
                0x0000000010008aac       0x12 CMakeFiles/rgb_remote.dir/home/aleksandar/pico/pico-sdk/lib/tinyusb/src/portable/raspberrypi/rp2040/rp2040_usb.c.obj
 *fill*         0x0000000010008abe        0x2 
 .rodata.process_set_config.str1.4
                0x0000000010008ac0       0x17 CMakeFiles/rgb_remote.dir/home/aleksandar/pico/pico-sdk/lib/tinyusb/src/device/usbd.c.obj
 *fill*         0x0000000010008ad7        0x1 
 .rodata.process_get_descriptor
                0x0000000010008ad8       0x40 CMakeFiles/rgb_remote.dir/home/aleksandar/pico/pico-sdk/lib/tinyusb/src/device/usbd.c.obj
 .rodata.dcd_event_handler.str1.4
                0x0000000010008b18       0x50 CMakeFiles/rgb_remote.dir/home/aleksandar/pico/pico-sdk/lib/tinyusb/src/device/usbd.c.obj
 .rodata.process_control_request
                0x0000000010008b68       0x28 CMakeFiles/rgb_remote.dir/home/aleksandar/pico/pico-sdk/lib/tinyusb/src/device/usbd.c.obj
 .rodata.tud_task
                0x0000000010008b90       0x24 CMakeFiles/rgb_remote.dir/home/aleksandar/pico/pico-sdk/lib/tinyusb/src/device/usbd.c.obj
 .rodata.__func__.6356
                0x0000000010008bb4       0x13 CMakeFiles/rgb_remote.dir/home/aleksandar/pico/pico-sdk/lib/tinyusb/src/device/usbd.c.obj
 *fill*         0x0000000010008bc7        0x1 
 .rodata.__func__.6363
                0x0000000010008bc8       0x10 CMakeFiles/rgb_remote.dir/home/aleksandar/pico/pico-sdk/lib/tinyusb/src/device/usbd.c.obj
 .rodata.__func__.7134
                0x0000000010008bd8        0x9 CMakeFiles/rgb_remote.dir/home/aleksandar/pico/pico-sdk/lib/tinyusb/src/device/usbd.c.obj
 *fill*         0x0000000010008be1        0x3 
 .rodata.__func__.7155
                0x0000000010008be4       0x18 CMakeFiles/rgb_remote.dir/home/aleksandar/pico/pico-sdk/lib/tinyusb/src/device/usbd.c.obj
 .rodata.__func__.7194
                0x0000000010008bfc       0x13 CMakeFiles/rgb_remote.dir/home/aleksandar/pico/pico-sdk/lib/tinyusb/src/device/usbd.c.obj
 *fill*         0x0000000010008c0f        0x1 
 .rodata.__func__.7237
                0x0000000010008c10       0x17 CMakeFiles/rgb_remote.dir/home/aleksandar/pico/pico-sdk/lib/tinyusb/src/device/usbd.c.obj
 *fill*         0x0000000010008c27        0x1 
 .rodata.__func__.7291
                0x0000000010008c28       0x14 CMakeFiles/rgb_remote.dir/home/aleksandar/pico/pico-sdk/lib/tinyusb/src/device/usbd.c.obj
 .rodata.__func__.7327
                0x0000000010008c3c        0xf CMakeFiles/rgb_remote.dir/home/aleksandar/pico/pico-sdk/lib/tinyusb/src/device/usbd.c.obj
 *fill*         0x0000000010008c4b        0x1 
 .rodata._usbd_driver
                0x0000000010008c4c       0x1c CMakeFiles/rgb_remote.dir/home/aleksandar/pico/pico-sdk/lib/tinyusb/src/device/usbd.c.obj
 .rodata.tud_control_xfer.str1.4
                0x0000000010008c68       0x17 CMakeFiles/rgb_remote.dir/home/aleksandar/pico/pico-sdk/lib/tinyusb/src/device/usbd_control.c.obj
 .rodata.__func__.7054
                0x0000000010008c68       0x11 CMakeFiles/rgb_remote.dir/home/aleksandar/pico/pico-sdk/lib/tinyusb/src/device/usbd_control.c.obj
 *fill*         0x0000000010008c79        0x3 
 .rodata.__func__.7072
                0x0000000010008c7c       0x15 CMakeFiles/rgb_remote.dir/home/aleksandar/pico/pico-sdk/lib/tinyusb/src/device/usbd_control.c.obj
 .rodata.tud_cdc_n_write_flush.str1.4
                0x0000000010008c91       0x17 CMakeFiles/rgb_remote.dir/home/aleksandar/pico/pico-sdk/lib/tinyusb/src/class/cdc/cdc_device.c.obj
 *fill*         0x0000000010008c91        0x3 
 .rodata.__func__.6996
                0x0000000010008c94       0x16 CMakeFiles/rgb_remote.dir/home/aleksandar/pico/pico-sdk/lib/tinyusb/src/class/cdc/cdc_device.c.obj
 *fill*         0x0000000010008caa        0x2 
 .rodata.__func__.7025
                0x0000000010008cac        0xa CMakeFiles/rgb_remote.dir/home/aleksandar/pico/pico-sdk/lib/tinyusb/src/class/cdc/cdc_device.c.obj
 *fill*         0x0000000010008cb6        0x2 
 .rodata.__func__.7065
                0x0000000010008cb8        0xd CMakeFiles/rgb_remote.dir/home/aleksandar/pico/pico-sdk/lib/tinyusb/src/class/cdc/cdc_device.c.obj
 .rodata.tusb_init.str1.4
                0x0000000010008cc5       0x17 CMakeFiles/rgb_remote.dir/home/aleksandar/pico/pico-sdk/lib/tinyusb/src/tusb.c.obj
 *fill*         0x0000000010008cc5        0x3 
 .rodata.__func__.6933
                0x0000000010008cc8        0xa CMakeFiles/rgb_remote.dir/home/aleksandar/pico/pico-sdk/lib/tinyusb/src/tusb.c.obj
 *fill*         0x0000000010008cd2        0x2 
 .rodata._pio_find_offset_for_program.str1.4
                0x0000000010008cd4       0x87 CMakeFiles/rgb_remote.dir/home/aleksandar/pico/pico-sdk/src/rp2_common/hardware_pio/pio.c.obj
                                         0xda (size before relaxing)
 *fill*         0x0000000010008d5b        0x1 
 .rodata._pio_can_add_program_at_offset.str1.4
                0x0000000010008d5c       0x52 CMakeFiles/rgb_remote.dir/home/aleksandar/pico/pico-sdk/src/rp2_common/hardware_pio/pio.c.obj
 *fill*         0x0000000010008dae        0x2 
 .rodata._pio_add_program_at_offset.str1.4
                0x0000000010008db0       0x11 CMakeFiles/rgb_remote.dir/home/aleksandar/pico/pico-sdk/src/rp2_common/hardware_pio/pio.c.obj
 *fill*         0x0000000010008dc1        0x3 
 .rodata.__func__.4793
                0x0000000010008dc4        0xe CMakeFiles/rgb_remote.dir/home/aleksandar/pico/pico-sdk/src/rp2_common/hardware_pio/pio.c.obj
 *fill*         0x0000000010008dd2        0x2 
 .rodata.__func__.5060
                0x0000000010008dd4       0x1d CMakeFiles/rgb_remote.dir/home/aleksandar/pico/pico-sdk/src/rp2_common/hardware_pio/pio.c.obj
 *fill*         0x0000000010008df1        0x3 
 .rodata.__func__.5078
                0x0000000010008df4       0x1f CMakeFiles/rgb_remote.dir/home/aleksandar/pico/pico-sdk/src/rp2_common/hardware_pio/pio.c.obj
                0x0000000010008e14                . = ALIGN (0x4)
 *fill*         0x0000000010008e13        0x1 
 *(SORT_BY_ALIGNMENT(SORT_BY_NAME(.flashdata*)))
                0x0000000010008e14                . = ALIGN (0x4)

.rel.dyn        0x0000000010008e14        0x0
 .rel.iplt      0x0000000010008e14        0x0 /usr/lib/gcc/arm-none-eabi/9.2.1/thumb/v6-m/nofp/crtbegin.o

.ARM.extab
 *(.ARM.extab* .gnu.linkonce.armextab.*)
                0x0000000010008e14                __exidx_start = .

.ARM.exidx
 *(.ARM.exidx* .gnu.linkonce.armexidx.*)
                0x0000000010008e14                __exidx_end = .
                0x0000000010008e14                . = ALIGN (0x4)
                0x0000000010008e14                __binary_info_start = .

.binary_info    0x0000000010008e14       0x28
 *(.binary_info.keep.*)
 .binary_info.keep.__bi_ptr18
                0x0000000010008e14        0x4 CMakeFiles/rgb_remote.dir/home/aleksandar/pico/pico-sdk/src/rp2_common/pico_standard_link/binary_info.c.obj
 .binary_info.keep.__bi_ptr26
                0x0000000010008e18        0x4 CMakeFiles/rgb_remote.dir/home/aleksandar/pico/pico-sdk/src/rp2_common/pico_standard_link/binary_info.c.obj
 .binary_info.keep.__bi_ptr34
                0x0000000010008e1c        0x4 CMakeFiles/rgb_remote.dir/home/aleksandar/pico/pico-sdk/src/rp2_common/pico_standard_link/binary_info.c.obj
 .binary_info.keep.__bi_ptr40
                0x0000000010008e20        0x4 CMakeFiles/rgb_remote.dir/home/aleksandar/pico/pico-sdk/src/rp2_common/pico_standard_link/binary_info.c.obj
 .binary_info.keep.__bi_ptr46
                0x0000000010008e24        0x4 CMakeFiles/rgb_remote.dir/home/aleksandar/pico/pico-sdk/src/rp2_common/pico_standard_link/binary_info.c.obj
 .binary_info.keep.__bi_ptr52
                0x0000000010008e28        0x4 CMakeFiles/rgb_remote.dir/home/aleksandar/pico/pico-sdk/src/rp2_common/pico_standard_link/binary_info.c.obj
 .binary_info.keep.__bi_ptr71
                0x0000000010008e2c        0x4 CMakeFiles/rgb_remote.dir/home/aleksandar/pico/pico-sdk/src/rp2_common/pico_standard_link/binary_info.c.obj
 *(.binary_info.*)
 .binary_info.__bi_ptr27
                0x0000000010008e30        0x4 CMakeFiles/rgb_remote.dir/home/aleksandar/pico/pico-sdk/src/rp2_common/pico_stdio_uart/stdio_uart.c.obj
 .binary_info.__bi_ptr28
                0x0000000010008e34        0x4 CMakeFiles/rgb_remote.dir/home/aleksandar/pico/pico-sdk/src/rp2_common/pico_stdio_uart/stdio_uart.c.obj
 .binary_info.__bi_ptr93
                0x0000000010008e38        0x4 CMakeFiles/rgb_remote.dir/home/aleksandar/pico/pico-sdk/src/rp2_common/pico_stdio_usb/stdio_usb.c.obj
                0x0000000010008e3c                __binary_info_end = .
                0x0000000010008e3c                . = ALIGN (0x4)
                0x0000000010008e3c                __etext = .

.ram_vector_table
                0x0000000020000000       0xc0
 *(.ram_vector_table)
 .ram_vector_table
                0x0000000020000000       0xc0 CMakeFiles/rgb_remote.dir/home/aleksandar/pico/pico-sdk/src/rp2_common/pico_runtime/runtime.c.obj
                0x0000000020000000                ram_vector_table

.data           0x00000000200000c0      0xb0c load address 0x0000000010008e3c
                0x00000000200000c0                __data_start__ = .
 *(vtable)
 *(.time_critical*)
 .time_critical.mutex_enter_blocking
                0x00000000200000c0       0x64 CMakeFiles/rgb_remote.dir/home/aleksandar/pico/pico-sdk/src/common/pico_sync/mutex.c.obj
                0x00000000200000c0                mutex_enter_blocking
 .time_critical.mutex_try_enter
                0x0000000020000124       0x46 CMakeFiles/rgb_remote.dir/home/aleksandar/pico/pico-sdk/src/common/pico_sync/mutex.c.obj
                0x0000000020000124                mutex_try_enter
 *fill*         0x000000002000016a        0x2 
 .time_critical.mutex_enter_block_until
                0x000000002000016c       0x78 CMakeFiles/rgb_remote.dir/home/aleksandar/pico/pico-sdk/src/common/pico_sync/mutex.c.obj
                0x000000002000016c                mutex_enter_block_until
 .time_critical.mutex_enter_timeout_ms