Archive member included to satisfy reference by file (symbol)

/usr/lib/gcc/arm-none-eabi/9.2.1/thumb/v6-m/nofp/libgcc.a(_dvmd_tls.o)
                              CMakeFiles/rgb_led.dir/home/aleksandar/pico/pico-sdk/src/rp2_common/pico_divider/divider.S.obj (__aeabi_idiv0)
/usr/lib/gcc/arm-none-eabi/9.2.1/../../../arm-none-eabi/lib/thumb/v6-m/nofp/libg.a(lib_a-atexit.o)
                              /usr/lib/gcc/arm-none-eabi/9.2.1/../../../arm-none-eabi/lib/thumb/v6-m/nofp/crt0.o (atexit)
/usr/lib/gcc/arm-none-eabi/9.2.1/../../../arm-none-eabi/lib/thumb/v6-m/nofp/libg.a(lib_a-calloc.o)
                              CMakeFiles/rgb_led.dir/home/aleksandar/pico/pico-sdk/src/rp2_common/pico_malloc/pico_malloc.c.obj (calloc)
/usr/lib/gcc/arm-none-eabi/9.2.1/../../../arm-none-eabi/lib/thumb/v6-m/nofp/libg.a(lib_a-callocr.o)
                              /usr/lib/gcc/arm-none-eabi/9.2.1/../../../arm-none-eabi/lib/thumb/v6-m/nofp/libg.a(lib_a-calloc.o) (_calloc_r)
/usr/lib/gcc/arm-none-eabi/9.2.1/../../../arm-none-eabi/lib/thumb/v6-m/nofp/libg.a(lib_a-ctype_.o)
                              CMakeFiles/rgb_led.dir/home/aleksandar/pico/pico-sdk/lib/tinyusb/src/tusb.c.obj (_ctype_)
/usr/lib/gcc/arm-none-eabi/9.2.1/../../../arm-none-eabi/lib/thumb/v6-m/nofp/libg.a(lib_a-fini.o)
                              /usr/lib/gcc/arm-none-eabi/9.2.1/../../../arm-none-eabi/lib/thumb/v6-m/nofp/crt0.o (__libc_fini_array)
/usr/lib/gcc/arm-none-eabi/9.2.1/../../../arm-none-eabi/lib/thumb/v6-m/nofp/libg.a(lib_a-impure.o)
                              /usr/lib/gcc/arm-none-eabi/9.2.1/../../../arm-none-eabi/lib/thumb/v6-m/nofp/libg.a(lib_a-calloc.o) (_impure_ptr)
/usr/lib/gcc/arm-none-eabi/9.2.1/../../../arm-none-eabi/lib/thumb/v6-m/nofp/libg.a(lib_a-init.o)
                              /usr/lib/gcc/arm-none-eabi/9.2.1/../../../arm-none-eabi/lib/thumb/v6-m/nofp/crt0.o (__libc_init_array)
/usr/lib/gcc/arm-none-eabi/9.2.1/../../../arm-none-eabi/lib/thumb/v6-m/nofp/libg.a(lib_a-malloc.o)
                              CMakeFiles/rgb_led.dir/home/aleksandar/pico/pico-sdk/src/rp2_common/pico_malloc/pico_malloc.c.obj (malloc)
/usr/lib/gcc/arm-none-eabi/9.2.1/../../../arm-none-eabi/lib/thumb/v6-m/nofp/libg.a(lib_a-mallocr.o)
                              /usr/lib/gcc/arm-none-eabi/9.2.1/../../../arm-none-eabi/lib/thumb/v6-m/nofp/libg.a(lib_a-callocr.o) (_malloc_r)
/usr/lib/gcc/arm-none-eabi/9.2.1/../../../arm-none-eabi/lib/thumb/v6-m/nofp/libg.a(lib_a-mlock.o)
                              /usr/lib/gcc/arm-none-eabi/9.2.1/../../../arm-none-eabi/lib/thumb/v6-m/nofp/libg.a(lib_a-mallocr.o) (__malloc_lock)
/usr/lib/gcc/arm-none-eabi/9.2.1/../../../arm-none-eabi/lib/thumb/v6-m/nofp/libg.a(lib_a-sbrkr.o)
                              /usr/lib/gcc/arm-none-eabi/9.2.1/../../../arm-none-eabi/lib/thumb/v6-m/nofp/libg.a(lib_a-mallocr.o) (_sbrk_r)
/usr/lib/gcc/arm-none-eabi/9.2.1/../../../arm-none-eabi/lib/thumb/v6-m/nofp/libg.a(lib_a-strlen-stub.o)
                              CMakeFiles/rgb_led.dir/home/aleksandar/pico/pico-sdk/src/rp2_common/pico_stdio/stdio.c.obj (strlen)
/usr/lib/gcc/arm-none-eabi/9.2.1/../../../arm-none-eabi/lib/thumb/v6-m/nofp/libg.a(lib_a-strtol.o)
                              CMakeFiles/rgb_led.dir/rgb_led.c.obj (strtol)
/usr/lib/gcc/arm-none-eabi/9.2.1/../../../arm-none-eabi/lib/thumb/v6-m/nofp/libg.a(lib_a-__atexit.o)
                              /usr/lib/gcc/arm-none-eabi/9.2.1/../../../arm-none-eabi/lib/thumb/v6-m/nofp/libg.a(lib_a-atexit.o) (__register_exitproc)
/usr/lib/gcc/arm-none-eabi/9.2.1/../../../arm-none-eabi/lib/thumb/v6-m/nofp/libg.a(lib_a-errno.o)
                              /usr/lib/gcc/arm-none-eabi/9.2.1/../../../arm-none-eabi/lib/thumb/v6-m/nofp/libg.a(lib_a-strtol.o) (__errno)
/usr/lib/gcc/arm-none-eabi/9.2.1/../../../arm-none-eabi/lib/thumb/v6-m/nofp/libg.a(lib_a-freer.o)
                              /usr/lib/gcc/arm-none-eabi/9.2.1/../../../arm-none-eabi/lib/thumb/v6-m/nofp/libg.a(lib_a-malloc.o) (_free_r)
/usr/lib/gcc/arm-none-eabi/9.2.1/../../../arm-none-eabi/lib/thumb/v6-m/nofp/libg.a(lib_a-reent.o)
                              /usr/lib/gcc/arm-none-eabi/9.2.1/../../../arm-none-eabi/lib/thumb/v6-m/nofp/libg.a(lib_a-sbrkr.o) (errno)

Allocating common symbols
Common symbol       size              file

sf_table            0x100             CMakeFiles/rgb_led.dir/home/aleksandar/pico/pico-sdk/src/rp2_common/pico_float/float_init_rom.c.obj
errno               0x4               /usr/lib/gcc/arm-none-eabi/9.2.1/../../../arm-none-eabi/lib/thumb/v6-m/nofp/libg.a(lib_a-reent.o)
_usbd_qdef_buf      0xc0              CMakeFiles/rgb_led.dir/home/aleksandar/pico/pico-sdk/lib/tinyusb/src/device/usbd.c.obj
sf_clz_func         0x4               CMakeFiles/rgb_led.dir/home/aleksandar/pico/pico-sdk/src/rp2_common/pico_float/float_init_rom.c.obj
wave_table          0x100             CMakeFiles/rgb_led.dir/rgb_led.c.obj
[...]
Memory Configuration

Name             Origin             Length             Attributes
FLASH            0x0000000010000000 0x0000000000200000 xr
RAM              0x0000000020000000 0x0000000000040000 xrw
SCRATCH_X        0x0000000020040000 0x0000000000001000 xrw
SCRATCH_Y        0x0000000020041000 0x0000000000001000 xrw
*default*        0x0000000000000000 0xffffffffffffffff

Linker script and memory map

LOAD /usr/lib/gcc/arm-none-eabi/9.2.1/thumb/v6-m/nofp/crti.o
LOAD /usr/lib/gcc/arm-none-eabi/9.2.1/thumb/v6-m/nofp/crtbegin.o
LOAD /usr/lib/gcc/arm-none-eabi/9.2.1/../../../arm-none-eabi/lib/thumb/v6-m/nofp/crt0.o

.flash_begin    0x0000000010000000        0x0
                0x0000000010000000                __flash_binary_start = .

.boot2          0x0000000010000000      0x100
                0x0000000010000000                __boot2_start__ = .
 *(.boot2)
 .boot2         0x0000000010000000      0x100 /tmp/cczWdbTl.o
                0x0000000010000100                __boot2_end__ = .
                0x0000000000000001                ASSERT (((__boot2_end__ - __boot2_start__) == 0x100), ERROR: Pico second stage bootloader must be 256 bytes in size)

.text           0x0000000010000100     0x7b40
                0x0000000010000100                __logical_binary_start = .
 *(.vectors)
 .vectors       0x0000000010000100       0xd4 CMakeFiles/rgb_led.dir/home/aleksandar/pico/pico-sdk/src/rp2_common/pico_standard_link/crt0.S.obj
                0x0000000010000100                __vectors
                0x00000000100001c0                isr_invalid
                0x00000000100001c2                isr_nmi
                0x00000000100001c4                isr_hardfault
                0x00000000100001c6                isr_svcall
                0x00000000100001c8                isr_pendsv
                0x00000000100001ca                isr_systick
                0x00000000100001cc                isr_irq30
                0x00000000100001cc                __unhandled_user_irq
                0x00000000100001cc                isr_irq13
                0x00000000100001cc                isr_irq27
                0x00000000100001cc                isr_irq31
                0x00000000100001cc                isr_irq5
                0x00000000100001cc                isr_irq11
                0x00000000100001cc                isr_irq23
                0x00000000100001cc                isr_irq18
                0x00000000100001cc                isr_irq28
                0x00000000100001cc                isr_irq19
                0x00000000100001cc                isr_irq0
                0x00000000100001cc                isr_irq6
                0x00000000100001cc                isr_irq22
                0x00000000100001cc                isr_irq17
                0x00000000100001cc                isr_irq14
                0x00000000100001cc                isr_irq2
                0x00000000100001cc                isr_irq10
                0x00000000100001cc                isr_irq8
                0x00000000100001cc                isr_irq24
                0x00000000100001cc                isr_irq1
                0x00000000100001cc                isr_irq7
                0x00000000100001cc                isr_irq21
                0x00000000100001cc                isr_irq20
                0x00000000100001cc                isr_irq15
                0x00000000100001cc                isr_irq25
                0x00000000100001cc                isr_irq4
                0x00000000100001cc                isr_irq16
                0x00000000100001cc                isr_irq29
                0x00000000100001cc                isr_irq26
                0x00000000100001cc                isr_irq3
                0x00000000100001cc                isr_irq12
                0x00000000100001cc                isr_irq9
                0x00000000100001d2                unhandled_user_irq_num_in_r0
 *(.binary_info_header)
 .binary_info_header
                0x00000000100001d4       0x14 CMakeFiles/rgb_led.dir/home/aleksandar/pico/pico-sdk/src/rp2_common/pico_standard_link/crt0.S.obj
                0x00000000100001e8                __binary_info_header_end = .
 *(.reset)
 .reset         0x00000000100001e8       0xa8 CMakeFiles/rgb_led.dir/home/aleksandar/pico/pico-sdk/src/rp2_common/pico_standard_link/crt0.S.obj
                0x00000000100001e8                _entry_point
                0x0000000010000266                __get_current_exception
 .reset         0x0000000010000290       0x30 CMakeFiles/rgb_led.dir/home/aleksandar/pico/pico-sdk/src/rp2_common/pico_standard_link/binary_info.c.obj
 *(.init)
 .init          0x00000000100002c0        0x4 /usr/lib/gcc/arm-none-eabi/9.2.1/thumb/v6-m/nofp/crti.o
                0x00000000100002c0                _init
 *(EXCLUDE_FILE(*libm.a: *libc.a:*lib_a-mem*.o *libgcc.a:) .text*)
 .text          0x00000000100002c4       0x98 /usr/lib/gcc/arm-none-eabi/9.2.1/thumb/v6-m/nofp/crtbegin.o
 .text.put_rgb888
                0x000000001000035c       0x2a CMakeFiles/rgb_led.dir/rgb_led.c.obj
                0x000000001000035c                put_rgb888
 *fill*         0x0000000010000386        0x2 
 .text.main     0x0000000010000388      0x2e8 CMakeFiles/rgb_led.dir/rgb_led.c.obj
                0x0000000010000388                main
 .text.gpio_set_function
                0x0000000010000670       0x30 CMakeFiles/rgb_led.dir/home/aleksandar/pico/pico-sdk/src/rp2_common/hardware_gpio/gpio.c.obj
                0x0000000010000670                gpio_set_function
 .text.hw_claim_lock
                0x00000000100006a0       0x18 CMakeFiles/rgb_led.dir/home/aleksandar/pico/pico-sdk/src/rp2_common/hardware_claim/claim.c.obj
                0x00000000100006a0                hw_claim_lock
 .text.hw_claim_unlock
                0x00000000100006b8       0x14 CMakeFiles/rgb_led.dir/home/aleksandar/pico/pico-sdk/src/rp2_common/hardware_claim/claim.c.obj
                0x00000000100006b8                hw_claim_unlock
 .text.hw_claim_or_assert
                0x00000000100006cc       0x34 CMakeFiles/rgb_led.dir/home/aleksandar/pico/pico-sdk/src/rp2_common/hardware_claim/claim.c.obj
                0x00000000100006cc                hw_claim_or_assert
 .text.hw_claim_unused_from_range
                0x0000000010000700       0x56 CMakeFiles/rgb_led.dir/home/aleksandar/pico/pico-sdk/src/rp2_common/hardware_claim/claim.c.obj
                0x0000000010000700                hw_claim_unused_from_range
 *fill*         0x0000000010000756        0x2 
 .text.spin_locks_reset
                0x0000000010000758       0x20 CMakeFiles/rgb_led.dir/home/aleksandar/pico/pico-sdk/src/rp2_common/hardware_sync/sync.c.obj
                0x0000000010000758                spin_locks_reset
 .text.next_striped_spin_lock_num
                0x0000000010000778       0x1c CMakeFiles/rgb_led.dir/home/aleksandar/pico/pico-sdk/src/rp2_common/hardware_sync/sync.c.obj
                0x0000000010000778                next_striped_spin_lock_num
 .text.spin_lock_claim_unused
                0x0000000010000794       0x20 CMakeFiles/rgb_led.dir/home/aleksandar/pico/pico-sdk/src/rp2_common/hardware_sync/sync.c.obj
                0x0000000010000794                spin_lock_claim_unused
 .text.running_on_fpga
                0x00000000100007b4       0x14 CMakeFiles/rgb_led.dir/home/aleksandar/pico/pico-sdk/src/rp2_common/pico_platform/platform.c.obj
                0x00000000100007b4                running_on_fpga
 .text.uart_set_baudrate
                0x00000000100007c8       0x64 CMakeFiles/rgb_led.dir/home/aleksandar/pico/pico-sdk/src/rp2_common/hardware_uart/uart.c.obj
                0x00000000100007c8                uart_set_baudrate
 .text.uart_set_translate_crlf
                0x000000001000082c       0x28 CMakeFiles/rgb_led.dir/home/aleksandar/pico/pico-sdk/src/rp2_common/hardware_uart/uart.c.obj
                0x000000001000082c                uart_set_translate_crlf
 .text.uart_init
                0x0000000010000854       0x80 CMakeFiles/rgb_led.dir/home/aleksandar/pico/pico-sdk/src/rp2_common/hardware_uart/uart.c.obj
                0x0000000010000854                uart_init
 .text.sev_callback
                0x00000000100008d4        0x8 CMakeFiles/rgb_led.dir/home/aleksandar/pico/pico-sdk/src/common/pico_time/time.c.obj
 .text.timer_pool_entry_comparator
                0x00000000100008dc       0x7c CMakeFiles/rgb_led.dir/home/aleksandar/pico/pico-sdk/src/common/pico_time/time.c.obj
                0x00000000100008dc                timer_pool_entry_comparator
 .text.ph_add_child_node
                0x0000000010000958       0xa4 CMakeFiles/rgb_led.dir/home/aleksandar/pico/pico-sdk/src/common/pico_time/time.c.obj
 .text.ph_merge_nodes
                0x00000000100009fc       0x3e CMakeFiles/rgb_led.dir/home/aleksandar/pico/pico-sdk/src/common/pico_time/time.c.obj
 *fill*         0x0000000010000a3a        0x2 
 .text.add_alarm_under_lock
                0x0000000010000a3c      0x178 CMakeFiles/rgb_led.dir/home/aleksandar/pico/pico-sdk/src/common/pico_time/time.c.obj
 .text.alarm_pool_alarm_callback
                0x0000000010000bb4      0x2e8 CMakeFiles/rgb_led.dir/home/aleksandar/pico/pico-sdk/src/common/pico_time/time.c.obj
 .text.alarm_pool_get_default
                0x0000000010000e9c       0x28 CMakeFiles/rgb_led.dir/home/aleksandar/pico/pico-sdk/src/common/pico_time/time.c.obj
                0x0000000010000e9c                alarm_pool_get_default
 .text.alarm_pool_create
                0x0000000010000ec4       0x6c CMakeFiles/rgb_led.dir/home/aleksandar/pico/pico-sdk/src/common/pico_time/time.c.obj
                0x0000000010000ec4                alarm_pool_create
 .text.alarm_pool_init_default
                0x0000000010000f30       0x20 CMakeFiles/rgb_led.dir/home/aleksandar/pico/pico-sdk/src/common/pico_time/time.c.obj
                0x0000000010000f30                alarm_pool_init_default
 .text.alarm_pool_add_alarm_at
                0x0000000010000f50      0x12c CMakeFiles/rgb_led.dir/home/aleksandar/pico/pico-sdk/src/common/pico_time/time.c.obj
                0x0000000010000f50                alarm_pool_add_alarm_at
 .text.alarm_pool_cancel_alarm
                0x000000001000107c       0xec CMakeFiles/rgb_led.dir/home/aleksandar/pico/pico-sdk/src/common/pico_time/time.c.obj
                0x000000001000107c                alarm_pool_cancel_alarm
 .text.sleep_until
                0x0000000010001168       0x94 CMakeFiles/rgb_led.dir/home/aleksandar/pico/pico-sdk/src/common/pico_time/time.c.obj
                0x0000000010001168                sleep_until
 .text.sleep_us
                0x00000000100011fc       0x2c CMakeFiles/rgb_led.dir/home/aleksandar/pico/pico-sdk/src/common/pico_time/time.c.obj
                0x00000000100011fc                sleep_us
 .text.sleep_ms
                0x0000000010001228       0x14 CMakeFiles/rgb_led.dir/home/aleksandar/pico/pico-sdk/src/common/pico_time/time.c.obj
                0x0000000010001228                sleep_ms
 .text.best_effort_wfe_or_timeout
                0x000000001000123c       0x80 CMakeFiles/rgb_led.dir/home/aleksandar/pico/pico-sdk/src/common/pico_time/time.c.obj
                0x000000001000123c                best_effort_wfe_or_timeout
 .text.hardware_alarm_irq_handler
                0x00000000100012bc       0x8c CMakeFiles/rgb_led.dir/home/aleksandar/pico/pico-sdk/src/rp2_common/hardware_timer/timer.c.obj
 .text.hardware_alarm_claim
                0x0000000010001348       0x18 CMakeFiles/rgb_led.dir/home/aleksandar/pico/pico-sdk/src/rp2_common/hardware_timer/timer.c.obj
                0x0000000010001348                hardware_alarm_claim
 .text.time_us_64
                0x0000000010001360       0x18 CMakeFiles/rgb_led.dir/home/aleksandar/pico/pico-sdk/src/rp2_common/hardware_timer/timer.c.obj
                0x0000000010001360                time_us_64
 .text.busy_wait_until
                0x0000000010001378       0x24 CMakeFiles/rgb_led.dir/home/aleksandar/pico/pico-sdk/src/rp2_common/hardware_timer/timer.c.obj
                0x0000000010001378                busy_wait_until
 .text.hardware_alarm_set_callback
                0x000000001000139c       0x90 CMakeFiles/rgb_led.dir/home/aleksandar/pico/pico-sdk/src/rp2_common/hardware_timer/timer.c.obj
                0x000000001000139c                hardware_alarm_set_callback
 .text.hardware_alarm_set_target
                0x000000001000142c       0xd0 CMakeFiles/rgb_led.dir/home/aleksandar/pico/pico-sdk/src/rp2_common/hardware_timer/timer.c.obj
                0x000000001000142c                hardware_alarm_set_target
 .text.hardware_alarm_cancel
                0x00000000100014fc       0x40 CMakeFiles/rgb_led.dir/home/aleksandar/pico/pico-sdk/src/rp2_common/hardware_timer/timer.c.obj
                0x00000000100014fc                hardware_alarm_cancel
 .text.lock_init
                0x000000001000153c       0x30 CMakeFiles/rgb_led.dir/home/aleksandar/pico/pico-sdk/src/common/pico_sync/lock_core.c.obj
                0x000000001000153c                lock_init
 .text.mutex_init
                0x000000001000156c       0x1a CMakeFiles/rgb_led.dir/home/aleksandar/pico/pico-sdk/src/common/pico_sync/mutex.c.obj
                0x000000001000156c                mutex_init
 .text.critical_section_init_with_lock_num
                0x0000000010001586        0xc CMakeFiles/rgb_led.dir/home/aleksandar/pico/pico-sdk/src/common/pico_sync/critical_section.c.obj
                0x0000000010001586                critical_section_init_with_lock_num
 .text.critical_section_init
                0x0000000010001592       0x14 CMakeFiles/rgb_led.dir/home/aleksandar/pico/pico-sdk/src/common/pico_sync/critical_section.c.obj
                0x0000000010001592                critical_section_init
 *fill*         0x00000000100015a6        0x2 
 .text.ph_add_child_node
                0x00000000100015a8       0xa4 CMakeFiles/rgb_led.dir/home/aleksandar/pico/pico-sdk/src/common/pico_util/pheap.c.obj
 .text.ph_merge_nodes
                0x000000001000164c       0x3e CMakeFiles/rgb_led.dir/home/aleksandar/pico/pico-sdk/src/common/pico_util/pheap.c.obj
 *fill*         0x000000001000168a        0x2 
 .text.ph_clear
                0x000000001000168c       0x74 CMakeFiles/rgb_led.dir/home/aleksandar/pico/pico-sdk/src/common/pico_util/pheap.c.obj
                0x000000001000168c                ph_clear
 .text.ph_create
                0x0000000010001700       0x2c CMakeFiles/rgb_led.dir/home/aleksandar/pico/pico-sdk/src/common/pico_util/pheap.c.obj
                0x0000000010001700                ph_create
 .text.ph_merge_two_pass
                0x000000001000172c       0xa8 CMakeFiles/rgb_led.dir/home/aleksandar/pico/pico-sdk/src/common/pico_util/pheap.c.obj
                0x000000001000172c                ph_merge_two_pass
 .text.ph_remove_any_head
                0x00000000100017d4      0x108 CMakeFiles/rgb_led.dir/home/aleksandar/pico/pico-sdk/src/common/pico_util/pheap.c.obj
 .text.ph_remove_head_reserve
                0x00000000100018dc       0x14 CMakeFiles/rgb_led.dir/home/aleksandar/pico/pico-sdk/src/common/pico_util/pheap.c.obj
                0x00000000100018dc                ph_remove_head_reserve
 .text.ph_delete
                0x00000000100018f0       0xf8 CMakeFiles/rgb_led.dir/home/aleksandar/pico/pico-sdk/src/common/pico_util/pheap.c.obj
                0x00000000100018f0                ph_delete
 .text.runtime_init
                0x00000000100019e8       0xcc CMakeFiles/rgb_led.dir/home/aleksandar/pico/pico-sdk/src/rp2_common/pico_runtime/runtime.c.obj
                0x00000000100019e8                runtime_init
 .text._exit    0x0000000010001ab4        0x4 CMakeFiles/rgb_led.dir/home/aleksandar/pico/pico-sdk/src/rp2_common/pico_runtime/runtime.c.obj
                0x0000000010001ab4                _exit
 .text._sbrk    0x0000000010001ab8       0x38 CMakeFiles/rgb_led.dir/home/aleksandar/pico/pico-sdk/src/rp2_common/pico_runtime/runtime.c.obj
                0x0000000010001ab8                _sbrk
 .text.exit     0x0000000010001af0        0x6 CMakeFiles/rgb_led.dir/home/aleksandar/pico/pico-sdk/src/rp2_common/pico_runtime/runtime.c.obj
                0x0000000010001af0                exit
 *fill*         0x0000000010001af6        0x2 
 .text.__assert_func
                0x0000000010001af8       0x3c CMakeFiles/rgb_led.dir/home/aleksandar/pico/pico-sdk/src/rp2_common/pico_runtime/runtime.c.obj
                0x0000000010001af8                __assert_func
 .text.panic    0x0000000010001b34       0x30 CMakeFiles/rgb_led.dir/home/aleksandar/pico/pico-sdk/src/rp2_common/pico_runtime/runtime.c.obj
                0x0000000010001b34                panic
 .text.clock_configure
                0x0000000010001b64       0xe8 CMakeFiles/rgb_led.dir/home/aleksandar/pico/pico-sdk/src/rp2_common/hardware_clocks/clocks.c.obj
                0x0000000010001b64                clock_configure
 .text.clocks_init
                0x0000000010001c4c      0x124 CMakeFiles/rgb_led.dir/home/aleksandar/pico/pico-sdk/src/rp2_common/hardware_clocks/clocks.c.obj
                0x0000000010001c4c                clocks_init
 .text.clock_get_hz
                0x0000000010001d70        0xc CMakeFiles/rgb_led.dir/home/aleksandar/pico/pico-sdk/src/rp2_common/hardware_clocks/clocks.c.obj
                0x0000000010001d70                clock_get_hz
 .text.watchdog_start_tick
                0x0000000010001d7c       0x10 CMakeFiles/rgb_led.dir/home/aleksandar/pico/pico-sdk/src/rp2_common/hardware_watchdog/watchdog.c.obj
                0x0000000010001d7c                watchdog_start_tick
 .text.xosc_init
                0x0000000010001d8c       0x28 CMakeFiles/rgb_led.dir/home/aleksandar/pico/pico-sdk/src/rp2_common/hardware_xosc/xosc.c.obj
                0x0000000010001d8c                xosc_init
 .text.pll_init
                0x0000000010001db4       0xd4 CMakeFiles/rgb_led.dir/home/aleksandar/pico/pico-sdk/src/rp2_common/hardware_pll/pll.c.obj
                0x0000000010001db4                pll_init
 .text.set_raw_irq_handler_and_unlock
                0x0000000010001e88       0x28 CMakeFiles/rgb_led.dir/home/aleksandar/pico/pico-sdk/src/rp2_common/hardware_irq/irq.c.obj
 .text.make_branch
                0x0000000010001eb0       0x34 CMakeFiles/rgb_led.dir/home/aleksandar/pico/pico-sdk/src/rp2_common/hardware_irq/irq.c.obj
 .text.insert_branch_and_link
                0x0000000010001ee4       0x40 CMakeFiles/rgb_led.dir/home/aleksandar/pico/pico-sdk/src/rp2_common/hardware_irq/irq.c.obj
 .text.irq_is_enabled
                0x0000000010001f24       0x18 CMakeFiles/rgb_led.dir/home/aleksandar/pico/pico-sdk/src/rp2_common/hardware_irq/irq.c.obj
                0x0000000010001f24                irq_is_enabled
 .text.irq_set_mask_enabled
                0x0000000010001f3c       0x20 CMakeFiles/rgb_led.dir/home/aleksandar/pico/pico-sdk/src/rp2_common/hardware_irq/irq.c.obj
                0x0000000010001f3c                irq_set_mask_enabled
 .text.irq_set_enabled
                0x0000000010001f5c        0xe CMakeFiles/rgb_led.dir/home/aleksandar/pico/pico-sdk/src/rp2_common/hardware_irq/irq.c.obj
                0x0000000010001f5c                irq_set_enabled
 *fill*         0x0000000010001f6a        0x2 
 .text.irq_set_pending
                0x0000000010001f6c       0x10 CMakeFiles/rgb_led.dir/home/aleksandar/pico/pico-sdk/src/rp2_common/hardware_irq/irq.c.obj
                0x0000000010001f6c                irq_set_pending
 .text.irq_get_vtable_handler
                0x0000000010001f7c       0x10 CMakeFiles/rgb_led.dir/home/aleksandar/pico/pico-sdk/src/rp2_common/hardware_irq/irq.c.obj
                0x0000000010001f7c                irq_get_vtable_handler
 .text.irq_set_exclusive_handler
                0x0000000010001f8c       0x54 CMakeFiles/rgb_led.dir/home/aleksandar/pico/pico-sdk/src/rp2_common/hardware_irq/irq.c.obj
                0x0000000010001f8c                irq_set_exclusive_handler
 .text.irq_remove_handler
                0x0000000010001fe0      0x1b4 CMakeFiles/rgb_led.dir/home/aleksandar/pico/pico-sdk/src/rp2_common/hardware_irq/irq.c.obj
                0x0000000010001fe0                irq_remove_handler
 .text.irq_set_priority
                0x0000000010002194       0x28 CMakeFiles/rgb_led.dir/home/aleksandar/pico/pico-sdk/src/rp2_common/hardware_irq/irq.c.obj
                0x0000000010002194                irq_set_priority
 .text.irq_add_tail_to_free_list
                0x00000000100021bc       0xf8 CMakeFiles/rgb_led.dir/home/aleksandar/pico/pico-sdk/src/rp2_common/hardware_irq/irq.c.obj
                0x00000000100021bc                irq_add_tail_to_free_list
 .text.irq_init_priorities
                0x00000000100022b4       0x16 CMakeFiles/rgb_led.dir/home/aleksandar/pico/pico-sdk/src/rp2_common/hardware_irq/irq.c.obj
                0x00000000100022b4                irq_init_priorities
 .text._out_null
                0x00000000100022ca        0x2 CMakeFiles/rgb_led.dir/home/aleksandar/pico/pico-sdk/src/rp2_common/pico_printf/printf.c.obj
 .text._out_fct
                0x00000000100022cc        0xe CMakeFiles/rgb_led.dir/home/aleksandar/pico/pico-sdk/src/rp2_common/pico_printf/printf.c.obj
 .text._atoi    0x00000000100022da       0x24 CMakeFiles/rgb_led.dir/home/aleksandar/pico/pico-sdk/src/rp2_common/pico_printf/printf.c.obj
 .text._out_rev
                0x00000000100022fe       0xae CMakeFiles/rgb_led.dir/home/aleksandar/pico/pico-sdk/src/rp2_common/pico_printf/printf.c.obj
 .text._ntoa_format
                0x00000000100023ac      0x110 CMakeFiles/rgb_led.dir/home/aleksandar/pico/pico-sdk/src/rp2_common/pico_printf/printf.c.obj
 .text._ntoa_long
                0x00000000100024bc       0xbc CMakeFiles/rgb_led.dir/home/aleksandar/pico/pico-sdk/src/rp2_common/pico_printf/printf.c.obj
 .text._ntoa_long_long
                0x0000000010002578       0xe2 CMakeFiles/rgb_led.dir/home/aleksandar/pico/pico-sdk/src/rp2_common/pico_printf/printf.c.obj
 *fill*         0x000000001000265a        0x2 
 .text._etoa    0x000000001000265c      0x3f4 CMakeFiles/rgb_led.dir/home/aleksandar/pico/pico-sdk/src/rp2_common/pico_printf/printf.c.obj
 .text._ftoa    0x0000000010002a50      0x354 CMakeFiles/rgb_led.dir/home/aleksandar/pico/pico-sdk/src/rp2_common/pico_printf/printf.c.obj
 .text._vsnprintf
                0x0000000010002da4      0x628 CMakeFiles/rgb_led.dir/home/aleksandar/pico/pico-sdk/src/rp2_common/pico_printf/printf.c.obj
 .text.vfctprintf
                0x00000000100033cc       0x20 CMakeFiles/rgb_led.dir/home/aleksandar/pico/pico-sdk/src/rp2_common/pico_printf/printf.c.obj
                0x00000000100033cc                vfctprintf
 .text          0x00000000100033ec       0x10 CMakeFiles/rgb_led.dir/home/aleksandar/pico/pico-sdk/src/rp2_common/pico_bit_ops/bit_ops_aeabi.S.obj
 .text.ctzsi    0x00000000100033fc        0xc CMakeFiles/rgb_led.dir/home/aleksandar/pico/pico-sdk/src/rp2_common/pico_bit_ops/bit_ops_aeabi.S.obj
                0x00000000100033fc                __wrap___ctzsi2
 .text.rom_func_lookup
                0x0000000010003408       0x10 CMakeFiles/rgb_led.dir/home/aleksandar/pico/pico-sdk/src/rp2_common/pico_bootrom/bootrom.c.obj
                0x0000000010003408                rom_func_lookup
 .text.rom_data_lookup
                0x0000000010003418       0x10 CMakeFiles/rgb_led.dir/home/aleksandar/pico/pico-sdk/src/rp2_common/pico_bootrom/bootrom.c.obj
                0x0000000010003418                rom_data_lookup
 .text.rom_funcs_lookup
                0x0000000010003428       0x36 CMakeFiles/rgb_led.dir/home/aleksandar/pico/pico-sdk/src/rp2_common/pico_bootrom/bootrom.c.obj
                0x0000000010003428                rom_funcs_lookup
 *fill*         0x000000001000345e        0x2 
 .text.__wrap___aeabi_idiv
                0x0000000010003460       0x58 CMakeFiles/rgb_led.dir/home/aleksandar/pico/pico-sdk/src/rp2_common/pico_divider/divider.S.obj
                0x0000000010003460                __wrap___aeabi_idivmod
                0x0000000010003460                divmod_s32s32
                0x0000000010003460                div_s32s32
                0x0000000010003460                __wrap___aeabi_idiv
                0x0000000010003468                divmod_s32s32_unsafe
                0x0000000010003494                divmod_s32s32_savestate
 .text.__wrap___aeabi_uidiv
                0x00000000100034b8       0x54 CMakeFiles/rgb_led.dir/home/aleksandar/pico/pico-sdk/src/rp2_common/pico_divider/divider.S.obj
                0x00000000100034b8                __wrap___aeabi_uidiv
                0x00000000100034b8                __wrap___aeabi_uidivmod
                0x00000000100034b8                div_u32u32
                0x00000000100034b8                divmod_u32u32
                0x00000000100034c0                divmod_u32u32_unsafe
                0x00000000100034e8                divmod_u32u32_savestate
 .text.__wrap___aeabi_ldiv
                0x000000001000350c      0x430 CMakeFiles/rgb_led.dir/home/aleksandar/pico/pico-sdk/src/rp2_common/pico_divider/divider.S.obj
                0x000000001000350c                div_s64s64
                0x000000001000350c                divmod_s64s64
                0x000000001000350c                __wrap___aeabi_ldivmod
                0x0000000010003544                div_u64u64
                0x0000000010003544                divmod_u64u64
                0x0000000010003544                __wrap___aeabi_uldivmod
                0x0000000010003554                divmod_u64u64_savestate
                0x000000001000357c                divmod_s64s64_unsafe
                0x0000000010003604                divmod_u64u64_unsafe
 .text.__wrap___aeabi_darithmetic
                0x000000001000393c       0x54 CMakeFiles/rgb_led.dir/home/aleksandar/pico/pico-sdk/src/rp2_common/pico_double/double_aeabi.S.obj
                0x000000001000393c                __wrap___aeabi_drsub
                0x0000000010003942                __wrap___aeabi_dsub
                0x0000000010003954                __wrap___aeabi_dadd
                0x0000000010003966                __wrap___aeabi_ddiv
                0x0000000010003978                __wrap___aeabi_dmul
 .text.__wrap___aeabi_cdcmple
                0x0000000010003990       0x6c CMakeFiles/rgb_led.dir/home/aleksandar/pico/pico-sdk/src/rp2_common/pico_double/double_aeabi.S.obj
                0x0000000010003990                __wrap___aeabi_cdrcmple
                0x00000000100039a0                __wrap___aeabi_cdcmple
                0x00000000100039a0                __wrap___aeabi_cdcmpeq
 .text.__wrap___aeabi_dcmplt
                0x00000000100039fc        0xc CMakeFiles/rgb_led.dir/home/aleksandar/pico/pico-sdk/src/rp2_common/pico_double/double_aeabi.S.obj
                0x00000000100039fc                __wrap___aeabi_dcmplt
 .text.__wrap___aeabi_dcmple
                0x0000000010003a08       0x10 CMakeFiles/rgb_led.dir/home/aleksandar/pico/pico-sdk/src/rp2_common/pico_double/double_aeabi.S.obj
                0x0000000010003a08                __wrap___aeabi_dcmple
 .text.__wrap___aeabi_dcmpge
                0x0000000010003a18       0x10 CMakeFiles/rgb_led.dir/home/aleksandar/pico/pico-sdk/src/rp2_common/pico_double/double_aeabi.S.obj
                0x0000000010003a18                __wrap___aeabi_dcmpge
 .text.__wrap___aeabi_dcmpgt
                0x0000000010003a28        0xa CMakeFiles/rgb_led.dir/home/aleksandar/pico/pico-sdk/src/rp2_common/pico_double/double_aeabi.S.obj
                0x0000000010003a28                __wrap___aeabi_dcmpgt
 .text.__wrap___aeabi_dcmpun
                0x0000000010003a32       0x1c CMakeFiles/rgb_led.dir/home/aleksandar/pico/pico-sdk/src/rp2_common/pico_double/double_aeabi.S.obj
                0x0000000010003a32                __wrap___aeabi_dcmpun
 *fill*         0x0000000010003a4e        0x2 
 .text.__wrap___aeabi_i2d
                0x0000000010003a50       0x38 CMakeFiles/rgb_led.dir/home/aleksandar/pico/pico-sdk/src/rp2_common/pico_double/double_aeabi.S.obj
                0x0000000010003a50                __wrap___aeabi_ui2d
                0x0000000010003a58                __wrap___aeabi_i2d
 .text.__wrap___aeabi_d2iz
                0x0000000010003a88       0x48 CMakeFiles/rgb_led.dir/home/aleksandar/pico/pico-sdk/src/rp2_common/pico_double/double_aeabi.S.obj
                0x0000000010003a88                __wrap___aeabi_d2iz
                0x0000000010003a88                double2int_z
 .text.__wrap___aeabi_d2uiz
                0x0000000010003ad0       0x18 CMakeFiles/rgb_led.dir/home/aleksandar/pico/pico-sdk/src/rp2_common/pico_double/double_aeabi.S.obj
                0x0000000010003ad0                double2uint
                0x0000000010003ad0                __wrap___aeabi_d2uiz
 .text.__aeabi_double_init
                0x0000000010003ae8       0xb4 CMakeFiles/rgb_led.dir/home/aleksandar/pico/pico-sdk/src/rp2_common/pico_double/double_init_rom.c.obj
                0x0000000010003ae8                __aeabi_double_init
 .text.double_table_shim_on_use_helper
                0x0000000010003b9c       0x34 CMakeFiles/rgb_led.dir/home/aleksandar/pico/pico-sdk/src/rp2_common/pico_double/double_v1_rom_shim.S.obj
                0x0000000010003b9c                double_table_shim_on_use_helper
 .text.__wrap___aeabi_dsub
                0x0000000010003bd0       0x10 CMakeFiles/rgb_led.dir/home/aleksandar/pico/pico-sdk/src/rp2_common/pico_double/double_v1_rom_shim.S.obj
                0x0000000010003bd0                drsub_shim
                0x0000000010003bd6                dsub_shim
 .text.dadd_shim
                0x0000000010003be0      0x15c CMakeFiles/rgb_led.dir/home/aleksandar/pico/pico-sdk/src/rp2_common/pico_double/double_v1_rom_shim.S.obj
                0x0000000010003be0                dadd_shim
 .text.dmul_shim
                0x0000000010003d3c      0x15c CMakeFiles/rgb_led.dir/home/aleksandar/pico/pico-sdk/src/rp2_common/pico_double/double_v1_rom_shim.S.obj
                0x0000000010003d3c                dmul_shim
 .text.ddiv_shim
                0x0000000010003e98      0x1b0 CMakeFiles/rgb_led.dir/home/aleksandar/pico/pico-sdk/src/rp2_common/pico_double/double_v1_rom_shim.S.obj
                0x0000000010003e98                ddiv_shim
 .text.dcordic_rot_step
                0x0000000010004048       0x7c CMakeFiles/rgb_led.dir/home/aleksandar/pico/pico-sdk/src/rp2_common/pico_double/double_v1_rom_shim.S.obj
                0x0000000010004048                dcordic_rot_step
 .text.double2uint_shim
                0x00000000100040c4        0xe CMakeFiles/rgb_led.dir/home/aleksandar/pico/pico-sdk/src/rp2_common/pico_double/double_v1_rom_shim.S.obj
                0x00000000100040c4                double2uint_shim
                0x00000000100040c6                double2ufix_shim
 *fill*         0x00000000100040d2        0x2 
 .text.double2uint64_shim
                0x00000000100040d4       0x6c CMakeFiles/rgb_led.dir/home/aleksandar/pico/pico-sdk/src/rp2_common/pico_double/double_v1_rom_shim.S.obj
                0x00000000100040d4                double2uint64_shim
                0x00000000100040d6                double2ufix64_shim
                0x00000000100040f0                d2fix_a
 .text.dunpacks
                0x0000000010004140       0x3c CMakeFiles/rgb_led.dir/home/aleksandar/pico/pico-sdk/src/rp2_common/pico_double/double_v1_rom_shim.S.obj
                0x0000000010004140                dunpacks
 .text.__aeabi_lmul
                0x000000001000417c       0x32 CMakeFiles/rgb_led.dir/home/aleksandar/pico/pico-sdk/src/rp2_common/pico_int64_ops/pico_int64_ops_aeabi.S.obj
                0x000000001000417c                __wrap___aeabi_lmul
 *fill*         0x00000000100041ae        0x2 
 .text.__wrap___aeabi_farithmetic
                0x00000000100041b0       0x34 CMakeFiles/rgb_led.dir/home/aleksandar/pico/pico-sdk/src/rp2_common/pico_float/float_aeabi.S.obj
                0x00000000100041b0                __wrap___aeabi_frsub
                0x00000000100041b6                __wrap___aeabi_fsub
                0x00000000100041c0                __wrap___aeabi_fadd
                0x00000000100041ca                __wrap___aeabi_fdiv
                0x00000000100041d4                __wrap___aeabi_fmul
 .text.__wrap___aeabi_ui2f
                0x00000000100041e4        0xa CMakeFiles/rgb_led.dir/home/aleksandar/pico/pico-sdk/src/rp2_common/pico_float/float_aeabi.S.obj
                0x00000000100041e4                __wrap___aeabi_ui2f
 *fill*         0x00000000100041ee        0x2 
 .text.__wrap___aeabi_i2f
                0x00000000100041f0       0x44 CMakeFiles/rgb_led.dir/home/aleksandar/pico/pico-sdk/src/rp2_common/pico_float/float_aeabi.S.obj
                0x00000000100041f0                __wrap___aeabi_i2f
 .text.__wrap___aeabi_f2uiz
                0x0000000010004234       0x10 CMakeFiles/rgb_led.dir/home/aleksandar/pico/pico-sdk/src/rp2_common/pico_float/float_aeabi.S.obj
                0x0000000010004234                __wrap___aeabi_f2uiz
 .text.__aeabi_float_init
                0x0000000010004244       0xfc CMakeFiles/rgb_led.dir/home/aleksandar/pico/pico-sdk/src/rp2_common/pico_float/float_init_rom.c.obj
                0x0000000010004244                __aeabi_float_init
 .text.float_table_shim_on_use_helper
                0x0000000010004340       0x34 CMakeFiles/rgb_led.dir/home/aleksandar/pico/pico-sdk/src/rp2_common/pico_float/float_v1_rom_shim.S.obj
                0x0000000010004340                float_table_shim_on_use_helper
 .text.__wrap_malloc
                0x0000000010004374        0x8 CMakeFiles/rgb_led.dir/home/aleksandar/pico/pico-sdk/src/rp2_common/pico_malloc/pico_malloc.c.obj
                0x0000000010004374                __wrap_malloc
 .text.__wrap_calloc
                0x000000001000437c        0x8 CMakeFiles/rgb_led.dir/home/aleksandar/pico/pico-sdk/src/rp2_common/pico_malloc/pico_malloc.c.obj
                0x000000001000437c                __wrap_calloc
 .text          0x0000000010004384       0x10 CMakeFiles/rgb_led.dir/home/aleksandar/pico/pico-sdk/src/rp2_common/pico_mem_ops/mem_ops_aeabi.S.obj
                0x0000000010004384                __aeabi_mem_init
 .text.memset   0x0000000010004394        0xc CMakeFiles/rgb_led.dir/home/aleksandar/pico/pico-sdk/src/rp2_common/pico_mem_ops/mem_ops_aeabi.S.obj
                0x0000000010004394                __wrap_memset
 .text.memcpy   0x00000000100043a0        0xc CMakeFiles/rgb_led.dir/home/aleksandar/pico/pico-sdk/src/rp2_common/pico_mem_ops/mem_ops_aeabi.S.obj
                0x00000000100043a0                __wrap___aeabi_memcpy
                0x00000000100043a0                __wrap_memcpy
 .text.stdio_out_chars_crlf
                0x00000000100043ac       0x80 CMakeFiles/rgb_led.dir/home/aleksandar/pico/pico-sdk/src/rp2_common/pico_stdio/stdio.c.obj
 .text.stdio_stack_buffer_flush
                0x000000001000442c       0x44 CMakeFiles/rgb_led.dir/home/aleksandar/pico/pico-sdk/src/rp2_common/pico_stdio/stdio.c.obj
 .text.stdio_buffered_printer
                0x0000000010004470       0x20 CMakeFiles/rgb_led.dir/home/aleksandar/pico/pico-sdk/src/rp2_common/pico_stdio/stdio.c.obj
 .text.stdout_serialize_begin
                0x0000000010004490       0x2c CMakeFiles/rgb_led.dir/home/aleksandar/pico/pico-sdk/src/rp2_common/pico_stdio/stdio.c.obj
                0x0000000010004490                stdout_serialize_begin
 .text.stdout_serialize_end
                0x00000000100044bc       0x10 CMakeFiles/rgb_led.dir/home/aleksandar/pico/pico-sdk/src/rp2_common/pico_stdio/stdio.c.obj
                0x00000000100044bc                stdout_serialize_end
 .text.stdio_put_string
                0x00000000100044cc       0x84 CMakeFiles/rgb_led.dir/home/aleksandar/pico/pico-sdk/src/rp2_common/pico_stdio/stdio.c.obj
 .text.stdio_set_driver_enabled
                0x0000000010004550       0x38 CMakeFiles/rgb_led.dir/home/aleksandar/pico/pico-sdk/src/rp2_common/pico_stdio/stdio.c.obj
                0x0000000010004550                stdio_set_driver_enabled
 .text.stdio_flush
                0x0000000010004588       0x20 CMakeFiles/rgb_led.dir/home/aleksandar/pico/pico-sdk/src/rp2_common/pico_stdio/stdio.c.obj
                0x0000000010004588                stdio_flush
 .text.__wrap_puts
                0x00000000100045a8       0x1c CMakeFiles/rgb_led.dir/home/aleksandar/pico/pico-sdk/src/rp2_common/pico_stdio/stdio.c.obj
                0x00000000100045a8                __wrap_puts
 .text.__wrap_vprintf
                0x00000000100045c4       0x44 CMakeFiles/rgb_led.dir/home/aleksandar/pico/pico-sdk/src/rp2_common/pico_stdio/stdio.c.obj
                0x00000000100045c4                __wrap_vprintf
 .text.__wrap_printf
                0x0000000010004608       0x18 CMakeFiles/rgb_led.dir/home/aleksandar/pico/pico-sdk/src/rp2_common/pico_stdio/stdio.c.obj
                0x0000000010004608                __wrap_printf
 .text.stdio_init_all
                0x0000000010004620        0xc CMakeFiles/rgb_led.dir/home/aleksandar/pico/pico-sdk/src/rp2_common/pico_stdio/stdio.c.obj
                0x0000000010004620                stdio_init_all
 .text.stdio_uart_out_chars
                0x000000001000462c       0x6c CMakeFiles/rgb_led.dir/home/aleksandar/pico/pico-sdk/src/rp2_common/pico_stdio_uart/stdio_uart.c.obj
 .text.stdio_uart_in_chars
                0x0000000010004698       0x58 CMakeFiles/rgb_led.dir/home/aleksandar/pico/pico-sdk/src/rp2_common/pico_stdio_uart/stdio_uart.c.obj
                0x0000000010004698                stdio_uart_in_chars
 .text.stdio_uart_init_full
                0x00000000100046f0       0x34 CMakeFiles/rgb_led.dir/home/aleksandar/pico/pico-sdk/src/rp2_common/pico_stdio_uart/stdio_uart.c.obj
                0x00000000100046f0                stdio_uart_init_full
 .text.stdio_uart_init
                0x0000000010004724       0x28 CMakeFiles/rgb_led.dir/home/aleksandar/pico/pico-sdk/src/rp2_common/pico_stdio_uart/stdio_uart.c.obj
                0x0000000010004724                stdio_uart_init
 .text.stdio_usb_in_chars
                0x000000001000474c       0x70 CMakeFiles/rgb_led.dir/home/aleksandar/pico/pico-sdk/src/rp2_common/pico_stdio_usb/stdio_usb.c.obj
                0x000000001000474c                stdio_usb_in_chars
 .text.low_priority_worker_irq
                0x00000000100047bc       0x20 CMakeFiles/rgb_led.dir/home/aleksandar/pico/pico-sdk/src/rp2_common/pico_stdio_usb/stdio_usb.c.obj
 .text.stdio_usb_out_chars
                0x00000000100047dc       0xd4 CMakeFiles/rgb_led.dir/home/aleksandar/pico/pico-sdk/src/rp2_common/pico_stdio_usb/stdio_usb.c.obj
 .text.timer_task
                0x00000000100048b0       0x10 CMakeFiles/rgb_led.dir/home/aleksandar/pico/pico-sdk/src/rp2_common/pico_stdio_usb/stdio_usb.c.obj
 .text.stdio_usb_init
                0x00000000100048c0       0x8c CMakeFiles/rgb_led.dir/home/aleksandar/pico/pico-sdk/src/rp2_common/pico_stdio_usb/stdio_usb.c.obj
                0x00000000100048c0                stdio_usb_init
 .text.tud_descriptor_device_cb
                0x000000001000494c        0x8 CMakeFiles/rgb_led.dir/home/aleksandar/pico/pico-sdk/src/rp2_common/pico_stdio_usb/stdio_usb_descriptors.c.obj
                0x000000001000494c                tud_descriptor_device_cb
 .text.tud_descriptor_configuration_cb
                0x0000000010004954        0x8 CMakeFiles/rgb_led.dir/home/aleksandar/pico/pico-sdk/src/rp2_common/pico_stdio_usb/stdio_usb_descriptors.c.obj
                0x0000000010004954                tud_descriptor_configuration_cb
 .text.tud_descriptor_string_cb
                0x000000001000495c       0x50 CMakeFiles/rgb_led.dir/home/aleksandar/pico/pico-sdk/src/rp2_common/pico_stdio_usb/stdio_usb_descriptors.c.obj
                0x000000001000495c                tud_descriptor_string_cb
 .text.hw_endpoint_get_by_addr
                0x00000000100049ac       0x1c CMakeFiles/rgb_led.dir/home/aleksandar/pico/pico-sdk/lib/tinyusb/src/portable/raspberrypi/rp2040/dcd_rp2040.c.obj
 .text.reset_ep0
                0x00000000100049c8       0x2c CMakeFiles/rgb_led.dir/home/aleksandar/pico/pico-sdk/lib/tinyusb/src/portable/raspberrypi/rp2040/dcd_rp2040.c.obj
 .text._hw_endpoint_alloc
                0x00000000100049f4       0x7c CMakeFiles/rgb_led.dir/home/aleksandar/pico/pico-sdk/lib/tinyusb/src/portable/raspberrypi/rp2040/dcd_rp2040.c.obj
 .text._hw_endpoint_init
                0x0000000010004a70       0xbc CMakeFiles/rgb_led.dir/home/aleksandar/pico/pico-sdk/lib/tinyusb/src/portable/raspberrypi/rp2040/dcd_rp2040.c.obj
 .text.hw_endpoint_init
                0x0000000010004b2c       0x18 CMakeFiles/rgb_led.dir/home/aleksandar/pico/pico-sdk/lib/tinyusb/src/portable/raspberrypi/rp2040/dcd_rp2040.c.obj
 .text.hw_handle_buff_status
                0x0000000010004b44       0xbc CMakeFiles/rgb_led.dir/home/aleksandar/pico/pico-sdk/lib/tinyusb/src/portable/raspberrypi/rp2040/dcd_rp2040.c.obj
 .text.dcd_rp2040_irq
                0x0000000010004c00       0x8c CMakeFiles/rgb_led.dir/home/aleksandar/pico/pico-sdk/lib/tinyusb/src/portable/raspberrypi/rp2040/dcd_rp2040.c.obj
 .text.hw_endpoint_xfer
                0x0000000010004c8c       0x18 CMakeFiles/rgb_led.dir/home/aleksandar/pico/pico-sdk/lib/tinyusb/src/portable/raspberrypi/rp2040/dcd_rp2040.c.obj
 .text.ep0_0len_status
                0x0000000010004ca4       0x14 CMakeFiles/rgb_led.dir/home/aleksandar/pico/pico-sdk/lib/tinyusb/src/portable/raspberrypi/rp2040/dcd_rp2040.c.obj
 .text._hw_endpoint_stall
                0x0000000010004cb8       0x54 CMakeFiles/rgb_led.dir/home/aleksandar/pico/pico-sdk/lib/tinyusb/src/portable/raspberrypi/rp2040/dcd_rp2040.c.obj
 .text.hw_endpoint_stall
                0x0000000010004d0c        0xc CMakeFiles/rgb_led.dir/home/aleksandar/pico/pico-sdk/lib/tinyusb/src/portable/raspberrypi/rp2040/dcd_rp2040.c.obj
 .text._hw_endpoint_clear_stall
                0x0000000010004d18       0x34 CMakeFiles/rgb_led.dir/home/aleksandar/pico/pico-sdk/lib/tinyusb/src/portable/raspberrypi/rp2040/dcd_rp2040.c.obj
 .text.hw_endpoint_clear_stall
                0x0000000010004d4c        0xc CMakeFiles/rgb_led.dir/home/aleksandar/pico/pico-sdk/lib/tinyusb/src/portable/raspberrypi/rp2040/dcd_rp2040.c.obj
 .text.dcd_int_enable
                0x0000000010004d58       0x2c CMakeFiles/rgb_led.dir/home/aleksandar/pico/pico-sdk/lib/tinyusb/src/portable/raspberrypi/rp2040/dcd_rp2040.c.obj
                0x0000000010004d58                dcd_int_enable
 .text.dcd_set_address
                0x0000000010004d84       0x30 CMakeFiles/rgb_led.dir/home/aleksandar/pico/pico-sdk/lib/tinyusb/src/portable/raspberrypi/rp2040/dcd_rp2040.c.obj
                0x0000000010004d84                dcd_set_address
 .text.dcd_connect
                0x0000000010004db4       0x30 CMakeFiles/rgb_led.dir/home/aleksandar/pico/pico-sdk/lib/tinyusb/src/portable/raspberrypi/rp2040/dcd_rp2040.c.obj
                0x0000000010004db4                dcd_connect
 .text.dcd_init
                0x0000000010004de4       0x90 CMakeFiles/rgb_led.dir/home/aleksandar/pico/pico-sdk/lib/tinyusb/src/portable/raspberrypi/rp2040/dcd_rp2040.c.obj
                0x0000000010004de4                dcd_init
 .text.dcd_edpt0_status_complete
                0x0000000010004e74       0x44 CMakeFiles/rgb_led.dir/home/aleksandar/pico/pico-sdk/lib/tinyusb/src/portable/raspberrypi/rp2040/dcd_rp2040.c.obj
                0x0000000010004e74                dcd_edpt0_status_complete
 .text.dcd_edpt_open
                0x0000000010004eb8       0x40 CMakeFiles/rgb_led.dir/home/aleksandar/pico/pico-sdk/lib/tinyusb/src/portable/raspberrypi/rp2040/dcd_rp2040.c.obj
                0x0000000010004eb8                dcd_edpt_open
 .text.dcd_edpt_xfer
                0x0000000010004ef8       0x34 CMakeFiles/rgb_led.dir/home/aleksandar/pico/pico-sdk/lib/tinyusb/src/portable/raspberrypi/rp2040/dcd_rp2040.c.obj
                0x0000000010004ef8                dcd_edpt_xfer
 .text.dcd_edpt_stall
                0x0000000010004f2c       0x28 CMakeFiles/rgb_led.dir/home/aleksandar/pico/pico-sdk/lib/tinyusb/src/portable/raspberrypi/rp2040/dcd_rp2040.c.obj
                0x0000000010004f2c                dcd_edpt_stall
 .text.dcd_edpt_clear_stall
                0x0000000010004f54       0x28 CMakeFiles/rgb_led.dir/home/aleksandar/pico/pico-sdk/lib/tinyusb/src/portable/raspberrypi/rp2040/dcd_rp2040.c.obj
                0x0000000010004f54                dcd_edpt_clear_stall
 .text.rp2040_usb_init
                0x0000000010004f7c       0x50 CMakeFiles/rgb_led.dir/home/aleksandar/pico/pico-sdk/lib/tinyusb/src/portable/raspberrypi/rp2040/rp2040_usb.c.obj
                0x0000000010004f7c                rp2040_usb_init
 .text.hw_endpoint_reset_transfer
                0x0000000010004fcc       0x14 CMakeFiles/rgb_led.dir/home/aleksandar/pico/pico-sdk/lib/tinyusb/src/portable/raspberrypi/rp2040/rp2040_usb.c.obj
                0x0000000010004fcc                hw_endpoint_reset_transfer
 .text._hw_endpoint_buffer_control_update32
                0x0000000010004fe0       0x54 CMakeFiles/rgb_led.dir/home/aleksandar/pico/pico-sdk/lib/tinyusb/src/portable/raspberrypi/rp2040/rp2040_usb.c.obj
                0x0000000010004fe0                _hw_endpoint_buffer_control_update32
 .text._hw_endpoint_start_next_buffer
                0x0000000010005034       0x5a CMakeFiles/rgb_led.dir/home/aleksandar/pico/pico-sdk/lib/tinyusb/src/portable/raspberrypi/rp2040/rp2040_usb.c.obj
                0x0000000010005034                _hw_endpoint_start_next_buffer
 .text._hw_endpoint_xfer_start
                0x000000001000508e       0x46 CMakeFiles/rgb_led.dir/home/aleksandar/pico/pico-sdk/lib/tinyusb/src/portable/raspberrypi/rp2040/rp2040_usb.c.obj
                0x000000001000508e                _hw_endpoint_xfer_start
 .text._hw_endpoint_xfer_sync
                0x00000000100050d4       0x74 CMakeFiles/rgb_led.dir/home/aleksandar/pico/pico-sdk/lib/tinyusb/src/portable/raspberrypi/rp2040/rp2040_usb.c.obj
                0x00000000100050d4                _hw_endpoint_xfer_sync
 .text._hw_endpoint_xfer_continue
                0x0000000010005148       0x58 CMakeFiles/rgb_led.dir/home/aleksandar/pico/pico-sdk/lib/tinyusb/src/portable/raspberrypi/rp2040/rp2040_usb.c.obj
                0x0000000010005148                _hw_endpoint_xfer_continue
 .text._hw_endpoint_xfer
                0x00000000100051a0       0x34 CMakeFiles/rgb_led.dir/home/aleksandar/pico/pico-sdk/lib/tinyusb/src/portable/raspberrypi/rp2040/rp2040_usb.c.obj
                0x00000000100051a0                _hw_endpoint_xfer
 .text.mark_interface_endpoint
                0x00000000100051d4       0x2a CMakeFiles/rgb_led.dir/home/aleksandar/pico/pico-sdk/lib/tinyusb/src/device/usbd.c.obj
 *fill*         0x00000000100051fe        0x2 
 .text.usbd_reset
                0x0000000010005200       0x88 CMakeFiles/rgb_led.dir/home/aleksandar/pico/pico-sdk/lib/tinyusb/src/device/usbd.c.obj
 .text.invoke_class_control
                0x0000000010005288       0x18 CMakeFiles/rgb_led.dir/home/aleksandar/pico/pico-sdk/lib/tinyusb/src/device/usbd.c.obj
 .text.process_set_config
                0x00000000100052a0      0x1cc CMakeFiles/rgb_led.dir/home/aleksandar/pico/pico-sdk/lib/tinyusb/src/device/usbd.c.obj
 .text.process_get_descriptor
                0x000000001000546c       0xf4 CMakeFiles/rgb_led.dir/home/aleksandar/pico/pico-sdk/lib/tinyusb/src/device/usbd.c.obj
 .text.tud_mounted
                0x0000000010005560       0x10 CMakeFiles/rgb_led.dir/home/aleksandar/pico/pico-sdk/lib/tinyusb/src/device/usbd.c.obj
                0x0000000010005560                tud_mounted
 .text.tud_suspended
                0x0000000010005570       0x10 CMakeFiles/rgb_led.dir/home/aleksandar/pico/pico-sdk/lib/tinyusb/src/device/usbd.c.obj
                0x0000000010005570                tud_suspended
 .text.tud_init
                0x0000000010005580       0xb8 CMakeFiles/rgb_led.dir/home/aleksandar/pico/pico-sdk/lib/tinyusb/src/device/usbd.c.obj
                0x0000000010005580                tud_init
 .text.dcd_event_handler
                0x0000000010005638      0x1c4 CMakeFiles/rgb_led.dir/home/aleksandar/pico/pico-sdk/lib/tinyusb/src/device/usbd.c.obj
                0x0000000010005638                dcd_event_handler
 .text.dcd_event_bus_signal
                0x00000000100057fc       0x26 CMakeFiles/rgb_led.dir/home/aleksandar/pico/pico-sdk/lib/tinyusb/src/device/usbd.c.obj
                0x00000000100057fc                dcd_event_bus_signal
 .text.dcd_event_setup_received
                0x0000000010005822       0x34 CMakeFiles/rgb_led.dir/home/aleksandar/pico/pico-sdk/lib/tinyusb/src/device/usbd.c.obj
                0x0000000010005822                dcd_event_setup_received
 .text.dcd_event_xfer_complete
                0x0000000010005856       0x44 CMakeFiles/rgb_led.dir/home/aleksandar/pico/pico-sdk/lib/tinyusb/src/device/usbd.c.obj
                0x0000000010005856                dcd_event_xfer_complete
 .text.usbd_edpt_open
                0x000000001000589a        0x8 CMakeFiles/rgb_led.dir/home/aleksandar/pico/pico-sdk/lib/tinyusb/src/device/usbd.c.obj
                0x000000001000589a                usbd_edpt_open
 *fill*         0x00000000100058a2        0x2 
 .text.usbd_open_edpt_pair
                0x00000000100058a4       0x8c CMakeFiles/rgb_led.dir/home/aleksandar/pico/pico-sdk/lib/tinyusb/src/device/usbd.c.obj
                0x00000000100058a4                usbd_open_edpt_pair
 .text.usbd_edpt_claim
                0x0000000010005930       0x8c CMakeFiles/rgb_led.dir/home/aleksandar/pico/pico-sdk/lib/tinyusb/src/device/usbd.c.obj
                0x0000000010005930                usbd_edpt_claim
 .text.usbd_edpt_release
                0x00000000100059bc       0x68 CMakeFiles/rgb_led.dir/home/aleksandar/pico/pico-sdk/lib/tinyusb/src/device/usbd.c.obj
                0x00000000100059bc                usbd_edpt_release
 .text.usbd_edpt_xfer
                0x0000000010005a24       0x80 CMakeFiles/rgb_led.dir/home/aleksandar/pico/pico-sdk/lib/tinyusb/src/device/usbd.c.obj
                0x0000000010005a24                usbd_edpt_xfer
 .text.usbd_edpt_stall
                0x0000000010005aa4       0x2c CMakeFiles/rgb_led.dir/home/aleksandar/pico/pico-sdk/lib/tinyusb/src/device/usbd.c.obj
                0x0000000010005aa4                usbd_edpt_stall
 .text.usbd_edpt_clear_stall
                0x0000000010005ad0       0x2c CMakeFiles/rgb_led.dir/home/aleksandar/pico/pico-sdk/lib/tinyusb/src/device/usbd.c.obj
                0x0000000010005ad0                usbd_edpt_clear_stall
 .text.usbd_edpt_stalled
                0x0000000010005afc       0x1c CMakeFiles/rgb_led.dir/home/aleksandar/pico/pico-sdk/lib/tinyusb/src/device/usbd.c.obj
                0x0000000010005afc                usbd_edpt_stalled
 .text.process_control_request
                0x0000000010005b18      0x37c CMakeFiles/rgb_led.dir/home/aleksandar/pico/pico-sdk/lib/tinyusb/src/device/usbd.c.obj
 .text.tud_task
                0x0000000010005e94      0x204 CMakeFiles/rgb_led.dir/home/aleksandar/pico/pico-sdk/lib/tinyusb/src/device/usbd.c.obj
                0x0000000010005e94                tud_task
 .text._data_stage_xact
                0x0000000010006098       0x58 CMakeFiles/rgb_led.dir/home/aleksandar/pico/pico-sdk/lib/tinyusb/src/device/usbd_control.c.obj
 .text.tud_control_status
                0x00000000100060f0       0x38 CMakeFiles/rgb_led.dir/home/aleksandar/pico/pico-sdk/lib/tinyusb/src/device/usbd_control.c.obj
                0x00000000100060f0                tud_control_status
 .text.tud_control_xfer
                0x0000000010006128       0xa8 CMakeFiles/rgb_led.dir/home/aleksandar/pico/pico-sdk/lib/tinyusb/src/device/usbd_control.c.obj
                0x0000000010006128                tud_control_xfer
 .text.usbd_control_reset
                0x00000000100061d0       0x14 CMakeFiles/rgb_led.dir/home/aleksandar/pico/pico-sdk/lib/tinyusb/src/device/usbd_control.c.obj
                0x00000000100061d0                usbd_control_reset
 .text.usbd_control_set_complete_callback
                0x00000000100061e4        0xc CMakeFiles/rgb_led.dir/home/aleksandar/pico/pico-sdk/lib/tinyusb/src/device/usbd_control.c.obj
                0x00000000100061e4                usbd_control_set_complete_callback
 .text.usbd_control_set_request
                0x00000000100061f0       0x1c CMakeFiles/rgb_led.dir/home/aleksandar/pico/pico-sdk/lib/tinyusb/src/device/usbd_control.c.obj
                0x00000000100061f0                usbd_control_set_request
 .text.usbd_control_xfer_cb
                0x000000001000620c       0xe8 CMakeFiles/rgb_led.dir/home/aleksandar/pico/pico-sdk/lib/tinyusb/src/device/usbd_control.c.obj
                0x000000001000620c                usbd_control_xfer_cb
 .text._prep_out_transaction
                0x00000000100062f4       0x46 CMakeFiles/rgb_led.dir/home/aleksandar/pico/pico-sdk/lib/tinyusb/src/class/cdc/cdc_device.c.obj
 *fill*         0x000000001000633a        0x2 
 .text.tud_cdc_n_connected
                0x000000001000633c       0x48 CMakeFiles/rgb_led.dir/home/aleksandar/pico/pico-sdk/lib/tinyusb/src/class/cdc/cdc_device.c.obj
                0x000000001000633c                tud_cdc_n_connected
 .text.tud_cdc_n_available
                0x0000000010006384       0x20 CMakeFiles/rgb_led.dir/home/aleksandar/pico/pico-sdk/lib/tinyusb/src/class/cdc/cdc_device.c.obj
                0x0000000010006384                tud_cdc_n_available
 .text.tud_cdc_n_read
                0x00000000100063a4       0x30 CMakeFiles/rgb_led.dir/home/aleksandar/pico/pico-sdk/lib/tinyusb/src/class/cdc/cdc_device.c.obj
                0x00000000100063a4                tud_cdc_n_read
 .text.tud_cdc_n_write_flush
                0x00000000100063d4       0xc4 CMakeFiles/rgb_led.dir/home/aleksandar/pico/pico-sdk/lib/tinyusb/src/class/cdc/cdc_device.c.obj
                0x00000000100063d4                tud_cdc_n_write_flush
 .text.tud_cdc_n_write
                0x0000000010006498       0x38 CMakeFiles/rgb_led.dir/home/aleksandar/pico/pico-sdk/lib/tinyusb/src/class/cdc/cdc_device.c.obj
                0x0000000010006498                tud_cdc_n_write
 .text.tud_cdc_n_write_available
                0x00000000100064d0       0x20 CMakeFiles/rgb_led.dir/home/aleksandar/pico/pico-sdk/lib/tinyusb/src/class/cdc/cdc_device.c.obj
                0x00000000100064d0                tud_cdc_n_write_available
 .text.cdcd_init
                0x00000000100064f0       0xe0 CMakeFiles/rgb_led.dir/home/aleksandar/pico/pico-sdk/lib/tinyusb/src/class/cdc/cdc_device.c.obj
                0x00000000100064f0                cdcd_init
 .text.cdcd_reset
                0x00000000100065d0       0x44 CMakeFiles/rgb_led.dir/home/aleksandar/pico/pico-sdk/lib/tinyusb/src/class/cdc/cdc_device.c.obj
                0x00000000100065d0                cdcd_reset
 .text.cdcd_open
                0x0000000010006614      0x118 CMakeFiles/rgb_led.dir/home/aleksandar/pico/pico-sdk/lib/tinyusb/src/class/cdc/cdc_device.c.obj
                0x0000000010006614                cdcd_open
 .text.cdcd_control_complete
                0x000000001000672c       0x60 CMakeFiles/rgb_led.dir/home/aleksandar/pico/pico-sdk/lib/tinyusb/src/class/cdc/cdc_device.c.obj
                0x000000001000672c                cdcd_control_complete
 .text.cdcd_control_request
                0x000000001000678c       0x9c CMakeFiles/rgb_led.dir/home/aleksandar/pico/pico-sdk/lib/tinyusb/src/class/cdc/cdc_device.c.obj
                0x000000001000678c                cdcd_control_request
 .text.cdcd_xfer_cb
                0x0000000010006828      0x130 CMakeFiles/rgb_led.dir/home/aleksandar/pico/pico-sdk/lib/tinyusb/src/class/cdc/cdc_device.c.obj
                0x0000000010006828                cdcd_xfer_cb
 .text.tusb_init
                0x0000000010006958       0x38 CMakeFiles/rgb_led.dir/home/aleksandar/pico/pico-sdk/lib/tinyusb/src/tusb.c.obj
                0x0000000010006958                tusb_init
 .text.tusb_inited
                0x0000000010006990        0xc CMakeFiles/rgb_led.dir/home/aleksandar/pico/pico-sdk/lib/tinyusb/src/tusb.c.obj
                0x0000000010006990                tusb_inited
 .text.advance_pointer
                0x000000001000699c       0x1e CMakeFiles/rgb_led.dir/home/aleksandar/pico/pico-sdk/lib/tinyusb/src/common/tusb_fifo.c.obj
 .text.backward_pointer
                0x00000000100069ba       0x1a CMakeFiles/rgb_led.dir/home/aleksandar/pico/pico-sdk/lib/tinyusb/src/common/tusb_fifo.c.obj
 .text.get_relative_pointer
                0x00000000100069d4       0x16 CMakeFiles/rgb_led.dir/home/aleksandar/pico/pico-sdk/lib/tinyusb/src/common/tusb_fifo.c.obj
 .text.tu_fifo_lock
                0x00000000100069ea       0x12 CMakeFiles/rgb_led.dir/home/aleksandar/pico/pico-sdk/lib/tinyusb/src/common/tusb_fifo.c.obj
 .text.tu_fifo_unlock
                0x00000000100069fc        0xe CMakeFiles/rgb_led.dir/home/aleksandar/pico/pico-sdk/lib/tinyusb/src/common/tusb_fifo.c.obj
 .text._tu_fifo_peek_at
                0x0000000010006a0a       0x66 CMakeFiles/rgb_led.dir/home/aleksandar/pico/pico-sdk/lib/tinyusb/src/common/tusb_fifo.c.obj
 .text._ff_pull_n
                0x0000000010006a70       0x4a CMakeFiles/rgb_led.dir/home/aleksandar/pico/pico-sdk/lib/tinyusb/src/common/tusb_fifo.c.obj
 .text._tu_fifo_peek_at_n
                0x0000000010006aba       0x72 CMakeFiles/rgb_led.dir/home/aleksandar/pico/pico-sdk/lib/tinyusb/src/common/tusb_fifo.c.obj
 .text._ff_push_n
                0x0000000010006b2c       0x4a CMakeFiles/rgb_led.dir/home/aleksandar/pico/pico-sdk/lib/tinyusb/src/common/tusb_fifo.c.obj
 .text.tu_fifo_config
                0x0000000010006b76       0x48 CMakeFiles/rgb_led.dir/home/aleksandar/pico/pico-sdk/lib/tinyusb/src/common/tusb_fifo.c.obj
                0x0000000010006b76                tu_fifo_config
 .text.tu_fifo_count
                0x0000000010006bbe       0x1c CMakeFiles/rgb_led.dir/home/aleksandar/pico/pico-sdk/lib/tinyusb/src/common/tusb_fifo.c.obj
                0x0000000010006bbe                tu_fifo_count
 .text.tu_fifo_remaining
                0x0000000010006bda       0x20 CMakeFiles/rgb_led.dir/home/aleksandar/pico/pico-sdk/lib/tinyusb/src/common/tusb_fifo.c.obj
                0x0000000010006bda                tu_fifo_remaining
 .text.tu_fifo_read
                0x0000000010006bfa       0x3a CMakeFiles/rgb_led.dir/home/aleksandar/pico/pico-sdk/lib/tinyusb/src/common/tusb_fifo.c.obj
                0x0000000010006bfa                tu_fifo_read
 .text.tu_fifo_read_n
                0x0000000010006c34       0x3e CMakeFiles/rgb_led.dir/home/aleksandar/pico/pico-sdk/lib/tinyusb/src/common/tusb_fifo.c.obj
                0x0000000010006c34                tu_fifo_read_n
 .text.tu_fifo_write
                0x0000000010006c72       0x5c CMakeFiles/rgb_led.dir/home/aleksandar/pico/pico-sdk/lib/tinyusb/src/common/tusb_fifo.c.obj
                0x0000000010006c72                tu_fifo_write
 .text.tu_fifo_write_n
                0x0000000010006cce       0x7c CMakeFiles/rgb_led.dir/home/aleksandar/pico/pico-sdk/lib/tinyusb/src/common/tusb_fifo.c.obj
                0x0000000010006cce                tu_fifo_write_n
 .text.tu_fifo_clear
                0x0000000010006d4a       0x18 CMakeFiles/rgb_led.dir/home/aleksandar/pico/pico-sdk/lib/tinyusb/src/common/tusb_fifo.c.obj
                0x0000000010006d4a                tu_fifo_clear
 *fill*         0x0000000010006d62        0x2 
 .text._pio_find_offset_for_program
                0x0000000010006d64       0xac CMakeFiles/rgb_led.dir/home/aleksandar/pico/pico-sdk/src/rp2_common/hardware_pio/pio.c.obj
 .text._pio_can_add_program_at_offset
                0x0000000010006e10       0xa0 CMakeFiles/rgb_led.dir/home/aleksandar/pico/pico-sdk/src/rp2_common/hardware_pio/pio.c.obj
 .text._pio_add_program_at_offset
                0x0000000010006eb0       0xa4 CMakeFiles/rgb_led.dir/home/aleksandar/pico/pico-sdk/src/rp2_common/hardware_pio/pio.c.obj
 .text.pio_add_program
                0x0000000010006f54       0x38 CMakeFiles/rgb_led.dir/home/aleksandar/pico/pico-sdk/src/rp2_common/hardware_pio/pio.c.obj
                0x0000000010006f54                pio_add_program
 .text.pio_sm_set_pins_with_mask
                0x0000000010006f8c       0x6c CMakeFiles/rgb_led.dir/home/aleksandar/pico/pico-sdk/src/rp2_common/hardware_pio/pio.c.obj
                0x0000000010006f8c                pio_sm_set_pins_with_mask
 .text.pio_sm_set_pindirs_with_mask
                0x0000000010006ff8       0x70 CMakeFiles/rgb_led.dir/home/aleksandar/pico/pico-sdk/src/rp2_common/hardware_pio/pio.c.obj
                0x0000000010006ff8                pio_sm_set_pindirs_with_mask
 .text.pio_sm_init
                0x0000000010007068       0xa8 CMakeFiles/rgb_led.dir/home/aleksandar/pico/pico-sdk/src/rp2_common/hardware_pio/pio.c.obj
                0x0000000010007068                pio_sm_init
 .text          0x0000000010007110       0x18 /usr/lib/gcc/arm-none-eabi/9.2.1/../../../arm-none-eabi/lib/thumb/v6-m/nofp/libg.a(lib_a-calloc.o)
                0x0000000010007110                calloc
 .text          0x0000000010007128       0x5c /usr/lib/gcc/arm-none-eabi/9.2.1/../../../arm-none-eabi/lib/thumb/v6-m/nofp/libg.a(lib_a-callocr.o)
                0x0000000010007128                _calloc_r
 .text          0x0000000010007184       0x28 /usr/lib/gcc/arm-none-eabi/9.2.1/../../../arm-none-eabi/lib/thumb/v6-m/nofp/libg.a(lib_a-malloc.o)
                0x0000000010007184                malloc
                0x0000000010007198                free
 .text          0x00000000100071ac      0x58c /usr/lib/gcc/arm-none-eabi/9.2.1/../../../arm-none-eabi/lib/thumb/v6-m/nofp/libg.a(lib_a-mallocr.o)
                0x00000000100071ac                _malloc_r
 .text          0x0000000010007738        0x8 /usr/lib/gcc/arm-none-eabi/9.2.1/../../../arm-none-eabi/lib/thumb/v6-m/nofp/libg.a(lib_a-mlock.o)
                0x0000000010007738                __malloc_lock
                0x000000001000773c                __malloc_unlock
 .text          0x0000000010007740       0x24 /usr/lib/gcc/arm-none-eabi/9.2.1/../../../arm-none-eabi/lib/thumb/v6-m/nofp/libg.a(lib_a-sbrkr.o)
                0x0000000010007740                _sbrk_r
 .text          0x0000000010007764       0x68 /usr/lib/gcc/arm-none-eabi/9.2.1/../../../arm-none-eabi/lib/thumb/v6-m/nofp/libg.a(lib_a-strlen-stub.o)
                0x0000000010007764                strlen
 .text          0x00000000100077cc      0x184 /usr/lib/gcc/arm-none-eabi/9.2.1/../../../arm-none-eabi/lib/thumb/v6-m/nofp/libg.a(lib_a-strtol.o)
                0x0000000010007918                _strtol_r
                0x0000000010007920                strtol_l
                0x0000000010007938                strtol
 .text          0x0000000010007950        0xc /usr/lib/gcc/arm-none-eabi/9.2.1/../../../arm-none-eabi/lib/thumb/v6-m/nofp/libg.a(lib_a-errno.o)
                0x0000000010007950                __errno
 .text          0x000000001000795c      0x27c /usr/lib/gcc/arm-none-eabi/9.2.1/../../../arm-none-eabi/lib/thumb/v6-m/nofp/libg.a(lib_a-freer.o)
                0x000000001000795c                _malloc_trim_r
                0x00000000100079fc                _free_r
 *(.fini)
 .fini          0x0000000010007bd8        0x4 /usr/lib/gcc/arm-none-eabi/9.2.1/thumb/v6-m/nofp/crti.o
                0x0000000010007bd8                _fini
 *fill*         0x0000000010007bdc        0x4 
 .fini.__stub   0x0000000010007be0       0x60 linker stubs
 *crtbegin.o(.ctors)
 *crtbegin?.o(.ctors)
 *(EXCLUDE_FILE(*crtend.o *crtend?.o) .ctors)
 *(SORT_BY_NAME(.ctors.*))
 *(.ctors)
 *crtbegin.o(.dtors)
 *crtbegin?.o(.dtors)
 *(EXCLUDE_FILE(*crtend.o *crtend?.o) .dtors)
 *(SORT_BY_NAME(.dtors.*))
 *(.dtors)
 *(.eh_frame*)
 .eh_frame      0x0000000010007c40        0x0 /usr/lib/gcc/arm-none-eabi/9.2.1/thumb/v6-m/nofp/crtbegin.o
                0x0000000010007c40                . = ALIGN (0x4)

.glue_7         0x0000000010007c40        0x0
 .glue_7        0x0000000010007c40        0x0 linker stubs

.glue_7t        0x0000000010007c40        0x0
 .glue_7t       0x0000000010007c40        0x0 linker stubs

.vfp11_veneer   0x0000000010007c40        0x0
 .vfp11_veneer  0x0000000010007c40        0x0 linker stubs

.v4_bx          0x0000000010007c40        0x0
 .v4_bx         0x0000000010007c40        0x0 linker stubs

.iplt           0x0000000010007c40        0x0
 .iplt          0x0000000010007c40        0x0 /usr/lib/gcc/arm-none-eabi/9.2.1/thumb/v6-m/nofp/crtbegin.o

.rodata         0x0000000010007c40     0x173c
 *(EXCLUDE_FILE(*libm.a: *libc.a:*lib_a-mem*.o *libgcc.a:) .rodata*)
 .rodata.main.str1.4
                0x0000000010007c40      0x107 CMakeFiles/rgb_led.dir/rgb_led.c.obj
                                        0x10b (size before relaxing)
 *fill*         0x0000000010007d47        0x1 
 .rodata.__func__.7035
                0x0000000010007d48       0x13 CMakeFiles/rgb_led.dir/rgb_led.c.obj
 *fill*         0x0000000010007d5b        0x1 
 .rodata.rgb_led_mini_program
                0x0000000010007d5c        0x6 CMakeFiles/rgb_led.dir/rgb_led.c.obj
 *fill*         0x0000000010007d62        0x2 
 .rodata.rgb_led_mini_program_instructions
                0x0000000010007d64        0x4 CMakeFiles/rgb_led.dir/rgb_led.c.obj
 .rodata.spin_lock_claim_unused.str1.4
                0x0000000010007d68       0x1b CMakeFiles/rgb_led.dir/home/aleksandar/pico/pico-sdk/src/rp2_common/hardware_sync/sync.c.obj
 *fill*         0x0000000010007d83        0x1 
 .rodata.alarm_pool_dump_key.str1.4
                0x0000000010007d84       0x6f CMakeFiles/rgb_led.dir/home/aleksandar/pico/pico-sdk/src/common/pico_time/time.c.obj
 *fill*         0x0000000010007df3        0x1 
 .rodata.ph_add_child_node.str1.4
                0x0000000010007df4       0x9a CMakeFiles/rgb_led.dir/home/aleksandar/pico/pico-sdk/src/common/pico_time/time.c.obj
 *fill*         0x0000000010007e8e        0x2 
 .rodata.add_alarm_under_lock.str1.4
                0x0000000010007e90       0x27 CMakeFiles/rgb_led.dir/home/aleksandar/pico/pico-sdk/src/common/pico_time/time.c.obj
 *fill*         0x0000000010007eb7        0x1 
 .rodata.alarm_pool_alarm_callback.str1.4
                0x0000000010007eb8       0x7d CMakeFiles/rgb_led.dir/home/aleksandar/pico/pico-sdk/src/common/pico_time/time.c.obj
 *fill*         0x0000000010007f35        0x3 
 .rodata.alarm_pool_get_default.str1.4
                0x0000000010007f38       0x13 CMakeFiles/rgb_led.dir/home/aleksandar/pico/pico-sdk/src/common/pico_time/time.c.obj
 *fill*         0x0000000010007f4b        0x1 
 .rodata.alarm_pool_cancel_alarm.str1.4
                0x0000000010007f4c       0x27 CMakeFiles/rgb_led.dir/home/aleksandar/pico/pico-sdk/src/common/pico_time/time.c.obj
 *fill*         0x0000000010007f73        0x1 
 .rodata.__func__.5915
                0x0000000010007f74        0xc CMakeFiles/rgb_led.dir/home/aleksandar/pico/pico-sdk/src/common/pico_time/time.c.obj
 .rodata.__func__.5922
                0x0000000010007f80       0x12 CMakeFiles/rgb_led.dir/home/aleksandar/pico/pico-sdk/src/common/pico_time/time.c.obj
 *fill*         0x0000000010007f92        0x2 
 .rodata.__func__.5937
                0x0000000010007f94        0xa CMakeFiles/rgb_led.dir/home/aleksandar/pico/pico-sdk/src/common/pico_time/time.c.obj
 *fill*         0x0000000010007f9e        0x2 
 .rodata.__func__.5959
                0x0000000010007fa0       0x14 CMakeFiles/rgb_led.dir/home/aleksandar/pico/pico-sdk/src/common/pico_time/time.c.obj
 .rodata.__func__.6229
                0x0000000010007fb4       0x17 CMakeFiles/rgb_led.dir/home/aleksandar/pico/pico-sdk/src/common/pico_time/time.c.obj
 *fill*         0x0000000010007fcb        0x1 
 .rodata.__func__.6234
                0x0000000010007fcc        0xa CMakeFiles/rgb_led.dir/home/aleksandar/pico/pico-sdk/src/common/pico_time/time.c.obj
 *fill*         0x0000000010007fd6        0x2 
 .rodata.__func__.6239
                0x0000000010007fd8       0x12 CMakeFiles/rgb_led.dir/home/aleksandar/pico/pico-sdk/src/common/pico_time/time.c.obj
 *fill*         0x0000000010007fea        0x2 
 .rodata.__func__.6260
                0x0000000010007fec       0x15 CMakeFiles/rgb_led.dir/home/aleksandar/pico/pico-sdk/src/common/pico_time/time.c.obj
 *fill*         0x0000000010008001        0x3 
 .rodata.__func__.6277
                0x0000000010008004       0x1a CMakeFiles/rgb_led.dir/home/aleksandar/pico/pico-sdk/src/common/pico_time/time.c.obj
 *fill*         0x000000001000801e        0x2 
 .rodata.__func__.6312
                0x0000000010008020       0x18 CMakeFiles/rgb_led.dir/home/aleksandar/pico/pico-sdk/src/common/pico_time/time.c.obj
 .rodata.hardware_alarm_claim.str1.4
                0x0000000010008038       0x22 CMakeFiles/rgb_led.dir/home/aleksandar/pico/pico-sdk/src/rp2_common/hardware_timer/timer.c.obj
 *fill*         0x000000001000805a        0x2 
 .rodata.hardware_alarm_set_target.str1.4
                0x000000001000805c       0x69 CMakeFiles/rgb_led.dir/home/aleksandar/pico/pico-sdk/src/rp2_common/hardware_timer/timer.c.obj
 *fill*         0x00000000100080c5        0x3 
 .rodata.__func__.4502
                0x00000000100080c8       0x1a CMakeFiles/rgb_led.dir/home/aleksandar/pico/pico-sdk/src/rp2_common/hardware_timer/timer.c.obj
 *fill*         0x00000000100080e2        0x2 
 .rodata.lock_init.str1.4
                0x00000000100080e4       0x6c CMakeFiles/rgb_led.dir/home/aleksandar/pico/pico-sdk/src/common/pico_sync/lock_core.c.obj
 .rodata.__func__.4344
                0x0000000010008150        0xa CMakeFiles/rgb_led.dir/home/aleksandar/pico/pico-sdk/src/common/pico_sync/lock_core.c.obj
 *fill*         0x000000001000815a        0x2 
 .rodata.str1.4
                0x000000001000815c       0x60 CMakeFiles/rgb_led.dir/home/aleksandar/pico/pico-sdk/src/common/pico_sync/mutex.c.obj
 .rodata.__func__.4559
                0x00000000100081bc       0x15 CMakeFiles/rgb_led.dir/home/aleksandar/pico/pico-sdk/src/common/pico_sync/mutex.c.obj
 *fill*         0x00000000100081d1        0x3 
 .rodata.__func__.4578
                0x00000000100081d4       0x18 CMakeFiles/rgb_led.dir/home/aleksandar/pico/pico-sdk/src/common/pico_sync/mutex.c.obj
 .rodata.__func__.4587
                0x00000000100081ec        0xb CMakeFiles/rgb_led.dir/home/aleksandar/pico/pico-sdk/src/common/pico_sync/mutex.c.obj
 .rodata.ph_add_child_node.str1.4
                0x00000000100081f7       0x9a CMakeFiles/rgb_led.dir/home/aleksandar/pico/pico-sdk/src/common/pico_util/pheap.c.obj
 *fill*         0x00000000100081f7        0x1 
 .rodata.ph_remove_any_head.str1.4
                0x00000000100081f8       0x90 CMakeFiles/rgb_led.dir/home/aleksandar/pico/pico-sdk/src/common/pico_util/pheap.c.obj
 .rodata.ph_delete.str1.4
                0x0000000010008288       0x26 CMakeFiles/rgb_led.dir/home/aleksandar/pico/pico-sdk/src/common/pico_util/pheap.c.obj
 *fill*         0x00000000100082ae        0x2 
 .rodata.__func__.5696
                0x00000000100082b0        0xc CMakeFiles/rgb_led.dir/home/aleksandar/pico/pico-sdk/src/common/pico_util/pheap.c.obj
 .rodata.__func__.5703
                0x00000000100082bc       0x12 CMakeFiles/rgb_led.dir/home/aleksandar/pico/pico-sdk/src/common/pico_util/pheap.c.obj
 *fill*         0x00000000100082ce        0x2 
 .rodata.__func__.5776
                0x00000000100082d0       0x13 CMakeFiles/rgb_led.dir/home/aleksandar/pico/pico-sdk/src/common/pico_util/pheap.c.obj
 *fill*         0x00000000100082e3        0x1 
 .rodata.__func__.5794
                0x00000000100082e4        0xa CMakeFiles/rgb_led.dir/home/aleksandar/pico/pico-sdk/src/common/pico_util/pheap.c.obj
 *fill*         0x00000000100082ee        0x2 
 .rodata.__assert_func.str1.4
                0x00000000100082f0       0x3f CMakeFiles/rgb_led.dir/home/aleksandar/pico/pico-sdk/src/rp2_common/pico_runtime/runtime.c.obj
                                         0x43 (size before relaxing)
 *fill*         0x000000001000832f        0x1 
 .rodata.panic.str1.4
                0x0000000010008330       0x12 CMakeFiles/rgb_led.dir/home/aleksandar/pico/pico-sdk/src/rp2_common/pico_runtime/runtime.c.obj
 *fill*         0x0000000010008342        0x2 
 .rodata.clock_configure.str1.4
                0x0000000010008344       0x5b CMakeFiles/rgb_led.dir/home/aleksandar/pico/pico-sdk/src/rp2_common/hardware_clocks/clocks.c.obj
 *fill*         0x000000001000839f        0x1 
 .rodata.__func__.4638
                0x00000000100083a0       0x10 CMakeFiles/rgb_led.dir/home/aleksandar/pico/pico-sdk/src/rp2_common/hardware_clocks/clocks.c.obj
 .rodata.pll_init.str1.4
                0x00000000100083b0       0xdf CMakeFiles/rgb_led.dir/home/aleksandar/pico/pico-sdk/src/rp2_common/hardware_pll/pll.c.obj
 *fill*         0x000000001000848f        0x1 
 .rodata.__func__.4372
                0x0000000010008490        0x9 CMakeFiles/rgb_led.dir/home/aleksandar/pico/pico-sdk/src/rp2_common/hardware_pll/pll.c.obj
 *fill*         0x0000000010008499        0x3 
 .rodata.make_branch.str1.4
                0x000000001000849c       0x51 CMakeFiles/rgb_led.dir/home/aleksandar/pico/pico-sdk/src/rp2_common/hardware_irq/irq.c.obj
 *fill*         0x00000000100084ed        0x3 
 .rodata.irq_set_exclusive_handler.str1.4
                0x00000000100084f0       0x36 CMakeFiles/rgb_led.dir/home/aleksandar/pico/pico-sdk/src/rp2_common/hardware_irq/irq.c.obj
 *fill*         0x0000000010008526        0x2 
 .rodata.irq_add_shared_handler.str1.4
                0x0000000010008528       0xd9 CMakeFiles/rgb_led.dir/home/aleksandar/pico/pico-sdk/src/rp2_common/hardware_irq/irq.c.obj
 *fill*         0x0000000010008601        0x3 
 .rodata.irq_remove_handler.str1.4
                0x0000000010008604       0x2a CMakeFiles/rgb_led.dir/home/aleksandar/pico/pico-sdk/src/rp2_common/hardware_irq/irq.c.obj
 *fill*         0x000000001000862e        0x2 
 .rodata.irq_add_tail_to_free_list.str1.4
                0x0000000010008630       0x32 CMakeFiles/rgb_led.dir/home/aleksandar/pico/pico-sdk/src/rp2_common/hardware_irq/irq.c.obj
                                         0x3a (size before relaxing)
 *fill*         0x0000000010008662        0x2 
 .rodata.__func__.4463
                0x0000000010008664       0x1a CMakeFiles/rgb_led.dir/home/aleksandar/pico/pico-sdk/src/rp2_common/hardware_irq/irq.c.obj
 *fill*         0x000000001000867e        0x2 
 .rodata.__func__.4477
                0x0000000010008680        0xc CMakeFiles/rgb_led.dir/home/aleksandar/pico/pico-sdk/src/rp2_common/hardware_irq/irq.c.obj
 .rodata.__func__.4485
                0x000000001000868c       0x17 CMakeFiles/rgb_led.dir/home/aleksandar/pico/pico-sdk/src/rp2_common/hardware_irq/irq.c.obj
 *fill*         0x00000000100086a3        0x1 
 .rodata.__func__.4489
                0x00000000100086a4        0xf CMakeFiles/rgb_led.dir/home/aleksandar/pico/pico-sdk/src/rp2_common/hardware_irq/irq.c.obj
 *fill*         0x00000000100086b3        0x1 
 .rodata.__func__.4525
                0x00000000100086b4       0x13 CMakeFiles/rgb_led.dir/home/aleksandar/pico/pico-sdk/src/rp2_common/hardware_irq/irq.c.obj
 *fill*         0x00000000100086c7        0x1 
 .rodata.__func__.4544
                0x00000000100086c8       0x1a CMakeFiles/rgb_led.dir/home/aleksandar/pico/pico-sdk/src/rp2_common/hardware_irq/irq.c.obj
 *fill*         0x00000000100086e2        0x2 
 .rodata._ftoa.str1.4
                0x00000000100086e4       0x15 CMakeFiles/rgb_led.dir/home/aleksandar/pico/pico-sdk/src/rp2_common/pico_printf/printf.c.obj
 *fill*         0x00000000100086f9        0x3 
 .rodata._vsnprintf
                0x00000000100086fc      0x1e0 CMakeFiles/rgb_led.dir/home/aleksandar/pico/pico-sdk/src/rp2_common/pico_printf/printf.c.obj
 *fill*         0x00000000100088dc        0x4 
 .rodata.pow10.5410
                0x00000000100088e0       0x50 CMakeFiles/rgb_led.dir/home/aleksandar/pico/pico-sdk/src/rp2_common/pico_printf/printf.c.obj
 .rodata.__aeabi_double_init.str1.4
                0x0000000010008930       0xac CMakeFiles/rgb_led.dir/home/aleksandar/pico/pico-sdk/src/rp2_common/pico_double/double_init_rom.c.obj
 .rodata.__func__.4654
                0x00000000100089dc       0x14 CMakeFiles/rgb_led.dir/home/aleksandar/pico/pico-sdk/src/rp2_common/pico_double/double_init_rom.c.obj
 .rodata.__aeabi_float_init.str1.4
                0x00000000100089f0       0x7e CMakeFiles/rgb_led.dir/home/aleksandar/pico/pico-sdk/src/rp2_common/pico_float/float_init_rom.c.obj
                                         0x82 (size before relaxing)
 *fill*         0x0000000010008a6e        0x2 
 .rodata.__func__.4656
                0x0000000010008a70       0x13 CMakeFiles/rgb_led.dir/home/aleksandar/pico/pico-sdk/src/rp2_common/pico_float/float_init_rom.c.obj
 *fill*         0x0000000010008a83        0x1 
 .rodata.str1.4
                0x0000000010008a84       0x30 CMakeFiles/rgb_led.dir/home/aleksandar/pico/pico-sdk/src/rp2_common/pico_standard_link/binary_info.c.obj
 .rodata.__bi_40
                0x0000000010008ab4        0xc CMakeFiles/rgb_led.dir/home/aleksandar/pico/pico-sdk/src/rp2_common/pico_standard_link/binary_info.c.obj
 .rodata.__bi_52
                0x0000000010008ac0        0xc CMakeFiles/rgb_led.dir/home/aleksandar/pico/pico-sdk/src/rp2_common/pico_standard_link/binary_info.c.obj
 .rodata.__bi_71
                0x0000000010008acc        0xc CMakeFiles/rgb_led.dir/home/aleksandar/pico/pico-sdk/src/rp2_common/pico_standard_link/binary_info.c.obj
 .rodata.crlf_str.5955
                0x0000000010008ad8        0x2 CMakeFiles/rgb_led.dir/home/aleksandar/pico/pico-sdk/src/rp2_common/pico_stdio/stdio.c.obj
 *fill*         0x0000000010008ada        0x2 
 .rodata.str1.4
                0x0000000010008adc       0x2c CMakeFiles/rgb_led.dir/home/aleksandar/pico/pico-sdk/src/rp2_common/pico_stdio_uart/stdio_uart.c.obj
 .rodata.__bi_27.4685
                0x0000000010008b08        0xc CMakeFiles/rgb_led.dir/home/aleksandar/pico/pico-sdk/src/rp2_common/pico_stdio_uart/stdio_uart.c.obj
 .rodata.__bi_28.4689
                0x0000000010008b14        0x8 CMakeFiles/rgb_led.dir/home/aleksandar/pico/pico-sdk/src/rp2_common/pico_stdio_uart/stdio_uart.c.obj
 .rodata.str1.4
                0x0000000010008b1c       0x13 CMakeFiles/rgb_led.dir/home/aleksandar/pico/pico-sdk/src/rp2_common/pico_stdio_usb/stdio_usb.c.obj
 *fill*         0x0000000010008b2f        0x1 
 .rodata.__bi_93.7011
                0x0000000010008b30        0xc CMakeFiles/rgb_led.dir/home/aleksandar/pico/pico-sdk/src/rp2_common/pico_stdio_usb/stdio_usb.c.obj
 .rodata.str1.4
                0x0000000010008b3c       0x32 CMakeFiles/rgb_led.dir/home/aleksandar/pico/pico-sdk/src/rp2_common/pico_stdio_usb/stdio_usb_descriptors.c.obj
 *fill*         0x0000000010008b6e        0x2 
 .rodata.usbd_desc_cfg
                0x0000000010008b70       0x4b CMakeFiles/rgb_led.dir/home/aleksandar/pico/pico-sdk/src/rp2_common/pico_stdio_usb/stdio_usb_descriptors.c.obj
 *fill*         0x0000000010008bbb        0x1 
 .rodata.usbd_desc_device
                0x0000000010008bbc       0x12 CMakeFiles/rgb_led.dir/home/aleksandar/pico/pico-sdk/src/rp2_common/pico_stdio_usb/stdio_usb_descriptors.c.obj
 *fill*         0x0000000010008bce        0x2 
 .rodata.usbd_desc_str
                0x0000000010008bd0       0x14 CMakeFiles/rgb_led.dir/home/aleksandar/pico/pico-sdk/src/rp2_common/pico_stdio_usb/stdio_usb_descriptors.c.obj
 .rodata._hw_endpoint_alloc.str1.4
                0x0000000010008be4       0xb9 CMakeFiles/rgb_led.dir/home/aleksandar/pico/pico-sdk/lib/tinyusb/src/portable/raspberrypi/rp2040/dcd_rp2040.c.obj
 *fill*         0x0000000010008c9d        0x3 
 .rodata._hw_endpoint_init.str1.4
                0x0000000010008ca0       0x28 CMakeFiles/rgb_led.dir/home/aleksandar/pico/pico-sdk/lib/tinyusb/src/portable/raspberrypi/rp2040/dcd_rp2040.c.obj
 .rodata.hw_handle_buff_status.str1.4
                0x0000000010008cc8        0xb CMakeFiles/rgb_led.dir/home/aleksandar/pico/pico-sdk/lib/tinyusb/src/portable/raspberrypi/rp2040/dcd_rp2040.c.obj
 *fill*         0x0000000010008cd3        0x1 
 .rodata.dcd_rp2040_irq.str1.4
                0x0000000010008cd4       0x14 CMakeFiles/rgb_led.dir/home/aleksandar/pico/pico-sdk/lib/tinyusb/src/portable/raspberrypi/rp2040/dcd_rp2040.c.obj
 .rodata._hw_endpoint_stall.str1.4
                0x0000000010008ce8        0xd CMakeFiles/rgb_led.dir/home/aleksandar/pico/pico-sdk/lib/tinyusb/src/portable/raspberrypi/rp2040/dcd_rp2040.c.obj
 *fill*         0x0000000010008cf5        0x3 
 .rodata.dcd_int_enable.str1.4
                0x0000000010008cf8        0xc CMakeFiles/rgb_led.dir/home/aleksandar/pico/pico-sdk/lib/tinyusb/src/portable/raspberrypi/rp2040/dcd_rp2040.c.obj
 .rodata.__func__.6742
                0x0000000010008d04       0x13 CMakeFiles/rgb_led.dir/home/aleksandar/pico/pico-sdk/lib/tinyusb/src/portable/raspberrypi/rp2040/dcd_rp2040.c.obj
 *fill*         0x0000000010008d17        0x1 
 .rodata.__func__.6773
                0x0000000010008d18       0x16 CMakeFiles/rgb_led.dir/home/aleksandar/pico/pico-sdk/lib/tinyusb/src/portable/raspberrypi/rp2040/dcd_rp2040.c.obj
 *fill*         0x0000000010008d2e        0x2 
 .rodata.__func__.6794
                0x0000000010008d30       0x13 CMakeFiles/rgb_led.dir/home/aleksandar/pico/pico-sdk/lib/tinyusb/src/portable/raspberrypi/rp2040/dcd_rp2040.c.obj
 *fill*         0x0000000010008d43        0x1 
 .rodata.__func__.6815
                0x0000000010008d44        0x9 CMakeFiles/rgb_led.dir/home/aleksandar/pico/pico-sdk/lib/tinyusb/src/portable/raspberrypi/rp2040/dcd_rp2040.c.obj
 *fill*         0x0000000010008d4d        0x3 
 .rodata.__func__.6819
                0x0000000010008d50        0xf CMakeFiles/rgb_led.dir/home/aleksandar/pico/pico-sdk/lib/tinyusb/src/portable/raspberrypi/rp2040/dcd_rp2040.c.obj
 *fill*         0x0000000010008d5f        0x1 
 .rodata.__func__.6828
                0x0000000010008d60       0x10 CMakeFiles/rgb_led.dir/home/aleksandar/pico/pico-sdk/lib/tinyusb/src/portable/raspberrypi/rp2040/dcd_rp2040.c.obj
 .rodata.__func__.6840
                0x0000000010008d70        0xc CMakeFiles/rgb_led.dir/home/aleksandar/pico/pico-sdk/lib/tinyusb/src/portable/raspberrypi/rp2040/dcd_rp2040.c.obj
 .rodata.__func__.6845
                0x0000000010008d7c       0x1a CMakeFiles/rgb_led.dir/home/aleksandar/pico/pico-sdk/lib/tinyusb/src/portable/raspberrypi/rp2040/dcd_rp2040.c.obj
 *fill*         0x0000000010008d96        0x2 
 .rodata.__func__.6850
                0x0000000010008d98        0xe CMakeFiles/rgb_led.dir/home/aleksandar/pico/pico-sdk/lib/tinyusb/src/portable/raspberrypi/rp2040/dcd_rp2040.c.obj
 *fill*         0x0000000010008da6        0x2 
 .rodata.__func__.6857
                0x0000000010008da8        0xe CMakeFiles/rgb_led.dir/home/aleksandar/pico/pico-sdk/lib/tinyusb/src/portable/raspberrypi/rp2040/dcd_rp2040.c.obj
 *fill*         0x0000000010008db6        0x2 
 .rodata.__func__.6862
                0x0000000010008db8        0xf CMakeFiles/rgb_led.dir/home/aleksandar/pico/pico-sdk/lib/tinyusb/src/portable/raspberrypi/rp2040/dcd_rp2040.c.obj
 *fill*         0x0000000010008dc7        0x1 
 .rodata.__func__.6867
                0x0000000010008dc8       0x15 CMakeFiles/rgb_led.dir/home/aleksandar/pico/pico-sdk/lib/tinyusb/src/portable/raspberrypi/rp2040/dcd_rp2040.c.obj
 *fill*         0x0000000010008ddd        0x3 
 .rodata._hw_endpoint_buffer_control_update32.str1.4
                0x0000000010008de0       0x1f CMakeFiles/rgb_led.dir/home/aleksandar/pico/pico-sdk/lib/tinyusb/src/portable/raspberrypi/rp2040/rp2040_usb.c.obj
 *fill*         0x0000000010008dff        0x1 
 .rodata._hw_endpoint_xfer_sync.str1.4
                0x0000000010008e00       0x95 CMakeFiles/rgb_led.dir/home/aleksandar/pico/pico-sdk/lib/tinyusb/src/portable/raspberrypi/rp2040/rp2040_usb.c.obj
 *fill*         0x0000000010008e95        0x3 
 .rodata._hw_endpoint_xfer_continue.str1.4
                0x0000000010008e98       0x50 CMakeFiles/rgb_led.dir/home/aleksandar/pico/pico-sdk/lib/tinyusb/src/portable/raspberrypi/rp2040/rp2040_usb.c.obj
 .rodata._hw_endpoint_xfer.str1.4
                0x0000000010008ee8        0xf CMakeFiles/rgb_led.dir/home/aleksandar/pico/pico-sdk/lib/tinyusb/src/portable/raspberrypi/rp2040/rp2040_usb.c.obj
 .rodata.str1.4
                0x0000000010008ef7        0xf CMakeFiles/rgb_led.dir/home/aleksandar/pico/pico-sdk/lib/tinyusb/src/portable/raspberrypi/rp2040/rp2040_usb.c.obj
                                          0x7 (size before relaxing)
 *fill*         0x0000000010008ef7        0x1 
 .rodata.__func__.6612
                0x0000000010008ef8       0x17 CMakeFiles/rgb_led.dir/home/aleksandar/pico/pico-sdk/lib/tinyusb/src/portable/raspberrypi/rp2040/rp2040_usb.c.obj
 *fill*         0x0000000010008f0f        0x1 
 .rodata.__func__.6623
                0x0000000010008f10       0x12 CMakeFiles/rgb_led.dir/home/aleksandar/pico/pico-sdk/lib/tinyusb/src/portable/raspberrypi/rp2040/rp2040_usb.c.obj
 *fill*         0x0000000010008f22        0x2 
 .rodata.process_set_config.str1.4
                0x0000000010008f24       0x17 CMakeFiles/rgb_led.dir/home/aleksandar/pico/pico-sdk/lib/tinyusb/src/device/usbd.c.obj
 *fill*         0x0000000010008f3b        0x1 
 .rodata.process_get_descriptor
                0x0000000010008f3c       0x40 CMakeFiles/rgb_led.dir/home/aleksandar/pico/pico-sdk/lib/tinyusb/src/device/usbd.c.obj
 .rodata.dcd_event_handler.str1.4
                0x0000000010008f7c       0x50 CMakeFiles/rgb_led.dir/home/aleksandar/pico/pico-sdk/lib/tinyusb/src/device/usbd.c.obj
 .rodata.process_control_request
                0x0000000010008fcc       0x28 CMakeFiles/rgb_led.dir/home/aleksandar/pico/pico-sdk/lib/tinyusb/src/device/usbd.c.obj
 .rodata.tud_task
                0x0000000010008ff4       0x24 CMakeFiles/rgb_led.dir/home/aleksandar/pico/pico-sdk/lib/tinyusb/src/device/usbd.c.obj
 .rodata.__func__.6356
                0x0000000010009018       0x13 CMakeFiles/rgb_led.dir/home/aleksandar/pico/pico-sdk/lib/tinyusb/src/device/usbd.c.obj
 *fill*         0x000000001000902b        0x1 
 .rodata.__func__.6363
                0x000000001000902c       0x10 CMakeFiles/rgb_led.dir/home/aleksandar/pico/pico-sdk/lib/tinyusb/src/device/usbd.c.obj
 .rodata.__func__.7134
                0x000000001000903c        0x9 CMakeFiles/rgb_led.dir/home/aleksandar/pico/pico-sdk/lib/tinyusb/src/device/usbd.c.obj
 *fill*         0x0000000010009045        0x3 
 .rodata.__func__.7155
                0x0000000010009048       0x18 CMakeFiles/rgb_led.dir/home/aleksandar/pico/pico-sdk/lib/tinyusb/src/device/usbd.c.obj
 .rodata.__func__.7194
                0x0000000010009060       0x13 CMakeFiles/rgb_led.dir/home/aleksandar/pico/pico-sdk/lib/tinyusb/src/device/usbd.c.obj
 *fill*         0x0000000010009073        0x1 
 .rodata.__func__.7237
                0x0000000010009074       0x17 CMakeFiles/rgb_led.dir/home/aleksandar/pico/pico-sdk/lib/tinyusb/src/device/usbd.c.obj
 *fill*         0x000000001000908b        0x1 
 .rodata.__func__.7291
                0x000000001000908c       0x14 CMakeFiles/rgb_led.dir/home/aleksandar/pico/pico-sdk/lib/tinyusb/src/device/usbd.c.obj
 .rodata.__func__.7327
                0x00000000100090a0        0xf CMakeFiles/rgb_led.dir/home/aleksandar/pico/pico-sdk/lib/tinyusb/src/device/usbd.c.obj
 *fill*         0x00000000100090af        0x1 
 .rodata._usbd_driver
                0x00000000100090b0       0x1c CMakeFiles/rgb_led.dir/home/aleksandar/pico/pico-sdk/lib/tinyusb/src/device/usbd.c.obj
 .rodata.tud_control_xfer.str1.4
                0x00000000100090cc       0x17 CMakeFiles/rgb_led.dir/home/aleksandar/pico/pico-sdk/lib/tinyusb/src/device/usbd_control.c.obj
 .rodata.__func__.7054
                0x00000000100090cc       0x11 CMakeFiles/rgb_led.dir/home/aleksandar/pico/pico-sdk/lib/tinyusb/src/device/usbd_control.c.obj
 *fill*         0x00000000100090dd        0x3 
 .rodata.__func__.7072
                0x00000000100090e0       0x15 CMakeFiles/rgb_led.dir/home/aleksandar/pico/pico-sdk/lib/tinyusb/src/device/usbd_control.c.obj
 .rodata.tud_cdc_n_write_flush.str1.4
                0x00000000100090f5       0x17 CMakeFiles/rgb_led.dir/home/aleksandar/pico/pico-sdk/lib/tinyusb/src/class/cdc/cdc_device.c.obj
 *fill*         0x00000000100090f5        0x3 
 .rodata.__func__.6996
                0x00000000100090f8       0x16 CMakeFiles/rgb_led.dir/home/aleksandar/pico/pico-sdk/lib/tinyusb/src/class/cdc/cdc_device.c.obj
 *fill*         0x000000001000910e        0x2 
 .rodata.__func__.7025
                0x0000000010009110        0xa CMakeFiles/rgb_led.dir/home/aleksandar/pico/pico-sdk/lib/tinyusb/src/class/cdc/cdc_device.c.obj
 *fill*         0x000000001000911a        0x2 
 .rodata.__func__.7065
                0x000000001000911c        0xd CMakeFiles/rgb_led.dir/home/aleksandar/pico/pico-sdk/lib/tinyusb/src/class/cdc/cdc_device.c.obj
 .rodata.tusb_init.str1.4
                0x0000000010009129       0x17 CMakeFiles/rgb_led.dir/home/aleksandar/pico/pico-sdk/lib/tinyusb/src/tusb.c.obj
 *fill*         0x0000000010009129        0x3 
 .rodata.__func__.6933
                0x000000001000912c        0xa CMakeFiles/rgb_led.dir/home/aleksandar/pico/pico-sdk/lib/tinyusb/src/tusb.c.obj
 *fill*         0x0000000010009136        0x2 
 .rodata._pio_find_offset_for_program.str1.4
                0x0000000010009138       0x87 CMakeFiles/rgb_led.dir/home/aleksandar/pico/pico-sdk/src/rp2_common/hardware_pio/pio.c.obj
                                         0xda (size before relaxing)
 *fill*         0x00000000100091bf        0x1 
 .rodata._pio_can_add_program_at_offset.str1.4
                0x00000000100091c0       0x52 CMakeFiles/rgb_led.dir/home/aleksandar/pico/pico-sdk/src/rp2_common/hardware_pio/pio.c.obj
 *fill*         0x0000000010009212        0x2 
 .rodata._pio_add_program_at_offset.str1.4
                0x0000000010009214       0x11 CMakeFiles/rgb_led.dir/home/aleksandar/pico/pico-sdk/src/rp2_common/hardware_pio/pio.c.obj
 *fill*         0x0000000010009225        0x3 
 .rodata.__func__.4793
                0x0000000010009228        0xe CMakeFiles/rgb_led.dir/home/aleksandar/pico/pico-sdk/src/rp2_common/hardware_pio/pio.c.obj
 *fill*         0x0000000010009236        0x2 
 .rodata.__func__.5060
                0x0000000010009238       0x1d CMakeFiles/rgb_led.dir/home/aleksandar/pico/pico-sdk/src/rp2_common/hardware_pio/pio.c.obj
 *fill*         0x0000000010009255        0x3 
 .rodata.__func__.5078
                0x0000000010009258       0x1f CMakeFiles/rgb_led.dir/home/aleksandar/pico/pico-sdk/src/rp2_common/hardware_pio/pio.c.obj
 *fill*         0x0000000010009277        0x1 
 .rodata        0x0000000010009278      0x101 /usr/lib/gcc/arm-none-eabi/9.2.1/../../../arm-none-eabi/lib/thumb/v6-m/nofp/libg.a(lib_a-ctype_.o)
                0x0000000010009278                _ctype_
                0x000000001000937c                . = ALIGN (0x4)
 *fill*         0x0000000010009379        0x3 
 *(SORT_BY_ALIGNMENT(SORT_BY_NAME(.flashdata*)))
                0x000000001000937c                . = ALIGN (0x4)

.rel.dyn        0x000000001000937c        0x0
 .rel.iplt      0x000000001000937c        0x0 /usr/lib/gcc/arm-none-eabi/9.2.1/thumb/v6-m/nofp/crtbegin.o

.ARM.extab
 *(.ARM.extab* .gnu.linkonce.armextab.*)
                0x000000001000937c                __exidx_start = .

.ARM.exidx
 *(.ARM.exidx* .gnu.linkonce.armexidx.*)
                0x000000001000937c                __exidx_end = .
                0x000000001000937c                . = ALIGN (0x4)
                0x000000001000937c                __binary_info_start = .

.binary_info    0x000000001000937c       0x28
 *(.binary_info.keep.*)
 .binary_info.keep.__bi_ptr18
                0x000000001000937c        0x4 CMakeFiles/rgb_led.dir/home/aleksandar/pico/pico-sdk/src/rp2_common/pico_standard_link/binary_info.c.obj
 .binary_info.keep.__bi_ptr26
                0x0000000010009380        0x4 CMakeFiles/rgb_led.dir/home/aleksandar/pico/pico-sdk/src/rp2_common/pico_standard_link/binary_info.c.obj
 .binary_info.keep.__bi_ptr34
                0x0000000010009384        0x4 CMakeFiles/rgb_led.dir/home/aleksandar/pico/pico-sdk/src/rp2_common/pico_standard_link/binary_info.c.obj
 .binary_info.keep.__bi_ptr40
                0x0000000010009388        0x4 CMakeFiles/rgb_led.dir/home/aleksandar/pico/pico-sdk/src/rp2_common/pico_standard_link/binary_info.c.obj
 .binary_info.keep.__bi_ptr46
                0x000000001000938c        0x4 CMakeFiles/rgb_led.dir/home/aleksandar/pico/pico-sdk/src/rp2_common/pico_standard_link/binary_info.c.obj
 .binary_info.keep.__bi_ptr52
                0x0000000010009390        0x4 CMakeFiles/rgb_led.dir/home/aleksandar/pico/pico-sdk/src/rp2_common/pico_standard_link/binary_info.c.obj
 .binary_info.keep.__bi_ptr71
                0x0000000010009394        0x4 CMakeFiles/rgb_led.dir/home/aleksandar/pico/pico-sdk/src/rp2_common/pico_standard_link/binary_info.c.obj
 *(.binary_info.*)
 .binary_info.__bi_ptr27
                0x0000000010009398        0x4 CMakeFiles/rgb_led.dir/home/aleksandar/pico/pico-sdk/src/rp2_common/pico_stdio_uart/stdio_uart.c.obj
 .binary_info.__bi_ptr28
                0x000000001000939c        0x4 CMakeFiles/rgb_led.dir/home/aleksandar/pico/pico-sdk/src/rp2_common/pico_stdio_uart/stdio_uart.c.obj
 .binary_info.__bi_ptr93
                0x00000000100093a0        0x4 CMakeFiles/rgb_led.dir/home/aleksandar/pico/pico-sdk/src/rp2_common/pico_stdio_usb/stdio_usb.c.obj
                0x00000000100093a4                __binary_info_end = .
                0x00000000100093a4                . = ALIGN (0x4)
                0x00000000100093a4                __etext = .

.ram_vector_table
                0x0000000020000000       0xc0
 *(.ram_vector_table)
 .ram_vector_table
                0x0000000020000000       0xc0 CMakeFiles/rgb_led.dir/home/aleksandar/pico/pico-sdk/src/rp2_common/pico_runtime/runtime.c.obj
                0x0000000020000000                ram_vector_table

.data           0x00000000200000c0      0xb0c load address 0x00000000100093a4
                0x00000000200000c0                __data_start__ = .
 *(vtable)
 *(.time_critical*)
 .time_critical.mutex_enter_blocking
                0x00000000200000c0       0x64 CMakeFiles/rgb_led.dir/home/aleksandar/pico/pico-sdk/src/common/pico_sync/mutex.c.obj
                0x00000000200000c0                mutex_enter_blocking
 .time_critical.mutex_try_enter